Copyright 1986-2021 Xilinx, Inc. All Rights Reserved.
-------------------------------------------------------------------------------------------
| Tool Version : Vivado v.2021.1 (win64) Build 3247384 Thu Jun 10 19:36:33 MDT 2021
| Date         : Sat Apr 18 17:15:30 2026
| Host         : DESKTOP-IO47298 running 64-bit major release  (build 9200)
| Command      : report_timing_summary -file C:/project/FPGA/uart_impl_timing_afterfix.rpt
| Design       : fpga_top_arty_a7_uart
| Device       : 7a100t-csg324
| Speed File   : -1  PRODUCTION 1.23 2018-06-13
-------------------------------------------------------------------------------------------

Timing Summary Report

------------------------------------------------------------------------------------------------
| Timer Settings
| --------------
------------------------------------------------------------------------------------------------

  Enable Multi Corner Analysis               :  Yes
  Enable Pessimism Removal                   :  Yes
  Pessimism Removal Resolution               :  Nearest Common Node
  Enable Input Delay Default Clock           :  No
  Enable Preset / Clear Arcs                 :  No
  Disable Flight Delays                      :  No
  Ignore I/O Paths                           :  No
  Timing Early Launch at Borrowing Latches   :  No
  Borrow Time for Max Delay Exceptions       :  Yes
  Merge Timing Exceptions                    :  Yes

  Corner  Analyze    Analyze    
  Name    Max Paths  Min Paths  
  ------  ---------  ---------  
  Slow    Yes        Yes        
  Fast    Yes        Yes        


------------------------------------------------------------------------------------------------
| Report Methodology
| ------------------
------------------------------------------------------------------------------------------------

No report available as report_methodology has not been run prior. Run report_methodology on the current design for the summary of methodology violations.



check_timing report

Table of Contents
-----------------
1. checking no_clock (0)
2. checking constant_clock (0)
3. checking pulse_width_clock (0)
4. checking unconstrained_internal_endpoints (0)
5. checking no_input_delay (2)
6. checking no_output_delay (5)
7. checking multiple_clock (0)
8. checking generated_clocks (0)
9. checking loops (0)
10. checking partial_input_delay (0)
11. checking partial_output_delay (0)
12. checking latch_loops (0)

1. checking no_clock (0)
------------------------
 There are 0 register/latch pins with no clock.


2. checking constant_clock (0)
------------------------------
 There are 0 register/latch pins with constant_clock.


3. checking pulse_width_clock (0)
---------------------------------
 There are 0 register/latch pins which need pulse_width check


4. checking unconstrained_internal_endpoints (0)
------------------------------------------------
 There are 0 pins that are not constrained for maximum delay.

 There are 0 pins that are not constrained for maximum delay due to constant clock.


5. checking no_input_delay (2)
------------------------------
 There are 2 input ports with no input delay specified. (HIGH)

 There are 0 input ports with no input delay but user has a false path constraint.


6. checking no_output_delay (5)
-------------------------------
 There are 5 ports with no output delay specified. (HIGH)

 There are 0 ports with no output delay but user has a false path constraint

 There are 0 ports with no output delay but with a timing clock defined on it or propagating through it


7. checking multiple_clock (0)
------------------------------
 There are 0 register/latch pins with multiple clocks.


8. checking generated_clocks (0)
--------------------------------
 There are 0 generated clocks that are not connected to a clock source.


9. checking loops (0)
---------------------
 There are 0 combinational loops in the design.


10. checking partial_input_delay (0)
------------------------------------
 There are 0 input ports with partial input delay specified.


11. checking partial_output_delay (0)
-------------------------------------
 There are 0 ports with partial output delay specified.


12. checking latch_loops (0)
----------------------------
 There are 0 combinational latch loops in the design through latch input



------------------------------------------------------------------------------------------------
| Design Timing Summary
| ---------------------
------------------------------------------------------------------------------------------------

    WNS(ns)      TNS(ns)  TNS Failing Endpoints  TNS Total Endpoints      WHS(ns)      THS(ns)  THS Failing Endpoints  THS Total Endpoints     WPWS(ns)     TPWS(ns)  TPWS Failing Endpoints  TPWS Total Endpoints  
    -------      -------  ---------------------  -------------------      -------      -------  ---------------------  -------------------     --------     --------  ----------------------  --------------------  
      7.376        0.000                      0                49259        0.018        0.000                      0                49259        4.500        0.000                       0                 22094  


All user specified timing constraints are met.


------------------------------------------------------------------------------------------------
| Clock Summary
| -------------
------------------------------------------------------------------------------------------------

Clock        Waveform(ns)       Period(ns)      Frequency(MHz)
-----        ------------       ----------      --------------
core_clk     {0.000 20.000}     40.000          25.000          
sys_clk_pin  {0.000 5.000}      10.000          100.000         


------------------------------------------------------------------------------------------------
| Intra Clock Table
| -----------------
------------------------------------------------------------------------------------------------

Clock             WNS(ns)      TNS(ns)  TNS Failing Endpoints  TNS Total Endpoints      WHS(ns)      THS(ns)  THS Failing Endpoints  THS Total Endpoints     WPWS(ns)     TPWS(ns)  TPWS Failing Endpoints  TPWS Total Endpoints  
-----             -------      -------  ---------------------  -------------------      -------      -------  ---------------------  -------------------     --------     --------  ----------------------  --------------------  
core_clk           16.365        0.000                      0                49231        0.018        0.000                      0                49231       19.500        0.000                       0                 22065  
sys_clk_pin         7.376        0.000                      0                   28        0.093        0.000                      0                   28        4.500        0.000                       0                    29  


------------------------------------------------------------------------------------------------
| Inter Clock Table
| -----------------
------------------------------------------------------------------------------------------------

From Clock    To Clock          WNS(ns)      TNS(ns)  TNS Failing Endpoints  TNS Total Endpoints      WHS(ns)      THS(ns)  THS Failing Endpoints  THS Total Endpoints  
----------    --------          -------      -------  ---------------------  -------------------      -------      -------  ---------------------  -------------------  


------------------------------------------------------------------------------------------------
| Other Path Groups Table
| -----------------------
------------------------------------------------------------------------------------------------

Path Group    From Clock    To Clock          WNS(ns)      TNS(ns)  TNS Failing Endpoints  TNS Total Endpoints      WHS(ns)      THS(ns)  THS Failing Endpoints  THS Total Endpoints  
----------    ----------    --------          -------      -------  ---------------------  -------------------      -------      -------  ---------------------  -------------------  


------------------------------------------------------------------------------------------------
| Timing Details
| --------------
------------------------------------------------------------------------------------------------


---------------------------------------------------------------------------------------------------
From Clock:  core_clk
  To Clock:  core_clk

Setup :            0  Failing Endpoints,  Worst Slack       16.365ns,  Total Violation        0.000ns
Hold  :            0  Failing Endpoints,  Worst Slack        0.018ns,  Total Violation        0.000ns
PW    :            0  Failing Endpoints,  Worst Slack       19.500ns,  Total Violation        0.000ns
---------------------------------------------------------------------------------------------------


Max Delay Paths
--------------------------------------------------------------------------------------
Slack (MET) :             16.365ns  (required time - arrival time)
  Source:                 u_core/ghash_src_len_bits_reg[1]/C
                            (rising edge-triggered cell FDRE clocked by core_clk  {rise@0.000ns fall@20.000ns period=40.000ns})
  Destination:            u_core/ghash_block_reg[70]/D
                            (rising edge-triggered cell FDRE clocked by core_clk  {rise@0.000ns fall@20.000ns period=40.000ns})
  Path Group:             core_clk
  Path Type:              Setup (Max at Slow Process Corner)
  Requirement:            40.000ns  (core_clk rise@40.000ns - core_clk rise@0.000ns)
  Data Path Delay:        23.565ns  (logic 5.287ns (22.435%)  route 18.278ns (77.565%))
  Logic Levels:           20  (CARRY4=4 LUT2=3 LUT4=4 LUT5=1 LUT6=8)
  Clock Path Skew:        -0.115ns (DCD - SCD + CPR)
    Destination Clock Delay (DCD):    1.665ns = ( 41.665 - 40.000 ) 
    Source Clock Delay      (SCD):    1.796ns
    Clock Pessimism Removal (CPR):    0.016ns
  Clock Uncertainty:      0.035ns  ((TSJ^2 + TIJ^2)^1/2 + DJ) / 2 + PE
    Total System Jitter     (TSJ):    0.071ns
    Total Input Jitter      (TIJ):    0.000ns
    Discrete Jitter          (DJ):    0.000ns
    Phase Error              (PE):    0.000ns

    Location             Delay type                Incr(ns)  Path(ns)    Netlist Resource(s)
  -------------------------------------------------------------------    -------------------
                         (clock core_clk rise edge)
                                                      0.000     0.000 r  
    BUFGCTRL_X0Y0        BUFG                         0.000     0.000 r  u_core_clk_buf/O
                         net (fo=22065, routed)       1.796     1.796    u_core/core_clk
    SLICE_X48Y32         FDRE                                         r  u_core/ghash_src_len_bits_reg[1]/C
  -------------------------------------------------------------------    -------------------
    SLICE_X48Y32         FDRE (Prop_fdre_C_Q)         0.456     2.252 r  u_core/ghash_src_len_bits_reg[1]/Q
                         net (fo=8, routed)           1.164     3.416    u_core/ghash_src_len_bits_reg_n_0_[1]
    SLICE_X55Y32         LUT5 (Prop_lut5_I4_O)        0.152     3.568 r  u_core/ghash_block[127]_i_58/O
                         net (fo=14, routed)          0.615     4.183    u_core/ghash_block[127]_i_58_n_0
    SLICE_X53Y30         LUT6 (Prop_lut6_I2_O)        0.332     4.515 r  u_core/ghash_block[31]_i_24/O
                         net (fo=6, routed)           0.479     4.994    u_core/ghash_block[31]_i_24_n_0
    SLICE_X54Y31         LUT2 (Prop_lut2_I0_O)        0.124     5.118 r  u_core/ghash_block[31]_i_25/O
                         net (fo=3, routed)           0.845     5.962    u_core/ghash_block[31]_i_25_n_0
    SLICE_X52Y30         LUT2 (Prop_lut2_I0_O)        0.152     6.114 r  u_core/ghash_block[31]_i_11/O
                         net (fo=1, routed)           0.000     6.114    u_core/ghash_block[31]_i_11_n_0
    SLICE_X52Y30         CARRY4 (Prop_carry4_DI[0]_CO[2])
                                                      0.501     6.615 r  u_core/ghash_block_reg[31]_i_7/CO[2]
                         net (fo=45, routed)          0.856     7.471    u_core/ghash_block_reg[31]_i_7_n_1
    SLICE_X55Y32         LUT6 (Prop_lut6_I1_O)        0.313     7.784 r  u_core/ghash_block[31]_i_14/O
                         net (fo=1, routed)           0.624     8.408    u_core/ghash_block[31]_i_14_n_0
    SLICE_X57Y30         CARRY4 (Prop_carry4_CYINIT_CO[3])
                                                      0.580     8.988 f  u_core/ghash_block_reg[31]_i_8/CO[3]
                         net (fo=36, routed)          1.206    10.194    u_core/ghash_block_reg[31]_i_8_n_0
    SLICE_X55Y30         LUT4 (Prop_lut4_I1_O)        0.149    10.343 r  u_core/ghash_block[127]_i_110/O
                         net (fo=2, routed)           0.517    10.860    u_core/ghash_block[127]_i_110_n_0
    SLICE_X56Y30         LUT6 (Prop_lut6_I0_O)        0.332    11.192 r  u_core/ghash_block[127]_i_114/O
                         net (fo=1, routed)           0.000    11.192    u_core/ghash_block[127]_i_114_n_0
    SLICE_X56Y30         CARRY4 (Prop_carry4_S[1]_CO[3])
                                                      0.533    11.725 r  u_core/ghash_block_reg[127]_i_55/CO[3]
                         net (fo=1, routed)           0.000    11.725    u_core/ghash_block_reg[127]_i_55_n_0
    SLICE_X56Y31         CARRY4 (Prop_carry4_CI_CO[3])
                                                      0.117    11.842 r  u_core/ghash_block_reg[127]_i_47/CO[3]
                         net (fo=14, routed)          1.351    13.193    u_core/ghash_block_reg[127]_i_47_n_0
    SLICE_X50Y41         LUT2 (Prop_lut2_I1_O)        0.117    13.310 r  u_core/ghash_block[127]_i_91/O
                         net (fo=100, routed)         3.447    16.757    u_core/ghash_block[127]_i_91_n_0
    SLICE_X3Y61          LUT6 (Prop_lut6_I2_O)        0.331    17.088 r  u_core/ghash_block[126]_i_53/O
                         net (fo=4, routed)           2.349    19.438    u_core/ghash_block[126]_i_53_n_0
    SLICE_X43Y50         LUT6 (Prop_lut6_I1_O)        0.124    19.562 r  u_core/ghash_block[86]_i_6/O
                         net (fo=4, routed)           1.099    20.661    u_core/ghash_block[86]_i_6_n_0
    SLICE_X54Y52         LUT6 (Prop_lut6_I1_O)        0.124    20.785 r  u_core/ghash_block[70]_i_5/O
                         net (fo=2, routed)           0.755    21.540    u_core/ghash_block[70]_i_5_n_0
    SLICE_X56Y50         LUT4 (Prop_lut4_I2_O)        0.124    21.664 r  u_core/ghash_block[62]_i_2/O
                         net (fo=5, routed)           0.783    22.447    u_core/ghash_block[62]_i_2_n_0
    SLICE_X58Y49         LUT4 (Prop_lut4_I1_O)        0.150    22.597 r  u_core/ghash_block[70]_i_6/O
                         net (fo=1, routed)           0.436    23.033    u_core/ghash_block[70]_i_6_n_0
    SLICE_X58Y48         LUT6 (Prop_lut6_I5_O)        0.328    23.361 r  u_core/ghash_block[70]_i_4/O
                         net (fo=2, routed)           0.741    24.101    u_core/ghash_block[70]_i_4_n_0
    SLICE_X58Y44         LUT4 (Prop_lut4_I2_O)        0.124    24.225 f  u_core/ghash_block[70]_i_2/O
                         net (fo=1, routed)           1.013    25.238    u_core/u_aad_ct_in/ghash_block_reg[70]
    SLICE_X56Y40         LUT6 (Prop_lut6_I2_O)        0.124    25.362 r  u_core/u_aad_ct_in/ghash_block[70]_i_1/O
                         net (fo=1, routed)           0.000    25.362    u_core/ghash_block[70]
    SLICE_X56Y40         FDRE                                         r  u_core/ghash_block_reg[70]/D
  -------------------------------------------------------------------    -------------------

                         (clock core_clk rise edge)
                                                     40.000    40.000 r  
    BUFGCTRL_X0Y0        BUFG                         0.000    40.000 r  u_core_clk_buf/O
                         net (fo=22065, routed)       1.665    41.665    u_core/core_clk
    SLICE_X56Y40         FDRE                                         r  u_core/ghash_block_reg[70]/C
                         clock pessimism              0.016    41.681    
                         clock uncertainty           -0.035    41.646    
    SLICE_X56Y40         FDRE (Setup_fdre_C_D)        0.081    41.727    u_core/ghash_block_reg[70]
  -------------------------------------------------------------------
                         required time                         41.727    
                         arrival time                         -25.362    
  -------------------------------------------------------------------
                         slack                                 16.365    





Min Delay Paths
--------------------------------------------------------------------------------------
Slack (MET) :             0.018ns  (arrival time - required time)
  Source:                 u_core/u_data_ctr/g0/g3/data_out_reg[85]/C
                            (rising edge-triggered cell FDRE clocked by core_clk  {rise@0.000ns fall@20.000ns period=40.000ns})
  Destination:            u_core/u_data_ctr/g0/m_col_i_reg[85]/D
                            (rising edge-triggered cell FDRE clocked by core_clk  {rise@0.000ns fall@20.000ns period=40.000ns})
  Path Group:             core_clk
  Path Type:              Hold (Min at Fast Process Corner)
  Requirement:            0.000ns  (core_clk rise@0.000ns - core_clk rise@0.000ns)
  Data Path Delay:        0.352ns  (logic 0.141ns (40.026%)  route 0.211ns (59.974%))
  Logic Levels:           0  
  Clock Path Skew:        0.264ns (DCD - SCD - CPR)
    Destination Clock Delay (DCD):    0.831ns
    Source Clock Delay      (SCD):    0.562ns
    Clock Pessimism Removal (CPR):    0.005ns

    Location             Delay type                Incr(ns)  Path(ns)    Netlist Resource(s)
  -------------------------------------------------------------------    -------------------
                         (clock core_clk rise edge)
                                                      0.000     0.000 r  
    BUFGCTRL_X0Y0        BUFG                         0.000     0.000 r  u_core_clk_buf/O
                         net (fo=22065, routed)       0.562     0.562    u_core/u_data_ctr/g0/g3/core_clk
    SLICE_X51Y58         FDRE                                         r  u_core/u_data_ctr/g0/g3/data_out_reg[85]/C
  -------------------------------------------------------------------    -------------------
    SLICE_X51Y58         FDRE (Prop_fdre_C_Q)         0.141     0.703 r  u_core/u_data_ctr/g0/g3/data_out_reg[85]/Q
                         net (fo=2, routed)           0.211     0.914    u_core/u_data_ctr/g0/g3_n_47
    SLICE_X55Y57         FDRE                                         r  u_core/u_data_ctr/g0/m_col_i_reg[85]/D
  -------------------------------------------------------------------    -------------------

                         (clock core_clk rise edge)
                                                      0.000     0.000 r  
    BUFGCTRL_X0Y0        BUFG                         0.000     0.000 r  u_core_clk_buf/O
                         net (fo=22065, routed)       0.831     0.831    u_core/u_data_ctr/g0/core_clk
    SLICE_X55Y57         FDRE                                         r  u_core/u_data_ctr/g0/m_col_i_reg[85]/C
                         clock pessimism             -0.005     0.826    
    SLICE_X55Y57         FDRE (Hold_fdre_C_D)         0.070     0.896    u_core/u_data_ctr/g0/m_col_i_reg[85]
  -------------------------------------------------------------------
                         required time                         -0.896    
                         arrival time                           0.914    
  -------------------------------------------------------------------
                         slack                                  0.018    





Pulse Width Checks
--------------------------------------------------------------------------------------
Clock Name:         core_clk
Waveform(ns):       { 0.000 20.000 }
Period(ns):         40.000
Sources:            { u_core_clk_buf/O }

Check Type        Corner  Lib Pin             Reference Pin  Required(ns)  Actual(ns)  Slack(ns)  Location      Pin
Min Period        n/a     RAMB18E1/CLKARDCLK  n/a            2.576         40.000      37.424     RAMB18_X0Y17  u_core/u_data_ctr/g0/i_/CLKARDCLK
Low Pulse Width   Slow    FDRE/C              n/a            0.500         20.000      19.500     SLICE_X34Y86  aad_cfg_reg[0]/C
High Pulse Width  Slow    FDRE/C              n/a            0.500         20.000      19.500     SLICE_X34Y86  aad_cfg_reg[0]/C



---------------------------------------------------------------------------------------------------
From Clock:  sys_clk_pin
  To Clock:  sys_clk_pin

Setup :            0  Failing Endpoints,  Worst Slack        7.376ns,  Total Violation        0.000ns
Hold  :            0  Failing Endpoints,  Worst Slack        0.093ns,  Total Violation        0.000ns
PW    :            0  Failing Endpoints,  Worst Slack        4.500ns,  Total Violation        0.000ns
---------------------------------------------------------------------------------------------------


Max Delay Paths
--------------------------------------------------------------------------------------
Slack (MET) :             7.376ns  (required time - arrival time)
  Source:                 alive_div_reg[1]/C
                            (rising edge-triggered cell FDRE clocked by sys_clk_pin  {rise@0.000ns fall@5.000ns period=10.000ns})
  Destination:            alive_div_reg[25]/D
                            (rising edge-triggered cell FDRE clocked by sys_clk_pin  {rise@0.000ns fall@5.000ns period=10.000ns})
  Path Group:             sys_clk_pin
  Path Type:              Setup (Max at Slow Process Corner)
  Requirement:            10.000ns  (sys_clk_pin rise@10.000ns - sys_clk_pin rise@0.000ns)
  Data Path Delay:        2.515ns  (logic 2.034ns (80.869%)  route 0.481ns (19.131%))
  Logic Levels:           7  (CARRY4=7)
  Clock Path Skew:        -0.136ns (DCD - SCD + CPR)
    Destination Clock Delay (DCD):    5.019ns = ( 15.019 - 10.000 ) 
    Source Clock Delay      (SCD):    5.335ns
    Clock Pessimism Removal (CPR):    0.180ns
  Clock Uncertainty:      0.035ns  ((TSJ^2 + TIJ^2)^1/2 + DJ) / 2 + PE
    Total System Jitter     (TSJ):    0.071ns
    Total Input Jitter      (TIJ):    0.000ns
    Discrete Jitter          (DJ):    0.000ns
    Phase Error              (PE):    0.000ns

    Location             Delay type                Incr(ns)  Path(ns)    Netlist Resource(s)
  -------------------------------------------------------------------    -------------------
                         (clock sys_clk_pin rise edge)
                                                      0.000     0.000 r  
    E3                                                0.000     0.000 r  clk (IN)
                         net (fo=0)                   0.000     0.000    clk
    E3                   IBUF (Prop_ibuf_I_O)         1.482     1.482 r  clk_IBUF_inst/O
                         net (fo=1, routed)           2.025     3.506    clk_IBUF
    BUFGCTRL_X0Y16       BUFG (Prop_bufg_I_O)         0.096     3.602 r  clk_IBUF_BUFG_inst/O
                         net (fo=28, routed)          1.732     5.335    clk_IBUF_BUFG
    SLICE_X89Y95         FDRE                                         r  alive_div_reg[1]/C
  -------------------------------------------------------------------    -------------------
    SLICE_X89Y95         FDRE (Prop_fdre_C_Q)         0.456     5.791 r  alive_div_reg[1]/Q
                         net (fo=1, routed)           0.480     6.271    alive_div_reg_n_0_[1]
    SLICE_X89Y95         CARRY4 (Prop_carry4_S[1]_CO[3])
                                                      0.674     6.945 r  alive_div_reg[0]_i_1/CO[3]
                         net (fo=1, routed)           0.000     6.945    alive_div_reg[0]_i_1_n_0
    SLICE_X89Y96         CARRY4 (Prop_carry4_CI_CO[3])
                                                      0.114     7.059 r  alive_div_reg[4]_i_1/CO[3]
                         net (fo=1, routed)           0.000     7.059    alive_div_reg[4]_i_1_n_0
    SLICE_X89Y97         CARRY4 (Prop_carry4_CI_CO[3])
                                                      0.114     7.173 r  alive_div_reg[8]_i_1/CO[3]
                         net (fo=1, routed)           0.000     7.173    alive_div_reg[8]_i_1_n_0
    SLICE_X89Y98         CARRY4 (Prop_carry4_CI_CO[3])
                                                      0.114     7.287 r  alive_div_reg[12]_i_1/CO[3]
                         net (fo=1, routed)           0.000     7.287    alive_div_reg[12]_i_1_n_0
    SLICE_X89Y99         CARRY4 (Prop_carry4_CI_CO[3])
                                                      0.114     7.401 r  alive_div_reg[16]_i_1/CO[3]
                         net (fo=1, routed)           0.001     7.402    alive_div_reg[16]_i_1_n_0
    SLICE_X89Y100        CARRY4 (Prop_carry4_CI_CO[3])
                                                      0.114     7.516 r  alive_div_reg[20]_i_1/CO[3]
                         net (fo=1, routed)           0.000     7.516    alive_div_reg[20]_i_1_n_0
    SLICE_X89Y101        CARRY4 (Prop_carry4_CI_O[1])
                                                      0.334     7.850 r  alive_div_reg[24]_i_1/O[1]
                         net (fo=1, routed)           0.000     7.850    alive_div_reg[24]_i_1_n_6
    SLICE_X89Y101        FDRE                                         r  alive_div_reg[25]/D
  -------------------------------------------------------------------    -------------------

                         (clock sys_clk_pin rise edge)
                                                     10.000    10.000 r  
    E3                                                0.000    10.000 r  clk (IN)
                         net (fo=0)                   0.000    10.000    clk
    E3                   IBUF (Prop_ibuf_I_O)         1.411    11.411 r  clk_IBUF_inst/O
                         net (fo=1, routed)           1.920    13.331    clk_IBUF
    BUFGCTRL_X0Y16       BUFG (Prop_bufg_I_O)         0.091    13.422 r  clk_IBUF_BUFG_inst/O
                         net (fo=28, routed)          1.597    15.019    clk_IBUF_BUFG
    SLICE_X89Y101        FDRE                                         r  alive_div_reg[25]/C
                         clock pessimism              0.180    15.199    
                         clock uncertainty           -0.035    15.164    
    SLICE_X89Y101        FDRE (Setup_fdre_C_D)        0.062    15.226    alive_div_reg[25]
  -------------------------------------------------------------------
                         required time                         15.226    
                         arrival time                          -7.850    
  -------------------------------------------------------------------
                         slack                                  7.376    





Min Delay Paths
--------------------------------------------------------------------------------------
Slack (MET) :             0.093ns  (arrival time - required time)
  Source:                 alive_div_reg[19]/C
                            (rising edge-triggered cell FDRE clocked by sys_clk_pin  {rise@0.000ns fall@5.000ns period=10.000ns})
  Destination:            alive_div_reg[20]/D
                            (rising edge-triggered cell FDRE clocked by sys_clk_pin  {rise@0.000ns fall@5.000ns period=10.000ns})
  Path Group:             sys_clk_pin
  Path Type:              Hold (Min at Fast Process Corner)
  Requirement:            0.000ns  (sys_clk_pin rise@0.000ns - sys_clk_pin rise@0.000ns)
  Data Path Delay:        0.464ns  (logic 0.355ns (76.531%)  route 0.109ns (23.469%))
  Logic Levels:           2  (CARRY4=2)
  Clock Path Skew:        0.266ns (DCD - SCD - CPR)
    Destination Clock Delay (DCD):    2.039ns
    Source Clock Delay      (SCD):    1.527ns
    Clock Pessimism Removal (CPR):    0.245ns

    Location             Delay type                Incr(ns)  Path(ns)    Netlist Resource(s)
  -------------------------------------------------------------------    -------------------
                         (clock sys_clk_pin rise edge)
                                                      0.000     0.000 r  
    E3                                                0.000     0.000 r  clk (IN)
                         net (fo=0)                   0.000     0.000    clk
    E3                   IBUF (Prop_ibuf_I_O)         0.250     0.250 r  clk_IBUF_inst/O
                         net (fo=1, routed)           0.644     0.894    clk_IBUF
    BUFGCTRL_X0Y16       BUFG (Prop_bufg_I_O)         0.026     0.920 r  clk_IBUF_BUFG_inst/O
                         net (fo=28, routed)          0.608     1.527    clk_IBUF_BUFG
    SLICE_X89Y99         FDRE                                         r  alive_div_reg[19]/C
  -------------------------------------------------------------------    -------------------
    SLICE_X89Y99         FDRE (Prop_fdre_C_Q)         0.141     1.668 r  alive_div_reg[19]/Q
                         net (fo=1, routed)           0.108     1.777    alive_div_reg_n_0_[19]
    SLICE_X89Y99         CARRY4 (Prop_carry4_S[3]_CO[3])
                                                      0.160     1.937 r  alive_div_reg[16]_i_1/CO[3]
                         net (fo=1, routed)           0.001     1.937    alive_div_reg[16]_i_1_n_0
    SLICE_X89Y100        CARRY4 (Prop_carry4_CI_O[0])
                                                      0.054     1.991 r  alive_div_reg[20]_i_1/O[0]
                         net (fo=1, routed)           0.000     1.991    alive_div_reg[20]_i_1_n_7
    SLICE_X89Y100        FDRE                                         r  alive_div_reg[20]/D
  -------------------------------------------------------------------    -------------------

                         (clock sys_clk_pin rise edge)
                                                      0.000     0.000 r  
    E3                                                0.000     0.000 r  clk (IN)
                         net (fo=0)                   0.000     0.000    clk
    E3                   IBUF (Prop_ibuf_I_O)         0.438     0.438 r  clk_IBUF_inst/O
                         net (fo=1, routed)           0.699     1.136    clk_IBUF
    BUFGCTRL_X0Y16       BUFG (Prop_bufg_I_O)         0.029     1.165 r  clk_IBUF_BUFG_inst/O
                         net (fo=28, routed)          0.873     2.039    clk_IBUF_BUFG
    SLICE_X89Y100        FDRE                                         r  alive_div_reg[20]/C
                         clock pessimism             -0.245     1.793    
    SLICE_X89Y100        FDRE (Hold_fdre_C_D)         0.105     1.898    alive_div_reg[20]
  -------------------------------------------------------------------
                         required time                         -1.898    
                         arrival time                           1.991    
  -------------------------------------------------------------------
                         slack                                  0.093    





Pulse Width Checks
--------------------------------------------------------------------------------------
Clock Name:         sys_clk_pin
Waveform(ns):       { 0.000 5.000 }
Period(ns):         10.000
Sources:            { clk }

Check Type        Corner  Lib Pin  Reference Pin  Required(ns)  Actual(ns)  Slack(ns)  Location        Pin
Min Period        n/a     BUFG/I   n/a            2.155         10.000      7.845      BUFGCTRL_X0Y16  clk_IBUF_BUFG_inst/I
Low Pulse Width   Slow    FDRE/C   n/a            0.500         5.000       4.500      SLICE_X89Y95    alive_div_reg[0]/C
High Pulse Width  Slow    FDRE/C   n/a            0.500         5.000       4.500      SLICE_X89Y95    alive_div_reg[0]/C



