Copyright 1986-2021 Xilinx, Inc. All Rights Reserved.
------------------------------------------------------------------------------------
| Tool Version : Vivado v.2021.1 (win64) Build 3247384 Thu Jun 10 19:36:33 MDT 2021
| Date         : Fri Apr 17 21:18:07 2026
| Host         : DESKTOP-IO47298 running 64-bit major release  (build 9200)
| Command      : report_timing_summary -file C:/project/FPGA/uarttx_impl_timing.rpt
| Design       : fpga_top_arty_a7_uarttx
| Device       : 7a100t-csg324
| Speed File   : -1  PRODUCTION 1.23 2018-06-13
------------------------------------------------------------------------------------

Timing Summary Report

------------------------------------------------------------------------------------------------
| Timer Settings
| --------------
------------------------------------------------------------------------------------------------

  Enable Multi Corner Analysis               :  Yes
  Enable Pessimism Removal                   :  Yes
  Pessimism Removal Resolution               :  Nearest Common Node
  Enable Input Delay Default Clock           :  No
  Enable Preset / Clear Arcs                 :  No
  Disable Flight Delays                      :  No
  Ignore I/O Paths                           :  No
  Timing Early Launch at Borrowing Latches   :  No
  Borrow Time for Max Delay Exceptions       :  Yes
  Merge Timing Exceptions                    :  Yes

  Corner  Analyze    Analyze    
  Name    Max Paths  Min Paths  
  ------  ---------  ---------  
  Slow    Yes        Yes        
  Fast    Yes        Yes        


------------------------------------------------------------------------------------------------
| Report Methodology
| ------------------
------------------------------------------------------------------------------------------------

No report available as report_methodology has not been run prior. Run report_methodology on the current design for the summary of methodology violations.



check_timing report

Table of Contents
-----------------
1. checking no_clock (0)
2. checking constant_clock (0)
3. checking pulse_width_clock (0)
4. checking unconstrained_internal_endpoints (0)
5. checking no_input_delay (1)
6. checking no_output_delay (5)
7. checking multiple_clock (0)
8. checking generated_clocks (0)
9. checking loops (0)
10. checking partial_input_delay (0)
11. checking partial_output_delay (0)
12. checking latch_loops (0)

1. checking no_clock (0)
------------------------
 There are 0 register/latch pins with no clock.


2. checking constant_clock (0)
------------------------------
 There are 0 register/latch pins with constant_clock.


3. checking pulse_width_clock (0)
---------------------------------
 There are 0 register/latch pins which need pulse_width check


4. checking unconstrained_internal_endpoints (0)
------------------------------------------------
 There are 0 pins that are not constrained for maximum delay.

 There are 0 pins that are not constrained for maximum delay due to constant clock.


5. checking no_input_delay (1)
------------------------------
 There is 1 input port with no input delay specified. (HIGH)

 There are 0 input ports with no input delay but user has a false path constraint.


6. checking no_output_delay (5)
-------------------------------
 There are 5 ports with no output delay specified. (HIGH)

 There are 0 ports with no output delay but user has a false path constraint

 There are 0 ports with no output delay but with a timing clock defined on it or propagating through it


7. checking multiple_clock (0)
------------------------------
 There are 0 register/latch pins with multiple clocks.


8. checking generated_clocks (0)
--------------------------------
 There are 0 generated clocks that are not connected to a clock source.


9. checking loops (0)
---------------------
 There are 0 combinational loops in the design.


10. checking partial_input_delay (0)
------------------------------------
 There are 0 input ports with partial input delay specified.


11. checking partial_output_delay (0)
-------------------------------------
 There are 0 ports with partial output delay specified.


12. checking latch_loops (0)
----------------------------
 There are 0 combinational latch loops in the design through latch input



------------------------------------------------------------------------------------------------
| Design Timing Summary
| ---------------------
------------------------------------------------------------------------------------------------

    WNS(ns)      TNS(ns)  TNS Failing Endpoints  TNS Total Endpoints      WHS(ns)      THS(ns)  THS Failing Endpoints  THS Total Endpoints     WPWS(ns)     TPWS(ns)  TPWS Failing Endpoints  TPWS Total Endpoints  
    -------      -------  ---------------------  -------------------      -------      -------  ---------------------  -------------------     --------     --------  ----------------------  --------------------  
      7.489        0.000                      0                30204        0.020        0.000                      0                30204        4.500        0.000                       0                 13011  


All user specified timing constraints are met.


------------------------------------------------------------------------------------------------
| Clock Summary
| -------------
------------------------------------------------------------------------------------------------

Clock        Waveform(ns)       Period(ns)      Frequency(MHz)
-----        ------------       ----------      --------------
core_clk     {0.000 20.000}     40.000          25.000          
sys_clk_pin  {0.000 5.000}      10.000          100.000         


------------------------------------------------------------------------------------------------
| Intra Clock Table
| -----------------
------------------------------------------------------------------------------------------------

Clock             WNS(ns)      TNS(ns)  TNS Failing Endpoints  TNS Total Endpoints      WHS(ns)      THS(ns)  THS Failing Endpoints  THS Total Endpoints     WPWS(ns)     TPWS(ns)  TPWS Failing Endpoints  TPWS Total Endpoints  
-----             -------      -------  ---------------------  -------------------      -------      -------  ---------------------  -------------------     --------     --------  ----------------------  --------------------  
core_clk           20.451        0.000                      0                30176        0.020        0.000                      0                30176       19.500        0.000                       0                 12982  
sys_clk_pin         7.489        0.000                      0                   28        0.252        0.000                      0                   28        4.500        0.000                       0                    29  


------------------------------------------------------------------------------------------------
| Inter Clock Table
| -----------------
------------------------------------------------------------------------------------------------

From Clock    To Clock          WNS(ns)      TNS(ns)  TNS Failing Endpoints  TNS Total Endpoints      WHS(ns)      THS(ns)  THS Failing Endpoints  THS Total Endpoints  
----------    --------          -------      -------  ---------------------  -------------------      -------      -------  ---------------------  -------------------  


------------------------------------------------------------------------------------------------
| Other Path Groups Table
| -----------------------
------------------------------------------------------------------------------------------------

Path Group    From Clock    To Clock          WNS(ns)      TNS(ns)  TNS Failing Endpoints  TNS Total Endpoints      WHS(ns)      THS(ns)  THS Failing Endpoints  THS Total Endpoints  
----------    ----------    --------          -------      -------  ---------------------  -------------------      -------      -------  ---------------------  -------------------  


------------------------------------------------------------------------------------------------
| Timing Details
| --------------
------------------------------------------------------------------------------------------------


---------------------------------------------------------------------------------------------------
From Clock:  core_clk
  To Clock:  core_clk

Setup :            0  Failing Endpoints,  Worst Slack       20.451ns,  Total Violation        0.000ns
Hold  :            0  Failing Endpoints,  Worst Slack        0.020ns,  Total Violation        0.000ns
PW    :            0  Failing Endpoints,  Worst Slack       19.500ns,  Total Violation        0.000ns
---------------------------------------------------------------------------------------------------


Max Delay Paths
--------------------------------------------------------------------------------------
Slack (MET) :             20.451ns  (required time - arrival time)
  Source:                 u_core/pc_out_len_bits_reg[7]/C
                            (rising edge-triggered cell FDRE clocked by core_clk  {rise@0.000ns fall@20.000ns period=40.000ns})
  Destination:            u_core/pc_out_buf_reg[780]/D
                            (rising edge-triggered cell FDRE clocked by core_clk  {rise@0.000ns fall@20.000ns period=40.000ns})
  Path Group:             core_clk
  Path Type:              Setup (Max at Slow Process Corner)
  Requirement:            40.000ns  (core_clk rise@40.000ns - core_clk rise@0.000ns)
  Data Path Delay:        19.504ns  (logic 5.584ns (28.630%)  route 13.920ns (71.370%))
  Logic Levels:           20  (CARRY4=10 LUT2=1 LUT3=3 LUT4=1 LUT5=2 LUT6=3)
  Clock Path Skew:        -0.041ns (DCD - SCD + CPR)
    Destination Clock Delay (DCD):    1.668ns = ( 41.668 - 40.000 ) 
    Source Clock Delay      (SCD):    1.797ns
    Clock Pessimism Removal (CPR):    0.088ns
  Clock Uncertainty:      0.035ns  ((TSJ^2 + TIJ^2)^1/2 + DJ) / 2 + PE
    Total System Jitter     (TSJ):    0.071ns
    Total Input Jitter      (TIJ):    0.000ns
    Discrete Jitter          (DJ):    0.000ns
    Phase Error              (PE):    0.000ns

    Location             Delay type                Incr(ns)  Path(ns)    Netlist Resource(s)
  -------------------------------------------------------------------    -------------------
                         (clock core_clk rise edge)
                                                      0.000     0.000 r  
    BUFGCTRL_X0Y0        BUFG                         0.000     0.000 r  u_core_clk_buf/O
                         net (fo=12982, routed)       1.797     1.797    u_core/core_clk
    SLICE_X45Y31         FDRE                                         r  u_core/pc_out_len_bits_reg[7]/C
  -------------------------------------------------------------------    -------------------
    SLICE_X45Y31         FDRE (Prop_fdre_C_Q)         0.456     2.253 r  u_core/pc_out_len_bits_reg[7]/Q
                         net (fo=17, routed)          1.781     4.034    u_core/p_3_out[4]
    SLICE_X50Y9          LUT4 (Prop_lut4_I1_O)        0.124     4.158 r  u_core/pc_out_buf[1023]_i_143/O
                         net (fo=1, routed)           0.000     4.158    u_core/pc_out_buf[1023]_i_143_n_0
    SLICE_X50Y9          CARRY4 (Prop_carry4_S[1]_CO[3])
                                                      0.533     4.691 r  u_core/pc_out_buf_reg[1023]_i_66/CO[3]
                         net (fo=1, routed)           0.000     4.691    u_core/pc_out_buf_reg[1023]_i_66_n_0
    SLICE_X50Y10         CARRY4 (Prop_carry4_CI_CO[2])
                                                      0.229     4.920 r  u_core/pc_out_buf_reg[1023]_i_67/CO[2]
                         net (fo=45, routed)          0.623     5.543    u_core/pc_out_buf_reg[1023]_i_67_n_1
    SLICE_X51Y10         LUT3 (Prop_lut3_I1_O)        0.310     5.853 r  u_core/pc_out_buf[1023]_i_137/O
                         net (fo=1, routed)           0.000     5.853    u_core/pc_out_buf[1023]_i_137_n_0
    SLICE_X51Y10         CARRY4 (Prop_carry4_S[1]_CO[3])
                                                      0.550     6.403 r  u_core/pc_out_buf_reg[1023]_i_65/CO[3]
                         net (fo=37, routed)          1.165     7.569    u_core/block_bytes1
    SLICE_X48Y6          LUT3 (Prop_lut3_I2_O)        0.149     7.718 r  u_core/pc_out_buf[1023]_i_58/O
                         net (fo=3, routed)           0.682     8.400    u_core/pc_out_buf[167]_i_8_n_0
    SLICE_X48Y5          CARRY4 (Prop_carry4_S[3]_CO[3])
                                                      0.733     9.133 r  u_core/pc_out_buf_reg[167]_i_7/CO[3]
                         net (fo=1, routed)           0.000     9.133    u_core/pc_out_buf_reg[167]_i_7_n_0
    SLICE_X48Y6          CARRY4 (Prop_carry4_CI_CO[3])
                                                      0.114     9.247 r  u_core/pc_out_buf_reg[271]_i_29/CO[3]
                         net (fo=1, routed)           0.000     9.247    u_core/pc_out_buf_reg[271]_i_29_n_0
    SLICE_X48Y7          CARRY4 (Prop_carry4_CI_CO[3])
                                                      0.114     9.361 r  u_core/pc_out_buf_reg[15]_i_14/CO[3]
                         net (fo=1, routed)           0.000     9.361    u_core/pc_out_buf_reg[15]_i_14_n_0
    SLICE_X48Y8          CARRY4 (Prop_carry4_CI_CO[3])
                                                      0.114     9.475 r  u_core/pc_out_buf_reg[15]_i_13/CO[3]
                         net (fo=1, routed)           0.000     9.475    u_core/pc_out_buf_reg[15]_i_13_n_0
    SLICE_X48Y9          CARRY4 (Prop_carry4_CI_CO[3])
                                                      0.114     9.589 r  u_core/pc_out_buf_reg[15]_i_16/CO[3]
                         net (fo=1, routed)           0.000     9.589    u_core/pc_out_buf_reg[15]_i_16_n_0
    SLICE_X48Y10         CARRY4 (Prop_carry4_CI_CO[3])
                                                      0.114     9.703 r  u_core/pc_out_buf_reg[15]_i_15/CO[3]
                         net (fo=1, routed)           0.000     9.703    u_core/pc_out_buf_reg[15]_i_15_n_0
    SLICE_X48Y11         CARRY4 (Prop_carry4_CI_O[0])
                                                      0.222     9.925 r  u_core/pc_out_buf_reg[15]_i_12/O[0]
                         net (fo=1, routed)           0.860    10.785    u_core/pc_out_buf5[26]
    SLICE_X49Y11         LUT6 (Prop_lut6_I3_O)        0.299    11.084 r  u_core/pc_out_buf[15]_i_6/O
                         net (fo=2, routed)           1.293    12.377    u_core/pc_out_buf[15]_i_6_n_0
    SLICE_X47Y8          LUT5 (Prop_lut5_I0_O)        0.149    12.526 f  u_core/pc_out_buf[55]_i_7/O
                         net (fo=23, routed)          3.478    16.004    u_core/pc_out_buf[55]_i_7_n_0
    SLICE_X5Y2           LUT3 (Prop_lut3_I1_O)        0.360    16.364 f  u_core/pc_out_buf[903]_i_10/O
                         net (fo=1, routed)           0.645    17.009    u_core/pc_out_buf[903]_i_10_n_0
    SLICE_X5Y3           LUT6 (Prop_lut6_I0_O)        0.332    17.341 f  u_core/pc_out_buf[903]_i_8/O
                         net (fo=4, routed)           0.899    18.240    u_core/pc_out_buf[903]_i_8_n_0
    SLICE_X15Y5          LUT5 (Prop_lut5_I4_O)        0.124    18.364 f  u_core/pc_out_buf[807]_i_4/O
                         net (fo=1, routed)           1.129    19.493    u_core/pc_out_buf[807]_i_4_n_0
    SLICE_X31Y5          LUT2 (Prop_lut2_I0_O)        0.118    19.611 f  u_core/pc_out_buf[783]_i_5/O
                         net (fo=8, routed)           1.364    20.975    u_core/u_data_ctr/pc_out_buf_reg[783]_0
    SLICE_X40Y21         LUT6 (Prop_lut6_I4_O)        0.326    21.301 r  u_core/u_data_ctr/pc_out_buf[780]_i_1/O
                         net (fo=1, routed)           0.000    21.301    u_core/pc_out_buf[780]
    SLICE_X40Y21         FDRE                                         r  u_core/pc_out_buf_reg[780]/D
  -------------------------------------------------------------------    -------------------

                         (clock core_clk rise edge)
                                                     40.000    40.000 r  
    BUFGCTRL_X0Y0        BUFG                         0.000    40.000 r  u_core_clk_buf/O
                         net (fo=12982, routed)       1.668    41.668    u_core/core_clk
    SLICE_X40Y21         FDRE                                         r  u_core/pc_out_buf_reg[780]/C
                         clock pessimism              0.088    41.756    
                         clock uncertainty           -0.035    41.721    
    SLICE_X40Y21         FDRE (Setup_fdre_C_D)        0.031    41.752    u_core/pc_out_buf_reg[780]
  -------------------------------------------------------------------
                         required time                         41.752    
                         arrival time                         -21.301    
  -------------------------------------------------------------------
                         slack                                 20.451    





Min Delay Paths
--------------------------------------------------------------------------------------
Slack (MET) :             0.020ns  (arrival time - required time)
  Source:                 u_core/u_hcalc/wordout_r_reg[34]/C
                            (rising edge-triggered cell FDRE clocked by core_clk  {rise@0.000ns fall@20.000ns period=40.000ns})
  Destination:            u_core/ghash_h_reg[34]/D
                            (rising edge-triggered cell FDRE clocked by core_clk  {rise@0.000ns fall@20.000ns period=40.000ns})
  Path Group:             core_clk
  Path Type:              Hold (Min at Fast Process Corner)
  Requirement:            0.000ns  (core_clk rise@0.000ns - core_clk rise@0.000ns)
  Data Path Delay:        0.295ns  (logic 0.128ns (43.389%)  route 0.167ns (56.611%))
  Logic Levels:           0  
  Clock Path Skew:        0.266ns (DCD - SCD - CPR)
    Destination Clock Delay (DCD):    0.901ns
    Source Clock Delay      (SCD):    0.626ns
    Clock Pessimism Removal (CPR):    0.008ns

    Location             Delay type                Incr(ns)  Path(ns)    Netlist Resource(s)
  -------------------------------------------------------------------    -------------------
                         (clock core_clk rise edge)
                                                      0.000     0.000 r  
    BUFGCTRL_X0Y0        BUFG                         0.000     0.000 r  u_core_clk_buf/O
                         net (fo=12982, routed)       0.626     0.626    u_core/u_hcalc/core_clk
    SLICE_X55Y39         FDRE                                         r  u_core/u_hcalc/wordout_r_reg[34]/C
  -------------------------------------------------------------------    -------------------
    SLICE_X55Y39         FDRE (Prop_fdre_C_Q)         0.128     0.754 r  u_core/u_hcalc/wordout_r_reg[34]/Q
                         net (fo=1, routed)           0.167     0.921    u_core/hcalc_wordout[34]
    SLICE_X50Y38         FDRE                                         r  u_core/ghash_h_reg[34]/D
  -------------------------------------------------------------------    -------------------

                         (clock core_clk rise edge)
                                                      0.000     0.000 r  
    BUFGCTRL_X0Y0        BUFG                         0.000     0.000 r  u_core_clk_buf/O
                         net (fo=12982, routed)       0.901     0.901    u_core/core_clk
    SLICE_X50Y38         FDRE                                         r  u_core/ghash_h_reg[34]/C
                         clock pessimism             -0.008     0.892    
    SLICE_X50Y38         FDRE (Hold_fdre_C_D)         0.009     0.901    u_core/ghash_h_reg[34]
  -------------------------------------------------------------------
                         required time                         -0.901    
                         arrival time                           0.921    
  -------------------------------------------------------------------
                         slack                                  0.020    





Pulse Width Checks
--------------------------------------------------------------------------------------
Clock Name:         core_clk
Waveform(ns):       { 0.000 20.000 }
Period(ns):         40.000
Sources:            { u_core_clk_buf/O }

Check Type        Corner  Lib Pin             Reference Pin  Required(ns)  Actual(ns)  Slack(ns)  Location      Pin
Min Period        n/a     RAMB18E1/CLKARDCLK  n/a            2.576         40.000      37.424     RAMB18_X2Y5   u_core/u_data_ctr/g0/i_/CLKARDCLK
Low Pulse Width   Slow    FDRE/C              n/a            0.500         20.000      19.500     SLICE_X52Y35  FSM_sequential_send_state_reg[0]/C
High Pulse Width  Slow    FDRE/C              n/a            0.500         20.000      19.500     SLICE_X52Y35  FSM_sequential_send_state_reg[0]/C



---------------------------------------------------------------------------------------------------
From Clock:  sys_clk_pin
  To Clock:  sys_clk_pin

Setup :            0  Failing Endpoints,  Worst Slack        7.489ns,  Total Violation        0.000ns
Hold  :            0  Failing Endpoints,  Worst Slack        0.252ns,  Total Violation        0.000ns
PW    :            0  Failing Endpoints,  Worst Slack        4.500ns,  Total Violation        0.000ns
---------------------------------------------------------------------------------------------------


Max Delay Paths
--------------------------------------------------------------------------------------
Slack (MET) :             7.489ns  (required time - arrival time)
  Source:                 alive_div_reg[1]/C
                            (rising edge-triggered cell FDRE clocked by sys_clk_pin  {rise@0.000ns fall@5.000ns period=10.000ns})
  Destination:            alive_div_reg[25]/D
                            (rising edge-triggered cell FDRE clocked by sys_clk_pin  {rise@0.000ns fall@5.000ns period=10.000ns})
  Path Group:             sys_clk_pin
  Path Type:              Setup (Max at Slow Process Corner)
  Requirement:            10.000ns  (sys_clk_pin rise@10.000ns - sys_clk_pin rise@0.000ns)
  Data Path Delay:        2.514ns  (logic 2.034ns (80.891%)  route 0.480ns (19.109%))
  Logic Levels:           7  (CARRY4=7)
  Clock Path Skew:        -0.023ns (DCD - SCD + CPR)
    Destination Clock Delay (DCD):    5.035ns = ( 15.035 - 10.000 ) 
    Source Clock Delay      (SCD):    5.333ns
    Clock Pessimism Removal (CPR):    0.275ns
  Clock Uncertainty:      0.035ns  ((TSJ^2 + TIJ^2)^1/2 + DJ) / 2 + PE
    Total System Jitter     (TSJ):    0.071ns
    Total Input Jitter      (TIJ):    0.000ns
    Discrete Jitter          (DJ):    0.000ns
    Phase Error              (PE):    0.000ns

    Location             Delay type                Incr(ns)  Path(ns)    Netlist Resource(s)
  -------------------------------------------------------------------    -------------------
                         (clock sys_clk_pin rise edge)
                                                      0.000     0.000 r  
    E3                                                0.000     0.000 r  clk (IN)
                         net (fo=0)                   0.000     0.000    clk
    E3                   IBUF (Prop_ibuf_I_O)         1.482     1.482 r  clk_IBUF_inst/O
                         net (fo=1, routed)           2.025     3.506    clk_IBUF
    BUFGCTRL_X0Y16       BUFG (Prop_bufg_I_O)         0.096     3.602 r  clk_IBUF_BUFG_inst/O
                         net (fo=28, routed)          1.730     5.333    clk_IBUF_BUFG
    SLICE_X89Y90         FDRE                                         r  alive_div_reg[1]/C
  -------------------------------------------------------------------    -------------------
    SLICE_X89Y90         FDRE (Prop_fdre_C_Q)         0.456     5.789 r  alive_div_reg[1]/Q
                         net (fo=1, routed)           0.480     6.269    alive_div_reg_n_0_[1]
    SLICE_X89Y90         CARRY4 (Prop_carry4_S[1]_CO[3])
                                                      0.674     6.943 r  alive_div_reg[0]_i_1/CO[3]
                         net (fo=1, routed)           0.000     6.943    alive_div_reg[0]_i_1_n_0
    SLICE_X89Y91         CARRY4 (Prop_carry4_CI_CO[3])
                                                      0.114     7.057 r  alive_div_reg[4]_i_1/CO[3]
                         net (fo=1, routed)           0.000     7.057    alive_div_reg[4]_i_1_n_0
    SLICE_X89Y92         CARRY4 (Prop_carry4_CI_CO[3])
                                                      0.114     7.171 r  alive_div_reg[8]_i_1/CO[3]
                         net (fo=1, routed)           0.000     7.171    alive_div_reg[8]_i_1_n_0
    SLICE_X89Y93         CARRY4 (Prop_carry4_CI_CO[3])
                                                      0.114     7.285 r  alive_div_reg[12]_i_1/CO[3]
                         net (fo=1, routed)           0.000     7.285    alive_div_reg[12]_i_1_n_0
    SLICE_X89Y94         CARRY4 (Prop_carry4_CI_CO[3])
                                                      0.114     7.399 r  alive_div_reg[16]_i_1/CO[3]
                         net (fo=1, routed)           0.000     7.399    alive_div_reg[16]_i_1_n_0
    SLICE_X89Y95         CARRY4 (Prop_carry4_CI_CO[3])
                                                      0.114     7.513 r  alive_div_reg[20]_i_1/CO[3]
                         net (fo=1, routed)           0.000     7.513    alive_div_reg[20]_i_1_n_0
    SLICE_X89Y96         CARRY4 (Prop_carry4_CI_O[1])
                                                      0.334     7.847 r  alive_div_reg[24]_i_1/O[1]
                         net (fo=1, routed)           0.000     7.847    alive_div_reg[24]_i_1_n_6
    SLICE_X89Y96         FDRE                                         r  alive_div_reg[25]/D
  -------------------------------------------------------------------    -------------------

                         (clock sys_clk_pin rise edge)
                                                     10.000    10.000 r  
    E3                                                0.000    10.000 r  clk (IN)
                         net (fo=0)                   0.000    10.000    clk
    E3                   IBUF (Prop_ibuf_I_O)         1.411    11.411 r  clk_IBUF_inst/O
                         net (fo=1, routed)           1.920    13.331    clk_IBUF
    BUFGCTRL_X0Y16       BUFG (Prop_bufg_I_O)         0.091    13.422 r  clk_IBUF_BUFG_inst/O
                         net (fo=28, routed)          1.612    15.035    clk_IBUF_BUFG
    SLICE_X89Y96         FDRE                                         r  alive_div_reg[25]/C
                         clock pessimism              0.275    15.310    
                         clock uncertainty           -0.035    15.274    
    SLICE_X89Y96         FDRE (Setup_fdre_C_D)        0.062    15.336    alive_div_reg[25]
  -------------------------------------------------------------------
                         required time                         15.336    
                         arrival time                          -7.847    
  -------------------------------------------------------------------
                         slack                                  7.489    





Min Delay Paths
--------------------------------------------------------------------------------------
Slack (MET) :             0.252ns  (arrival time - required time)
  Source:                 alive_div_reg[11]/C
                            (rising edge-triggered cell FDRE clocked by sys_clk_pin  {rise@0.000ns fall@5.000ns period=10.000ns})
  Destination:            alive_div_reg[11]/D
                            (rising edge-triggered cell FDRE clocked by sys_clk_pin  {rise@0.000ns fall@5.000ns period=10.000ns})
  Path Group:             sys_clk_pin
  Path Type:              Hold (Min at Fast Process Corner)
  Requirement:            0.000ns  (sys_clk_pin rise@0.000ns - sys_clk_pin rise@0.000ns)
  Data Path Delay:        0.357ns  (logic 0.249ns (69.714%)  route 0.108ns (30.286%))
  Logic Levels:           1  (CARRY4=1)
  Clock Path Skew:        0.000ns (DCD - SCD - CPR)
    Destination Clock Delay (DCD):    2.043ns
    Source Clock Delay      (SCD):    1.525ns
    Clock Pessimism Removal (CPR):    0.517ns

    Location             Delay type                Incr(ns)  Path(ns)    Netlist Resource(s)
  -------------------------------------------------------------------    -------------------
                         (clock sys_clk_pin rise edge)
                                                      0.000     0.000 r  
    E3                                                0.000     0.000 r  clk (IN)
                         net (fo=0)                   0.000     0.000    clk
    E3                   IBUF (Prop_ibuf_I_O)         0.250     0.250 r  clk_IBUF_inst/O
                         net (fo=1, routed)           0.644     0.894    clk_IBUF
    BUFGCTRL_X0Y16       BUFG (Prop_bufg_I_O)         0.026     0.920 r  clk_IBUF_BUFG_inst/O
                         net (fo=28, routed)          0.606     1.525    clk_IBUF_BUFG
    SLICE_X89Y92         FDRE                                         r  alive_div_reg[11]/C
  -------------------------------------------------------------------    -------------------
    SLICE_X89Y92         FDRE (Prop_fdre_C_Q)         0.141     1.666 r  alive_div_reg[11]/Q
                         net (fo=1, routed)           0.108     1.775    alive_div_reg_n_0_[11]
    SLICE_X89Y92         CARRY4 (Prop_carry4_S[3]_O[3])
                                                      0.108     1.883 r  alive_div_reg[8]_i_1/O[3]
                         net (fo=1, routed)           0.000     1.883    alive_div_reg[8]_i_1_n_4
    SLICE_X89Y92         FDRE                                         r  alive_div_reg[11]/D
  -------------------------------------------------------------------    -------------------

                         (clock sys_clk_pin rise edge)
                                                      0.000     0.000 r  
    E3                                                0.000     0.000 r  clk (IN)
                         net (fo=0)                   0.000     0.000    clk
    E3                   IBUF (Prop_ibuf_I_O)         0.438     0.438 r  clk_IBUF_inst/O
                         net (fo=1, routed)           0.699     1.136    clk_IBUF
    BUFGCTRL_X0Y16       BUFG (Prop_bufg_I_O)         0.029     1.165 r  clk_IBUF_BUFG_inst/O
                         net (fo=28, routed)          0.878     2.043    clk_IBUF_BUFG
    SLICE_X89Y92         FDRE                                         r  alive_div_reg[11]/C
                         clock pessimism             -0.517     1.525    
    SLICE_X89Y92         FDRE (Hold_fdre_C_D)         0.105     1.630    alive_div_reg[11]
  -------------------------------------------------------------------
                         required time                         -1.630    
                         arrival time                           1.883    
  -------------------------------------------------------------------
                         slack                                  0.252    





Pulse Width Checks
--------------------------------------------------------------------------------------
Clock Name:         sys_clk_pin
Waveform(ns):       { 0.000 5.000 }
Period(ns):         10.000
Sources:            { clk }

Check Type        Corner  Lib Pin  Reference Pin  Required(ns)  Actual(ns)  Slack(ns)  Location        Pin
Min Period        n/a     BUFG/I   n/a            2.155         10.000      7.845      BUFGCTRL_X0Y16  clk_IBUF_BUFG_inst/I
Low Pulse Width   Slow    FDRE/C   n/a            0.500         5.000       4.500      SLICE_X89Y90    alive_div_reg[0]/C
High Pulse Width  Slow    FDRE/C   n/a            0.500         5.000       4.500      SLICE_X89Y90    alive_div_reg[0]/C



