#-----------------------------------------------------------
# Vivado v2021.1 (64-bit)
# SW Build 3247384 on Thu Jun 10 19:36:33 MDT 2021
# IP Build 3246043 on Fri Jun 11 00:30:35 MDT 2021
# Start of session at: Sat Aug 15 10:13:35 2026
# Process ID: 964
# Current directory: C:/project/FPGA2
# Command line: vivado.exe -mode gui -source C:\project\FPGA2\.Xil\generate_visuals_gui.tcl -log C:\project\FPGA2\.Xil\vivado_visuals_gui.log -journal C:\project\FPGA2\.Xil\vivado_visuals_gui.jou
# Log file: C:/project/FPGA2/.Xil/vivado_visuals_gui.log
# Journal file: C:\project\FPGA2\.Xil\vivado_visuals_gui.jou
#-----------------------------------------------------------
start_gui
source {C:\project\FPGA2\.Xil\generate_visuals_gui.tcl}
# set root_dir "C:/project/FPGA2"
# set package_dir "$root_dir/artifacts/\u5de5\u7a0b\u5831\u544a(engineering_reports)/\u51cd\u7d50UART(frozen_uart)"
# set checkpoint "$package_dir/\u6aa2\u67e5\u9ede(checkpoint)/fpga_top_arty_a7_uart_routed.dcp"
# set staging_dir "$root_dir/.Xil/frozen_uart_visuals"
# file mkdir $staging_dir
# set part_name "xc7a100tcsg324-1"
# set top_name "fpga_top_arty_a7_uart"
# set rtl_files [list \
#     "$root_dir/rtl/aes_core/addr.v" \
#     "$root_dir/rtl/aes_core/AES_e.v" \
#     "$root_dir/rtl/aes_core/KeyGeneration.v" \
#     "$root_dir/rtl/aes_core/m_col.v" \
#     "$root_dir/rtl/aes_core/sbox.v" \
#     "$root_dir/rtl/aes_core/s_box.v" \
#     "$root_dir/rtl/aes_core/s_row.v" \
#     "$root_dir/rtl/ctr/aes_ctr_wrapper.v" \
#     "$root_dir/rtl/AAD_CT_IN.v" \
#     "$root_dir/rtl/GHASH.v" \
#     "$root_dir/rtl/IV_IN.v" \
#     "$root_dir/rtl/top.v" \
#     "$root_dir/rtl/uart_rx.v" \
#     "$root_dir/rtl/uart_tx.v" \
#     "$root_dir/rtl/fpga_top_arty_a7_uart.v" \
# ]
# proc require_objects {objects label} {
#     if {[llength $objects] == 0} {
#         error "No objects found for $label"
#     }
#     return $objects
# }
# create_project -in_memory -part $part_name
INFO: [IP_Flow 19-234] Refreshing IP repositories
INFO: [IP_Flow 19-1704] No user IP repositories specified
INFO: [IP_Flow 19-2313] Loaded Vivado IP repository 'C:/Xilinx/Vivado/2021.1/data/ip'.
# read_verilog $rtl_files
# synth_design -rtl -name rtl_visuals -top $top_name -part $part_name
Command: synth_design -rtl -name rtl_visuals -top fpga_top_arty_a7_uart -part xc7a100tcsg324-1
Starting synth_design
INFO: [Device 21-403] Loading part xc7a100tcsg324-1
---------------------------------------------------------------------------------
Starting RTL Elaboration : Time (s): cpu = 00:00:04 ; elapsed = 00:00:04 . Memory (MB): peak = 1456.895 ; gain = 0.000
---------------------------------------------------------------------------------
INFO: [Synth 8-6157] synthesizing module 'fpga_top_arty_a7_uart' [C:/project/FPGA2/rtl/fpga_top_arty_a7_uart.v:3]
INFO: [Synth 8-6157] synthesizing module 'MMCME2_BASE' [C:/Xilinx/Vivado/2021.1/scripts/rt/data/unisim_comp.v:60083]
	Parameter BANDWIDTH bound to: OPTIMIZED - type: string 
	Parameter CLKFBOUT_MULT_F bound to: 10.000000 - type: double 
	Parameter CLKFBOUT_PHASE bound to: 0.000000 - type: double 
	Parameter CLKIN1_PERIOD bound to: 10.000000 - type: double 
	Parameter CLKOUT0_DIVIDE_F bound to: 40.000000 - type: double 
	Parameter CLKOUT0_DUTY_CYCLE bound to: 0.500000 - type: double 
	Parameter CLKOUT0_PHASE bound to: 0.000000 - type: double 
	Parameter CLKOUT1_DIVIDE bound to: 1 - type: integer 
	Parameter CLKOUT2_DIVIDE bound to: 1 - type: integer 
	Parameter CLKOUT3_DIVIDE bound to: 1 - type: integer 
	Parameter CLKOUT4_DIVIDE bound to: 1 - type: integer 
	Parameter CLKOUT5_DIVIDE bound to: 1 - type: integer 
	Parameter CLKOUT6_DIVIDE bound to: 1 - type: integer 
	Parameter DIVCLK_DIVIDE bound to: 1 - type: integer 
	Parameter REF_JITTER1 bound to: 0.010000 - type: double 
	Parameter STARTUP_WAIT bound to: FALSE - type: string 
INFO: [Synth 8-6155] done synthesizing module 'MMCME2_BASE' (1#1) [C:/Xilinx/Vivado/2021.1/scripts/rt/data/unisim_comp.v:60083]
WARNING: [Synth 8-7071] port 'CLKFBOUTB' of module 'MMCME2_BASE' is unconnected for instance 'u_mmcm' [C:/project/FPGA2/rtl/fpga_top_arty_a7_uart.v:194]
WARNING: [Synth 8-7023] instance 'u_mmcm' of module 'MMCME2_BASE' has 18 connections declared, but only 17 given [C:/project/FPGA2/rtl/fpga_top_arty_a7_uart.v:194]
INFO: [Synth 8-6157] synthesizing module 'BUFG' [C:/Xilinx/Vivado/2021.1/scripts/rt/data/unisim_comp.v:1083]
INFO: [Synth 8-6155] done synthesizing module 'BUFG' (2#1) [C:/Xilinx/Vivado/2021.1/scripts/rt/data/unisim_comp.v:1083]
INFO: [Synth 8-6157] synthesizing module 'top' [C:/project/FPGA2/rtl/top.v:3]
INFO: [Synth 8-6157] synthesizing module 'IV_IN' [C:/project/FPGA2/rtl/IV_IN.v:3]
INFO: [Synth 8-6155] done synthesizing module 'IV_IN' (3#1) [C:/project/FPGA2/rtl/IV_IN.v:3]
INFO: [Synth 8-6157] synthesizing module 'AAD_CT_IN' [C:/project/FPGA2/rtl/AAD_CT_IN.v:3]
INFO: [Synth 8-6155] done synthesizing module 'AAD_CT_IN' (4#1) [C:/project/FPGA2/rtl/AAD_CT_IN.v:3]
INFO: [Synth 8-6157] synthesizing module 'AES_e' [C:/project/FPGA2/rtl/aes_core/AES_e.v:2]
INFO: [Synth 8-6157] synthesizing module 's_box' [C:/project/FPGA2/rtl/aes_core/s_box.v:2]
INFO: [Synth 8-6157] synthesizing module 'sbox' [C:/project/FPGA2/rtl/aes_core/sbox.v:2]
INFO: [Synth 8-226] default block is never used [C:/project/FPGA2/rtl/aes_core/sbox.v:20]
INFO: [Synth 8-6155] done synthesizing module 'sbox' (5#1) [C:/project/FPGA2/rtl/aes_core/sbox.v:2]
INFO: [Synth 8-6155] done synthesizing module 's_box' (6#1) [C:/project/FPGA2/rtl/aes_core/s_box.v:2]
INFO: [Synth 8-6157] synthesizing module 's_row' [C:/project/FPGA2/rtl/aes_core/s_row.v:2]
INFO: [Synth 8-6155] done synthesizing module 's_row' (7#1) [C:/project/FPGA2/rtl/aes_core/s_row.v:2]
INFO: [Synth 8-6157] synthesizing module 'm_col' [C:/project/FPGA2/rtl/aes_core/m_col.v:60]
INFO: [Synth 8-6157] synthesizing module 'multiplyByMat' [C:/project/FPGA2/rtl/aes_core/m_col.v:15]
INFO: [Synth 8-6157] synthesizing module 'multiply' [C:/project/FPGA2/rtl/aes_core/m_col.v:2]
INFO: [Synth 8-6155] done synthesizing module 'multiply' (8#1) [C:/project/FPGA2/rtl/aes_core/m_col.v:2]
INFO: [Synth 8-6155] done synthesizing module 'multiplyByMat' (9#1) [C:/project/FPGA2/rtl/aes_core/m_col.v:15]
INFO: [Synth 8-6155] done synthesizing module 'm_col' (10#1) [C:/project/FPGA2/rtl/aes_core/m_col.v:60]
INFO: [Synth 8-6157] synthesizing module 'addr' [C:/project/FPGA2/rtl/aes_core/addr.v:2]
INFO: [Synth 8-6157] synthesizing module 'KeyGeneration' [C:/project/FPGA2/rtl/aes_core/KeyGeneration.v:2]
INFO: [Synth 8-6155] done synthesizing module 'KeyGeneration' (11#1) [C:/project/FPGA2/rtl/aes_core/KeyGeneration.v:2]
INFO: [Synth 8-6155] done synthesizing module 'addr' (12#1) [C:/project/FPGA2/rtl/aes_core/addr.v:2]
INFO: [Synth 8-6155] done synthesizing module 'AES_e' (13#1) [C:/project/FPGA2/rtl/aes_core/AES_e.v:2]
INFO: [Synth 8-6157] synthesizing module 'aes_ctr_wrapper' [C:/project/FPGA2/rtl/ctr/aes_ctr_wrapper.v:3]
INFO: [Synth 8-6155] done synthesizing module 'aes_ctr_wrapper' (14#1) [C:/project/FPGA2/rtl/ctr/aes_ctr_wrapper.v:3]
INFO: [Synth 8-6157] synthesizing module 'GHASH' [C:/project/FPGA2/rtl/GHASH.v:3]
INFO: [Synth 8-6155] done synthesizing module 'GHASH' (15#1) [C:/project/FPGA2/rtl/GHASH.v:3]
INFO: [Synth 8-6155] done synthesizing module 'top' (16#1) [C:/project/FPGA2/rtl/top.v:3]
INFO: [Synth 8-6157] synthesizing module 'uart_rx' [C:/project/FPGA2/rtl/uart_rx.v:3]
	Parameter CLKS_PER_BIT bound to: 217 - type: integer 
INFO: [Synth 8-226] default block is never used [C:/project/FPGA2/rtl/uart_rx.v:43]
INFO: [Synth 8-6155] done synthesizing module 'uart_rx' (17#1) [C:/project/FPGA2/rtl/uart_rx.v:3]
INFO: [Synth 8-6157] synthesizing module 'uart_tx' [C:/project/FPGA2/rtl/uart_tx.v:3]
	Parameter CLKS_PER_BIT bound to: 217 - type: integer 
INFO: [Synth 8-6155] done synthesizing module 'uart_tx' (18#1) [C:/project/FPGA2/rtl/uart_tx.v:3]
INFO: [Synth 8-6155] done synthesizing module 'fpga_top_arty_a7_uart' (19#1) [C:/project/FPGA2/rtl/fpga_top_arty_a7_uart.v:3]
---------------------------------------------------------------------------------
Finished RTL Elaboration : Time (s): cpu = 00:00:07 ; elapsed = 00:00:07 . Memory (MB): peak = 1581.129 ; gain = 124.234
---------------------------------------------------------------------------------
---------------------------------------------------------------------------------
Start Handling Custom Attributes
---------------------------------------------------------------------------------
---------------------------------------------------------------------------------
Finished Handling Custom Attributes : Time (s): cpu = 00:00:08 ; elapsed = 00:00:08 . Memory (MB): peak = 1581.129 ; gain = 124.234
---------------------------------------------------------------------------------
---------------------------------------------------------------------------------
Finished RTL Optimization Phase 1 : Time (s): cpu = 00:00:08 ; elapsed = 00:00:08 . Memory (MB): peak = 1581.129 ; gain = 124.234
---------------------------------------------------------------------------------
Netlist sorting complete. Time (s): cpu = 00:00:01 ; elapsed = 00:00:00.524 . Memory (MB): peak = 1592.547 ; gain = 0.000
INFO: [Netlist 29-17] Analyzing 1 Unisim elements for replacement
INFO: [Netlist 29-28] Unisim Transformation completed in 0 CPU seconds
INFO: [Project 1-570] Preparing netlist for logic optimization
INFO: [Opt 31-140] Inserted 1 IBUFs to IO ports without IO buffers.

Processing XDC Constraints
Initializing timing engine
Completed Processing XDC Constraints

INFO: [Opt 31-138] Pushed 0 inverter(s) to 0 load pin(s).
Netlist sorting complete. Time (s): cpu = 00:00:00 ; elapsed = 00:00:00.010 . Memory (MB): peak = 1882.281 ; gain = 0.000
INFO: [Project 1-111] Unisim Transformation Summary:
  A total of 1 instances were transformed.
  MMCME2_BASE => MMCME2_ADV: 1 instance 

RTL Elaboration Complete:  : Time (s): cpu = 00:00:32 ; elapsed = 00:00:20 . Memory (MB): peak = 1910.309 ; gain = 453.414
47 Infos, 2 Warnings, 0 Critical Warnings and 0 Errors encountered.
synth_design completed successfully
synth_design: Time (s): cpu = 00:00:36 ; elapsed = 00:00:25 . Memory (MB): peak = 1910.309 ; gain = 453.414
# set rtl_top_cells [require_objects [get_cells -quiet *] "elaborated top-level cells"]
# show_schematic -name "Elaborated RTL Top" $rtl_top_cells
# write_schematic -force -format svg -orientation landscape -scope all \
#     -name "Elaborated RTL Top" "$staging_dir/elaborated_rtl_top.svg"
# set rtl_core_cells [require_objects [get_cells -quiet -hierarchical {u_core u_core/u_iv_in u_core/u_aad_ct_in u_core/u_hcalc u_core/u_data_ctr u_core/u_tag_ctr u_core/u_ghash}] "elaborated AES-GCM core cells"]
# show_schematic -name "Elaborated AES-GCM Core" $rtl_core_cells
# write_schematic -force -format svg -orientation landscape -scope all \
#     -name "Elaborated AES-GCM Core" "$staging_dir/elaborated_aes_gcm_core.svg"
# close_design
# close_project
# create_project -in_memory -part $part_name
INFO: [IP_Flow 19-234] Refreshing IP repositories
INFO: [IP_Flow 19-1704] No user IP repositories specified
INFO: [IP_Flow 19-2313] Loaded Vivado IP repository 'C:/Xilinx/Vivado/2021.1/data/ip'.
# read_verilog $rtl_files
# synth_design -top $top_name -part $part_name
Command: synth_design -top fpga_top_arty_a7_uart -part xc7a100tcsg324-1
Starting synth_design
Attempting to get a license for feature 'Synthesis' and/or device 'xc7a100t'
INFO: [Common 17-349] Got license for feature 'Synthesis' and/or device 'xc7a100t'
INFO: [Synth 8-7079] Multithreading enabled for synth_design using a maximum of 2 processes.
---------------------------------------------------------------------------------
Starting Synthesize : Time (s): cpu = 00:00:05 ; elapsed = 00:00:05 . Memory (MB): peak = 1935.273 ; gain = 0.000
---------------------------------------------------------------------------------
INFO: [Synth 8-6157] synthesizing module 'fpga_top_arty_a7_uart' [C:/project/FPGA2/rtl/fpga_top_arty_a7_uart.v:3]
INFO: [Synth 8-6157] synthesizing module 'MMCME2_BASE' [C:/Xilinx/Vivado/2021.1/scripts/rt/data/unisim_comp.v:60083]
	Parameter BANDWIDTH bound to: OPTIMIZED - type: string 
	Parameter CLKFBOUT_MULT_F bound to: 10.000000 - type: double 
	Parameter CLKFBOUT_PHASE bound to: 0.000000 - type: double 
	Parameter CLKIN1_PERIOD bound to: 10.000000 - type: double 
	Parameter CLKOUT0_DIVIDE_F bound to: 40.000000 - type: double 
	Parameter CLKOUT0_DUTY_CYCLE bound to: 0.500000 - type: double 
	Parameter CLKOUT0_PHASE bound to: 0.000000 - type: double 
	Parameter CLKOUT1_DIVIDE bound to: 1 - type: integer 
	Parameter CLKOUT2_DIVIDE bound to: 1 - type: integer 
	Parameter CLKOUT3_DIVIDE bound to: 1 - type: integer 
	Parameter CLKOUT4_DIVIDE bound to: 1 - type: integer 
	Parameter CLKOUT5_DIVIDE bound to: 1 - type: integer 
	Parameter CLKOUT6_DIVIDE bound to: 1 - type: integer 
	Parameter DIVCLK_DIVIDE bound to: 1 - type: integer 
	Parameter REF_JITTER1 bound to: 0.010000 - type: double 
	Parameter STARTUP_WAIT bound to: FALSE - type: string 
INFO: [Synth 8-6155] done synthesizing module 'MMCME2_BASE' (1#1) [C:/Xilinx/Vivado/2021.1/scripts/rt/data/unisim_comp.v:60083]
WARNING: [Synth 8-7071] port 'CLKFBOUTB' of module 'MMCME2_BASE' is unconnected for instance 'u_mmcm' [C:/project/FPGA2/rtl/fpga_top_arty_a7_uart.v:194]
WARNING: [Synth 8-7023] instance 'u_mmcm' of module 'MMCME2_BASE' has 18 connections declared, but only 17 given [C:/project/FPGA2/rtl/fpga_top_arty_a7_uart.v:194]
INFO: [Synth 8-6157] synthesizing module 'BUFG' [C:/Xilinx/Vivado/2021.1/scripts/rt/data/unisim_comp.v:1083]
INFO: [Synth 8-6155] done synthesizing module 'BUFG' (2#1) [C:/Xilinx/Vivado/2021.1/scripts/rt/data/unisim_comp.v:1083]
INFO: [Synth 8-6157] synthesizing module 'top' [C:/project/FPGA2/rtl/top.v:3]
INFO: [Synth 8-6157] synthesizing module 'IV_IN' [C:/project/FPGA2/rtl/IV_IN.v:3]
INFO: [Synth 8-6155] done synthesizing module 'IV_IN' (3#1) [C:/project/FPGA2/rtl/IV_IN.v:3]
INFO: [Synth 8-6157] synthesizing module 'AAD_CT_IN' [C:/project/FPGA2/rtl/AAD_CT_IN.v:3]
INFO: [Synth 8-6155] done synthesizing module 'AAD_CT_IN' (4#1) [C:/project/FPGA2/rtl/AAD_CT_IN.v:3]
INFO: [Synth 8-6157] synthesizing module 'AES_e' [C:/project/FPGA2/rtl/aes_core/AES_e.v:2]
INFO: [Synth 8-6157] synthesizing module 's_box' [C:/project/FPGA2/rtl/aes_core/s_box.v:2]
INFO: [Synth 8-6157] synthesizing module 'sbox' [C:/project/FPGA2/rtl/aes_core/sbox.v:2]
INFO: [Synth 8-226] default block is never used [C:/project/FPGA2/rtl/aes_core/sbox.v:20]
INFO: [Synth 8-6155] done synthesizing module 'sbox' (5#1) [C:/project/FPGA2/rtl/aes_core/sbox.v:2]
INFO: [Synth 8-6155] done synthesizing module 's_box' (6#1) [C:/project/FPGA2/rtl/aes_core/s_box.v:2]
INFO: [Synth 8-6157] synthesizing module 's_row' [C:/project/FPGA2/rtl/aes_core/s_row.v:2]
INFO: [Synth 8-6155] done synthesizing module 's_row' (7#1) [C:/project/FPGA2/rtl/aes_core/s_row.v:2]
INFO: [Synth 8-6157] synthesizing module 'm_col' [C:/project/FPGA2/rtl/aes_core/m_col.v:60]
INFO: [Synth 8-6157] synthesizing module 'multiplyByMat' [C:/project/FPGA2/rtl/aes_core/m_col.v:15]
INFO: [Synth 8-6157] synthesizing module 'multiply' [C:/project/FPGA2/rtl/aes_core/m_col.v:2]
INFO: [Synth 8-6155] done synthesizing module 'multiply' (8#1) [C:/project/FPGA2/rtl/aes_core/m_col.v:2]
INFO: [Synth 8-6155] done synthesizing module 'multiplyByMat' (9#1) [C:/project/FPGA2/rtl/aes_core/m_col.v:15]
INFO: [Synth 8-6155] done synthesizing module 'm_col' (10#1) [C:/project/FPGA2/rtl/aes_core/m_col.v:60]
INFO: [Synth 8-6157] synthesizing module 'addr' [C:/project/FPGA2/rtl/aes_core/addr.v:2]
INFO: [Synth 8-6157] synthesizing module 'KeyGeneration' [C:/project/FPGA2/rtl/aes_core/KeyGeneration.v:2]
INFO: [Synth 8-6155] done synthesizing module 'KeyGeneration' (11#1) [C:/project/FPGA2/rtl/aes_core/KeyGeneration.v:2]
INFO: [Synth 8-6155] done synthesizing module 'addr' (12#1) [C:/project/FPGA2/rtl/aes_core/addr.v:2]
INFO: [Synth 8-6155] done synthesizing module 'AES_e' (13#1) [C:/project/FPGA2/rtl/aes_core/AES_e.v:2]
INFO: [Synth 8-6157] synthesizing module 'aes_ctr_wrapper' [C:/project/FPGA2/rtl/ctr/aes_ctr_wrapper.v:3]
INFO: [Synth 8-6155] done synthesizing module 'aes_ctr_wrapper' (14#1) [C:/project/FPGA2/rtl/ctr/aes_ctr_wrapper.v:3]
INFO: [Synth 8-6157] synthesizing module 'GHASH' [C:/project/FPGA2/rtl/GHASH.v:3]
INFO: [Synth 8-6155] done synthesizing module 'GHASH' (15#1) [C:/project/FPGA2/rtl/GHASH.v:3]
INFO: [Synth 8-6155] done synthesizing module 'top' (16#1) [C:/project/FPGA2/rtl/top.v:3]
INFO: [Synth 8-6157] synthesizing module 'uart_rx' [C:/project/FPGA2/rtl/uart_rx.v:3]
	Parameter CLKS_PER_BIT bound to: 217 - type: integer 
INFO: [Synth 8-226] default block is never used [C:/project/FPGA2/rtl/uart_rx.v:43]
INFO: [Synth 8-6155] done synthesizing module 'uart_rx' (17#1) [C:/project/FPGA2/rtl/uart_rx.v:3]
INFO: [Synth 8-6157] synthesizing module 'uart_tx' [C:/project/FPGA2/rtl/uart_tx.v:3]
	Parameter CLKS_PER_BIT bound to: 217 - type: integer 
INFO: [Synth 8-6155] done synthesizing module 'uart_tx' (18#1) [C:/project/FPGA2/rtl/uart_tx.v:3]
INFO: [Synth 8-6155] done synthesizing module 'fpga_top_arty_a7_uart' (19#1) [C:/project/FPGA2/rtl/fpga_top_arty_a7_uart.v:3]
---------------------------------------------------------------------------------
Finished Synthesize : Time (s): cpu = 00:00:08 ; elapsed = 00:00:08 . Memory (MB): peak = 1935.273 ; gain = 0.000
---------------------------------------------------------------------------------
---------------------------------------------------------------------------------
Finished Constraint Validation : Time (s): cpu = 00:00:09 ; elapsed = 00:00:09 . Memory (MB): peak = 1935.273 ; gain = 0.000
---------------------------------------------------------------------------------
---------------------------------------------------------------------------------
Start Loading Part and Timing Information
---------------------------------------------------------------------------------
Loading part: xc7a100tcsg324-1
---------------------------------------------------------------------------------
Finished Loading Part and Timing Information : Time (s): cpu = 00:00:09 ; elapsed = 00:00:09 . Memory (MB): peak = 1935.273 ; gain = 0.000
---------------------------------------------------------------------------------
INFO: [Synth 8-802] inferred FSM for state register 'state_reg' in module 'GHASH'
INFO: [Synth 8-802] inferred FSM for state register 'state_reg' in module 'uart_rx'
INFO: [Synth 8-802] inferred FSM for state register 'state_reg' in module 'uart_tx'
---------------------------------------------------------------------------------------------------
                   State |                     New Encoding |                Previous Encoding 
---------------------------------------------------------------------------------------------------
                 ST_IDLE |                                0 |                               00
                  ST_MUL |                                1 |                               01
---------------------------------------------------------------------------------------------------
INFO: [Synth 8-3354] encoded FSM with state register 'state_reg' using encoding 'sequential' in module 'GHASH'
---------------------------------------------------------------------------------------------------
                   State |                     New Encoding |                Previous Encoding 
---------------------------------------------------------------------------------------------------
                 ST_IDLE |                               00 |                               00
                ST_START |                               01 |                               01
                 ST_DATA |                               10 |                               10
                 ST_STOP |                               11 |                               11
---------------------------------------------------------------------------------------------------
INFO: [Synth 8-3354] encoded FSM with state register 'state_reg' using encoding 'sequential' in module 'uart_rx'
---------------------------------------------------------------------------------------------------
                   State |                     New Encoding |                Previous Encoding 
---------------------------------------------------------------------------------------------------
                 ST_IDLE |                               00 |                              000
                ST_START |                               01 |                              001
                 ST_DATA |                               10 |                              010
                 ST_STOP |                               11 |                              011
---------------------------------------------------------------------------------------------------
INFO: [Synth 8-3354] encoded FSM with state register 'state_reg' using encoding 'sequential' in module 'uart_tx'
---------------------------------------------------------------------------------
Finished RTL Optimization Phase 2 : Time (s): cpu = 00:00:20 ; elapsed = 00:00:19 . Memory (MB): peak = 1935.273 ; gain = 0.000
---------------------------------------------------------------------------------
No constraint files found.
---------------------------------------------------------------------------------
Start RTL Component Statistics 
---------------------------------------------------------------------------------
Detailed RTL Component Info : 
+---Adders : 
	   2 Input  128 Bit       Adders := 1     
	   3 Input   33 Bit       Adders := 1     
	   2 Input   32 Bit       Adders := 14    
	   3 Input   32 Bit       Adders := 13    
	   4 Input   32 Bit       Adders := 4     
	   2 Input   20 Bit       Adders := 1     
	   2 Input   17 Bit       Adders := 2     
	   2 Input   16 Bit       Adders := 2     
	   2 Input   13 Bit       Adders := 1     
	   2 Input   12 Bit       Adders := 16    
	   2 Input   11 Bit       Adders := 3     
	   2 Input    8 Bit       Adders := 5     
	   2 Input    7 Bit       Adders := 2     
	   2 Input    6 Bit       Adders := 7     
	   2 Input    5 Bit       Adders := 1     
	   2 Input    4 Bit       Adders := 6     
+---XORs : 
	   2 Input    128 Bit         XORs := 50    
	   2 Input     32 Bit         XORs := 147   
	   3 Input     32 Bit         XORs := 21    
	   2 Input      8 Bit         XORs := 384   
	   4 Input      8 Bit         XORs := 48    
+---Registers : 
	             1024 Bit    Registers := 14    
	              256 Bit    Registers := 5     
	              128 Bit    Registers := 48    
	               20 Bit    Registers := 1     
	               16 Bit    Registers := 5     
	               11 Bit    Registers := 15    
	                8 Bit    Registers := 333   
	                7 Bit    Registers := 2     
	                6 Bit    Registers := 6     
	                5 Bit    Registers := 2     
	                4 Bit    Registers := 9     
	                3 Bit    Registers := 1     
	                2 Bit    Registers := 2     
	                1 Bit    Registers := 146   
+---ROMs : 
	                    ROMs := 216   
+---Muxes : 
	  29 Input 1024 Bit        Muxes := 2     
	   2 Input 1024 Bit        Muxes := 9     
	   4 Input 1024 Bit        Muxes := 4     
	  14 Input 1024 Bit        Muxes := 1     
	  29 Input  256 Bit        Muxes := 1     
	   4 Input  256 Bit        Muxes := 1     
	  16 Input  128 Bit        Muxes := 3     
	   2 Input  128 Bit        Muxes := 25    
	   4 Input  128 Bit        Muxes := 1     
	  14 Input  128 Bit        Muxes := 1     
	   2 Input   32 Bit        Muxes := 19    
	  14 Input   20 Bit        Muxes := 1     
	   2 Input   20 Bit        Muxes := 2     
	  14 Input   16 Bit        Muxes := 1     
	   5 Input   16 Bit        Muxes := 1     
	   2 Input   16 Bit        Muxes := 3     
	   4 Input   16 Bit        Muxes := 2     
	  29 Input   11 Bit        Muxes := 2     
	   2 Input   11 Bit        Muxes := 18    
	   4 Input   11 Bit        Muxes := 2     
	  14 Input   11 Bit        Muxes := 1     
	   2 Input    9 Bit        Muxes := 1     
	   2 Input    8 Bit        Muxes := 626   
	  14 Input    8 Bit        Muxes := 2     
	   4 Input    8 Bit        Muxes := 4     
	   7 Input    8 Bit        Muxes := 1     
	   3 Input    8 Bit        Muxes := 1     
	  18 Input    8 Bit        Muxes := 1     
	   2 Input    7 Bit        Muxes := 3     
	   4 Input    6 Bit        Muxes := 3     
	  29 Input    6 Bit        Muxes := 1     
	   2 Input    6 Bit        Muxes := 2     
	  14 Input    6 Bit        Muxes := 2     
	   3 Input    5 Bit        Muxes := 1     
	   6 Input    5 Bit        Muxes := 1     
	   2 Input    5 Bit        Muxes := 2     
	  14 Input    5 Bit        Muxes := 1     
	   2 Input    4 Bit        Muxes := 8     
	  29 Input    4 Bit        Muxes := 4     
	  14 Input    4 Bit        Muxes := 2     
	  16 Input    4 Bit        Muxes := 1     
	   4 Input    4 Bit        Muxes := 2     
	   2 Input    3 Bit        Muxes := 1     
	  15 Input    3 Bit        Muxes := 1     
	   5 Input    2 Bit        Muxes := 2     
	   4 Input    2 Bit        Muxes := 2     
	   2 Input    2 Bit        Muxes := 1     
	   2 Input    1 Bit        Muxes := 176   
	   3 Input    1 Bit        Muxes := 5     
	  16 Input    1 Bit        Muxes := 6     
	  15 Input    1 Bit        Muxes := 5     
	  29 Input    1 Bit        Muxes := 29    
	   5 Input    1 Bit        Muxes := 14    
	  14 Input    1 Bit        Muxes := 35    
	   7 Input    1 Bit        Muxes := 8     
	   4 Input    1 Bit        Muxes := 39    
	   8 Input    1 Bit        Muxes := 8     
	  10 Input    1 Bit        Muxes := 6     
---------------------------------------------------------------------------------
Finished RTL Component Statistics 
---------------------------------------------------------------------------------
---------------------------------------------------------------------------------
Start Part Resource Summary
---------------------------------------------------------------------------------
Part Resources:
DSPs: 240 (col length:80)
BRAMs: 270 (col length: RAMB18 80 RAMB36 40)
---------------------------------------------------------------------------------
Finished Part Resource Summary
---------------------------------------------------------------------------------
No constraint files found.
---------------------------------------------------------------------------------
Start Cross Boundary and Area Optimization
---------------------------------------------------------------------------------
INFO: [Synth 8-5544] ROM "rcon" won't be mapped to Block RAM because address size (4) smaller than threshold (5)
INFO: [Synth 8-5544] ROM "rcon" won't be mapped to Block RAM because address size (4) smaller than threshold (5)
INFO: [Synth 8-5544] ROM "rcon" won't be mapped to Block RAM because address size (4) smaller than threshold (5)
INFO: [Synth 8-5544] ROM "rcon" won't be mapped to Block RAM because address size (4) smaller than threshold (5)
INFO: [Synth 8-5544] ROM "rcon" won't be mapped to Block RAM because address size (4) smaller than threshold (5)
INFO: [Synth 8-5544] ROM "rcon" won't be mapped to Block RAM because address size (4) smaller than threshold (5)
INFO: [Synth 8-5544] ROM "rcon" won't be mapped to Block RAM because address size (4) smaller than threshold (5)
INFO: [Synth 8-5544] ROM "dout_r" won't be mapped to Block RAM because address size (4) smaller than threshold (5)
INFO: [Synth 8-3886] merging instance 'tag_valid_bits_cfg_reg[0]' (FDRE) to 'tag_valid_bits_cfg_reg[6]'
INFO: [Synth 8-3886] merging instance 'tag_valid_bits_cfg_reg[1]' (FDRE) to 'tag_valid_bits_cfg_reg[6]'
INFO: [Synth 8-3886] merging instance 'tag_valid_bits_cfg_reg[2]' (FDRE) to 'tag_valid_bits_cfg_reg[6]'
INFO: [Synth 8-3886] merging instance 'tag_valid_bits_cfg_reg[3]' (FDRE) to 'tag_valid_bits_cfg_reg[6]'
INFO: [Synth 8-3886] merging instance 'tag_valid_bits_cfg_reg[4]' (FDRE) to 'tag_valid_bits_cfg_reg[6]'
INFO: [Synth 8-3886] merging instance 'tag_valid_bits_cfg_reg[5]' (FDRE) to 'tag_valid_bits_cfg_reg[6]'
INFO: [Synth 8-3333] propagating constant 0 across sequential element (\tag_valid_bits_cfg_reg[6] )
INFO: [Synth 8-3333] propagating constant 1 across sequential element (\tag_valid_bits_cfg_reg[7] )
INFO: [Synth 8-4471] merging register 'data_block_idx_reg[3:0]' into 'data_block_idx_reg[3:0]' [C:/project/FPGA2/rtl/top.v:432]
INFO: [Synth 8-3886] merging instance 'hcalc_word_reg[0]' (FDRE) to 'hcalc_word_reg[1]'
INFO: [Synth 8-3886] merging instance 'hcalc_word_reg[1]' (FDRE) to 'hcalc_word_reg[2]'
INFO: [Synth 8-3886] merging instance 'hcalc_word_reg[2]' (FDRE) to 'hcalc_word_reg[3]'
INFO: [Synth 8-3886] merging instance 'hcalc_word_reg[3]' (FDRE) to 'hcalc_word_reg[4]'
INFO: [Synth 8-3886] merging instance 'hcalc_word_reg[4]' (FDRE) to 'hcalc_word_reg[5]'
INFO: [Synth 8-3886] merging instance 'hcalc_word_reg[5]' (FDRE) to 'hcalc_word_reg[6]'
INFO: [Synth 8-3886] merging instance 'hcalc_word_reg[6]' (FDRE) to 'hcalc_word_reg[7]'
INFO: [Synth 8-3886] merging instance 'hcalc_word_reg[7]' (FDRE) to 'hcalc_word_reg[8]'
INFO: [Synth 8-3886] merging instance 'hcalc_word_reg[8]' (FDRE) to 'hcalc_word_reg[9]'
INFO: [Synth 8-3886] merging instance 'hcalc_word_reg[9]' (FDRE) to 'hcalc_word_reg[10]'
INFO: [Synth 8-3886] merging instance 'hcalc_word_reg[10]' (FDRE) to 'hcalc_word_reg[11]'
INFO: [Synth 8-3886] merging instance 'hcalc_word_reg[11]' (FDRE) to 'hcalc_word_reg[12]'
INFO: [Synth 8-3886] merging instance 'hcalc_word_reg[12]' (FDRE) to 'hcalc_word_reg[13]'
INFO: [Synth 8-3886] merging instance 'hcalc_word_reg[13]' (FDRE) to 'hcalc_word_reg[14]'
INFO: [Synth 8-3886] merging instance 'hcalc_word_reg[14]' (FDRE) to 'hcalc_word_reg[15]'
INFO: [Synth 8-3886] merging instance 'hcalc_word_reg[15]' (FDRE) to 'hcalc_word_reg[16]'
INFO: [Synth 8-3886] merging instance 'hcalc_word_reg[16]' (FDRE) to 'hcalc_word_reg[17]'
INFO: [Synth 8-3886] merging instance 'hcalc_word_reg[17]' (FDRE) to 'hcalc_word_reg[18]'
INFO: [Synth 8-3886] merging instance 'hcalc_word_reg[18]' (FDRE) to 'hcalc_word_reg[19]'
INFO: [Synth 8-3886] merging instance 'hcalc_word_reg[19]' (FDRE) to 'hcalc_word_reg[20]'
INFO: [Synth 8-3886] merging instance 'hcalc_word_reg[20]' (FDRE) to 'hcalc_word_reg[21]'
INFO: [Synth 8-3886] merging instance 'hcalc_word_reg[21]' (FDRE) to 'hcalc_word_reg[22]'
INFO: [Synth 8-3886] merging instance 'hcalc_word_reg[22]' (FDRE) to 'hcalc_word_reg[23]'
INFO: [Synth 8-3886] merging instance 'hcalc_word_reg[23]' (FDRE) to 'hcalc_word_reg[24]'
INFO: [Synth 8-3886] merging instance 'hcalc_word_reg[24]' (FDRE) to 'hcalc_word_reg[25]'
INFO: [Synth 8-3886] merging instance 'hcalc_word_reg[25]' (FDRE) to 'hcalc_word_reg[26]'
INFO: [Synth 8-3886] merging instance 'hcalc_word_reg[26]' (FDRE) to 'hcalc_word_reg[27]'
INFO: [Synth 8-3886] merging instance 'hcalc_word_reg[27]' (FDRE) to 'hcalc_word_reg[28]'
INFO: [Synth 8-3886] merging instance 'hcalc_word_reg[28]' (FDRE) to 'hcalc_word_reg[29]'
INFO: [Synth 8-3886] merging instance 'hcalc_word_reg[29]' (FDRE) to 'hcalc_word_reg[30]'
INFO: [Synth 8-3886] merging instance 'hcalc_word_reg[30]' (FDRE) to 'hcalc_word_reg[31]'
INFO: [Synth 8-3886] merging instance 'hcalc_word_reg[31]' (FDRE) to 'hcalc_word_reg[32]'
INFO: [Synth 8-3886] merging instance 'hcalc_word_reg[32]' (FDRE) to 'hcalc_word_reg[33]'
INFO: [Synth 8-3886] merging instance 'hcalc_word_reg[33]' (FDRE) to 'hcalc_word_reg[34]'
INFO: [Synth 8-3886] merging instance 'hcalc_word_reg[34]' (FDRE) to 'hcalc_word_reg[35]'
INFO: [Synth 8-3886] merging instance 'hcalc_word_reg[35]' (FDRE) to 'hcalc_word_reg[36]'
INFO: [Synth 8-3886] merging instance 'hcalc_word_reg[36]' (FDRE) to 'hcalc_word_reg[37]'
INFO: [Synth 8-3886] merging instance 'hcalc_word_reg[37]' (FDRE) to 'hcalc_word_reg[38]'
INFO: [Synth 8-3886] merging instance 'hcalc_word_reg[38]' (FDRE) to 'hcalc_word_reg[39]'
INFO: [Synth 8-3886] merging instance 'hcalc_word_reg[39]' (FDRE) to 'hcalc_word_reg[40]'
INFO: [Synth 8-3886] merging instance 'hcalc_word_reg[40]' (FDRE) to 'hcalc_word_reg[41]'
INFO: [Synth 8-3886] merging instance 'hcalc_word_reg[41]' (FDRE) to 'hcalc_word_reg[42]'
INFO: [Synth 8-3886] merging instance 'hcalc_word_reg[42]' (FDRE) to 'hcalc_word_reg[43]'
INFO: [Synth 8-3886] merging instance 'hcalc_word_reg[43]' (FDRE) to 'hcalc_word_reg[44]'
INFO: [Synth 8-3886] merging instance 'hcalc_word_reg[44]' (FDRE) to 'hcalc_word_reg[45]'
INFO: [Synth 8-3886] merging instance 'hcalc_word_reg[45]' (FDRE) to 'hcalc_word_reg[46]'
INFO: [Synth 8-3886] merging instance 'hcalc_word_reg[46]' (FDRE) to 'hcalc_word_reg[47]'
INFO: [Synth 8-3886] merging instance 'hcalc_word_reg[47]' (FDRE) to 'hcalc_word_reg[48]'
INFO: [Synth 8-3886] merging instance 'hcalc_word_reg[48]' (FDRE) to 'hcalc_word_reg[49]'
INFO: [Synth 8-3886] merging instance 'hcalc_word_reg[49]' (FDRE) to 'hcalc_word_reg[50]'
INFO: [Synth 8-3886] merging instance 'hcalc_word_reg[50]' (FDRE) to 'hcalc_word_reg[51]'
INFO: [Synth 8-3886] merging instance 'hcalc_word_reg[51]' (FDRE) to 'hcalc_word_reg[52]'
INFO: [Synth 8-3886] merging instance 'hcalc_word_reg[52]' (FDRE) to 'hcalc_word_reg[53]'
INFO: [Synth 8-3886] merging instance 'hcalc_word_reg[53]' (FDRE) to 'hcalc_word_reg[54]'
INFO: [Synth 8-3886] merging instance 'hcalc_word_reg[54]' (FDRE) to 'hcalc_word_reg[55]'
INFO: [Synth 8-3886] merging instance 'hcalc_word_reg[55]' (FDRE) to 'hcalc_word_reg[56]'
INFO: [Synth 8-3886] merging instance 'hcalc_word_reg[56]' (FDRE) to 'hcalc_word_reg[57]'
INFO: [Synth 8-3886] merging instance 'hcalc_word_reg[57]' (FDRE) to 'hcalc_word_reg[58]'
INFO: [Synth 8-3886] merging instance 'hcalc_word_reg[58]' (FDRE) to 'hcalc_word_reg[59]'
INFO: [Synth 8-3886] merging instance 'hcalc_word_reg[59]' (FDRE) to 'hcalc_word_reg[60]'
INFO: [Synth 8-3886] merging instance 'hcalc_word_reg[60]' (FDRE) to 'hcalc_word_reg[61]'
INFO: [Synth 8-3886] merging instance 'hcalc_word_reg[61]' (FDRE) to 'hcalc_word_reg[62]'
INFO: [Synth 8-3886] merging instance 'hcalc_word_reg[62]' (FDRE) to 'hcalc_word_reg[63]'
INFO: [Synth 8-3886] merging instance 'hcalc_word_reg[63]' (FDRE) to 'hcalc_word_reg[64]'
INFO: [Synth 8-3886] merging instance 'hcalc_word_reg[64]' (FDRE) to 'hcalc_word_reg[65]'
INFO: [Synth 8-3886] merging instance 'hcalc_word_reg[65]' (FDRE) to 'hcalc_word_reg[66]'
INFO: [Synth 8-3886] merging instance 'hcalc_word_reg[66]' (FDRE) to 'hcalc_word_reg[67]'
INFO: [Synth 8-3886] merging instance 'hcalc_word_reg[67]' (FDRE) to 'hcalc_word_reg[68]'
INFO: [Synth 8-3886] merging instance 'hcalc_word_reg[68]' (FDRE) to 'hcalc_word_reg[69]'
INFO: [Synth 8-3886] merging instance 'hcalc_word_reg[69]' (FDRE) to 'hcalc_word_reg[70]'
INFO: [Synth 8-3886] merging instance 'hcalc_word_reg[70]' (FDRE) to 'hcalc_word_reg[71]'
INFO: [Synth 8-3886] merging instance 'hcalc_word_reg[71]' (FDRE) to 'hcalc_word_reg[72]'
INFO: [Synth 8-3886] merging instance 'hcalc_word_reg[72]' (FDRE) to 'hcalc_word_reg[73]'
INFO: [Synth 8-3886] merging instance 'hcalc_word_reg[73]' (FDRE) to 'hcalc_word_reg[74]'
INFO: [Synth 8-3886] merging instance 'hcalc_word_reg[74]' (FDRE) to 'hcalc_word_reg[75]'
INFO: [Synth 8-3886] merging instance 'hcalc_word_reg[75]' (FDRE) to 'hcalc_word_reg[76]'
INFO: [Synth 8-3886] merging instance 'hcalc_word_reg[76]' (FDRE) to 'hcalc_word_reg[77]'
INFO: [Synth 8-3886] merging instance 'hcalc_word_reg[77]' (FDRE) to 'hcalc_word_reg[78]'
INFO: [Synth 8-3886] merging instance 'hcalc_word_reg[78]' (FDRE) to 'hcalc_word_reg[79]'
INFO: [Synth 8-3886] merging instance 'hcalc_word_reg[79]' (FDRE) to 'hcalc_word_reg[80]'
INFO: [Synth 8-3886] merging instance 'hcalc_word_reg[80]' (FDRE) to 'hcalc_word_reg[81]'
INFO: [Synth 8-3886] merging instance 'hcalc_word_reg[81]' (FDRE) to 'hcalc_word_reg[82]'
INFO: [Synth 8-3886] merging instance 'hcalc_word_reg[82]' (FDRE) to 'hcalc_word_reg[83]'
INFO: [Synth 8-3886] merging instance 'hcalc_word_reg[83]' (FDRE) to 'hcalc_word_reg[84]'
INFO: [Synth 8-3886] merging instance 'hcalc_word_reg[84]' (FDRE) to 'hcalc_word_reg[85]'
INFO: [Synth 8-3886] merging instance 'hcalc_word_reg[85]' (FDRE) to 'hcalc_word_reg[86]'
INFO: [Synth 8-3886] merging instance 'hcalc_word_reg[86]' (FDRE) to 'hcalc_word_reg[87]'
INFO: [Synth 8-3886] merging instance 'hcalc_word_reg[87]' (FDRE) to 'hcalc_word_reg[88]'
INFO: [Synth 8-3886] merging instance 'hcalc_word_reg[88]' (FDRE) to 'hcalc_word_reg[89]'
INFO: [Synth 8-3886] merging instance 'hcalc_word_reg[89]' (FDRE) to 'hcalc_word_reg[90]'
INFO: [Synth 8-3886] merging instance 'hcalc_word_reg[90]' (FDRE) to 'hcalc_word_reg[91]'
INFO: [Synth 8-3886] merging instance 'hcalc_word_reg[91]' (FDRE) to 'hcalc_word_reg[92]'
INFO: [Synth 8-3886] merging instance 'hcalc_word_reg[92]' (FDRE) to 'hcalc_word_reg[93]'
INFO: [Synth 8-3886] merging instance 'hcalc_word_reg[93]' (FDRE) to 'hcalc_word_reg[94]'
INFO: [Common 17-14] Message 'Synth 8-3886' appears 100 times and further instances of the messages will be disabled. Use the Tcl command set_msg_config to change the current settings.
INFO: [Common 17-14] Message 'Synth 8-3886' appears 100 times and further instances of the messages will be disabled. Use the Tcl command set_msg_config to change the current settings.
INFO: [Synth 8-3333] propagating constant 0 across sequential element (\hcalc_word_reg[127] )
INFO: [Synth 8-3333] propagating constant 1 across sequential element (\status_only_code_reg[7] )
INFO: [Synth 8-3333] propagating constant 0 across sequential element (\frame_load_type_reg[3] )
INFO: [Synth 8-3333] propagating constant 0 across sequential element (\eng_next_state_reg[3] )
INFO: [Synth 8-3333] propagating constant 0 across sequential element (\frame_type_reg[3] )
---------------------------------------------------------------------------------
Finished Cross Boundary and Area Optimization : Time (s): cpu = 00:01:05 ; elapsed = 00:01:21 . Memory (MB): peak = 1935.273 ; gain = 0.000
---------------------------------------------------------------------------------
No constraint files found.
---------------------------------------------------------------------------------
Start Timing Optimization
---------------------------------------------------------------------------------
---------------------------------------------------------------------------------
Finished Timing Optimization : Time (s): cpu = 00:01:10 ; elapsed = 00:01:25 . Memory (MB): peak = 1935.273 ; gain = 0.000
---------------------------------------------------------------------------------
---------------------------------------------------------------------------------
Start Technology Mapping
---------------------------------------------------------------------------------
INFO: [Synth 8-7052] The timing for the instance u_core/u_hcalc/g5/rc1/w4_4/c_reg (implemented as a Block RAM) might be sub-optimal as no optional output register could be merged into the ram block. Providing additional output register may help in improving timing.
INFO: [Synth 8-7052] The timing for the instance u_core/u_hcalc/g5/rc1/w4_4/c_reg (implemented as a Block RAM) might be sub-optimal as no optional output register could be merged into the ram block. Providing additional output register may help in improving timing.
INFO: [Synth 8-7052] The timing for the instance u_core/u_hcalc/g5/rc1/w4_2/c_reg (implemented as a Block RAM) might be sub-optimal as no optional output register could be merged into the ram block. Providing additional output register may help in improving timing.
INFO: [Synth 8-7052] The timing for the instance u_core/u_hcalc/g5/rc1/w4_2/c_reg (implemented as a Block RAM) might be sub-optimal as no optional output register could be merged into the ram block. Providing additional output register may help in improving timing.
INFO: [Synth 8-7052] The timing for the instance u_core/u_hcalc/g5/rc1/w8_4/c_reg (implemented as a Block RAM) might be sub-optimal as no optional output register could be merged into the ram block. Providing additional output register may help in improving timing.
INFO: [Synth 8-7052] The timing for the instance u_core/u_hcalc/g5/rc1/w8_4/c_reg (implemented as a Block RAM) might be sub-optimal as no optional output register could be merged into the ram block. Providing additional output register may help in improving timing.
INFO: [Synth 8-7052] The timing for the instance u_core/u_hcalc/g5/rc1/w8_2/c_reg (implemented as a Block RAM) might be sub-optimal as no optional output register could be merged into the ram block. Providing additional output register may help in improving timing.
INFO: [Synth 8-7052] The timing for the instance u_core/u_hcalc/g5/rc1/w8_2/c_reg (implemented as a Block RAM) might be sub-optimal as no optional output register could be merged into the ram block. Providing additional output register may help in improving timing.
INFO: [Synth 8-7052] The timing for the instance u_core/u_hcalc/g5/rc2/w4_4/c_reg (implemented as a Block RAM) might be sub-optimal as no optional output register could be merged into the ram block. Providing additional output register may help in improving timing.
INFO: [Synth 8-7052] The timing for the instance u_core/u_hcalc/g5/rc2/w4_4/c_reg (implemented as a Block RAM) might be sub-optimal as no optional output register could be merged into the ram block. Providing additional output register may help in improving timing.
INFO: [Synth 8-7052] The timing for the instance u_core/u_hcalc/g5/rc2/w4_2/c_reg (implemented as a Block RAM) might be sub-optimal as no optional output register could be merged into the ram block. Providing additional output register may help in improving timing.
INFO: [Synth 8-7052] The timing for the instance u_core/u_hcalc/g5/rc2/w4_2/c_reg (implemented as a Block RAM) might be sub-optimal as no optional output register could be merged into the ram block. Providing additional output register may help in improving timing.
INFO: [Synth 8-7052] The timing for the instance u_core/u_hcalc/g5/rc2/w8_4/c_reg (implemented as a Block RAM) might be sub-optimal as no optional output register could be merged into the ram block. Providing additional output register may help in improving timing.
INFO: [Synth 8-7052] The timing for the instance u_core/u_hcalc/g5/rc2/w8_4/c_reg (implemented as a Block RAM) might be sub-optimal as no optional output register could be merged into the ram block. Providing additional output register may help in improving timing.
INFO: [Synth 8-7052] The timing for the instance u_core/u_hcalc/g5/rc2/w8_2/c_reg (implemented as a Block RAM) might be sub-optimal as no optional output register could be merged into the ram block. Providing additional output register may help in improving timing.
INFO: [Synth 8-7052] The timing for the instance u_core/u_hcalc/g5/rc2/w8_2/c_reg (implemented as a Block RAM) might be sub-optimal as no optional output register could be merged into the ram block. Providing additional output register may help in improving timing.
INFO: [Synth 8-7052] The timing for the instance u_core/u_hcalc/g5/rc3/w4_4/c_reg (implemented as a Block RAM) might be sub-optimal as no optional output register could be merged into the ram block. Providing additional output register may help in improving timing.
INFO: [Synth 8-7052] The timing for the instance u_core/u_hcalc/g5/rc3/w4_4/c_reg (implemented as a Block RAM) might be sub-optimal as no optional output register could be merged into the ram block. Providing additional output register may help in improving timing.
INFO: [Synth 8-7052] The timing for the instance u_core/u_hcalc/g5/rc3/w4_2/c_reg (implemented as a Block RAM) might be sub-optimal as no optional output register could be merged into the ram block. Providing additional output register may help in improving timing.
INFO: [Synth 8-7052] The timing for the instance u_core/u_hcalc/g5/rc3/w4_2/c_reg (implemented as a Block RAM) might be sub-optimal as no optional output register could be merged into the ram block. Providing additional output register may help in improving timing.
INFO: [Synth 8-7052] The timing for the instance u_core/u_hcalc/g5/rc3/w8_4/c_reg (implemented as a Block RAM) might be sub-optimal as no optional output register could be merged into the ram block. Providing additional output register may help in improving timing.
INFO: [Synth 8-7052] The timing for the instance u_core/u_hcalc/g5/rc3/w8_4/c_reg (implemented as a Block RAM) might be sub-optimal as no optional output register could be merged into the ram block. Providing additional output register may help in improving timing.
INFO: [Synth 8-7052] The timing for the instance u_core/u_hcalc/g5/rc3/w8_2/c_reg (implemented as a Block RAM) might be sub-optimal as no optional output register could be merged into the ram block. Providing additional output register may help in improving timing.
INFO: [Synth 8-7052] The timing for the instance u_core/u_hcalc/g5/rc3/w8_2/c_reg (implemented as a Block RAM) might be sub-optimal as no optional output register could be merged into the ram block. Providing additional output register may help in improving timing.
INFO: [Synth 8-7052] The timing for the instance u_core/u_hcalc/g5/rc4/w4_4/c_reg (implemented as a Block RAM) might be sub-optimal as no optional output register could be merged into the ram block. Providing additional output register may help in improving timing.
INFO: [Synth 8-7052] The timing for the instance u_core/u_hcalc/g5/rc4/w4_4/c_reg (implemented as a Block RAM) might be sub-optimal as no optional output register could be merged into the ram block. Providing additional output register may help in improving timing.
INFO: [Synth 8-7052] The timing for the instance u_core/u_hcalc/g5/rc4/w4_2/c_reg (implemented as a Block RAM) might be sub-optimal as no optional output register could be merged into the ram block. Providing additional output register may help in improving timing.
INFO: [Synth 8-7052] The timing for the instance u_core/u_hcalc/g5/rc4/w4_2/c_reg (implemented as a Block RAM) might be sub-optimal as no optional output register could be merged into the ram block. Providing additional output register may help in improving timing.
INFO: [Synth 8-7052] The timing for the instance u_core/u_hcalc/g5/rc4/w8_4/c_reg (implemented as a Block RAM) might be sub-optimal as no optional output register could be merged into the ram block. Providing additional output register may help in improving timing.
INFO: [Synth 8-7052] The timing for the instance u_core/u_hcalc/g5/rc4/w8_4/c_reg (implemented as a Block RAM) might be sub-optimal as no optional output register could be merged into the ram block. Providing additional output register may help in improving timing.
INFO: [Synth 8-7052] The timing for the instance u_core/u_hcalc/g5/rc4/w8_2/c_reg (implemented as a Block RAM) might be sub-optimal as no optional output register could be merged into the ram block. Providing additional output register may help in improving timing.
INFO: [Synth 8-7052] The timing for the instance u_core/u_hcalc/g5/rc4/w8_2/c_reg (implemented as a Block RAM) might be sub-optimal as no optional output register could be merged into the ram block. Providing additional output register may help in improving timing.
INFO: [Synth 8-7052] The timing for the instance u_core/u_hcalc/g5/rc5/w4_4/c_reg (implemented as a Block RAM) might be sub-optimal as no optional output register could be merged into the ram block. Providing additional output register may help in improving timing.
INFO: [Synth 8-7052] The timing for the instance u_core/u_hcalc/g5/rc5/w4_4/c_reg (implemented as a Block RAM) might be sub-optimal as no optional output register could be merged into the ram block. Providing additional output register may help in improving timing.
INFO: [Synth 8-7052] The timing for the instance u_core/u_hcalc/g5/rc5/w4_2/c_reg (implemented as a Block RAM) might be sub-optimal as no optional output register could be merged into the ram block. Providing additional output register may help in improving timing.
INFO: [Synth 8-7052] The timing for the instance u_core/u_hcalc/g5/rc5/w4_2/c_reg (implemented as a Block RAM) might be sub-optimal as no optional output register could be merged into the ram block. Providing additional output register may help in improving timing.
INFO: [Synth 8-7052] The timing for the instance u_core/u_hcalc/g5/rc5/w8_4/c_reg (implemented as a Block RAM) might be sub-optimal as no optional output register could be merged into the ram block. Providing additional output register may help in improving timing.
INFO: [Synth 8-7052] The timing for the instance u_core/u_hcalc/g5/rc5/w8_4/c_reg (implemented as a Block RAM) might be sub-optimal as no optional output register could be merged into the ram block. Providing additional output register may help in improving timing.
INFO: [Synth 8-7052] The timing for the instance u_core/u_hcalc/g5/rc5/w8_2/c_reg (implemented as a Block RAM) might be sub-optimal as no optional output register could be merged into the ram block. Providing additional output register may help in improving timing.
INFO: [Synth 8-7052] The timing for the instance u_core/u_hcalc/g5/rc5/w8_2/c_reg (implemented as a Block RAM) might be sub-optimal as no optional output register could be merged into the ram block. Providing additional output register may help in improving timing.
INFO: [Synth 8-7052] The timing for the instance u_core/u_hcalc/g5/rc6/w4_4/c_reg (implemented as a Block RAM) might be sub-optimal as no optional output register could be merged into the ram block. Providing additional output register may help in improving timing.
INFO: [Synth 8-7052] The timing for the instance u_core/u_hcalc/g5/rc6/w4_4/c_reg (implemented as a Block RAM) might be sub-optimal as no optional output register could be merged into the ram block. Providing additional output register may help in improving timing.
INFO: [Synth 8-7052] The timing for the instance u_core/u_hcalc/g5/rc6/w4_2/c_reg (implemented as a Block RAM) might be sub-optimal as no optional output register could be merged into the ram block. Providing additional output register may help in improving timing.
INFO: [Synth 8-7052] The timing for the instance u_core/u_hcalc/g5/rc6/w4_2/c_reg (implemented as a Block RAM) might be sub-optimal as no optional output register could be merged into the ram block. Providing additional output register may help in improving timing.
INFO: [Synth 8-7052] The timing for the instance u_core/u_hcalc/g5/rc6/w8_4/c_reg (implemented as a Block RAM) might be sub-optimal as no optional output register could be merged into the ram block. Providing additional output register may help in improving timing.
INFO: [Synth 8-7052] The timing for the instance u_core/u_hcalc/g5/rc6/w8_4/c_reg (implemented as a Block RAM) might be sub-optimal as no optional output register could be merged into the ram block. Providing additional output register may help in improving timing.
INFO: [Synth 8-7052] The timing for the instance u_core/u_hcalc/g5/rc6/w8_2/c_reg (implemented as a Block RAM) might be sub-optimal as no optional output register could be merged into the ram block. Providing additional output register may help in improving timing.
INFO: [Synth 8-7052] The timing for the instance u_core/u_hcalc/g5/rc6/w8_2/c_reg (implemented as a Block RAM) might be sub-optimal as no optional output register could be merged into the ram block. Providing additional output register may help in improving timing.
INFO: [Synth 8-7052] The timing for the instance u_core/u_hcalc/g5/rc7/w8_4/c_reg (implemented as a Block RAM) might be sub-optimal as no optional output register could be merged into the ram block. Providing additional output register may help in improving timing.
INFO: [Synth 8-7052] The timing for the instance u_core/u_hcalc/g5/rc7/w8_4/c_reg (implemented as a Block RAM) might be sub-optimal as no optional output register could be merged into the ram block. Providing additional output register may help in improving timing.
INFO: [Synth 8-7052] The timing for the instance u_core/u_hcalc/g5/rc7/w8_2/c_reg (implemented as a Block RAM) might be sub-optimal as no optional output register could be merged into the ram block. Providing additional output register may help in improving timing.
INFO: [Synth 8-7052] The timing for the instance u_core/u_hcalc/g5/rc7/w8_2/c_reg (implemented as a Block RAM) might be sub-optimal as no optional output register could be merged into the ram block. Providing additional output register may help in improving timing.
INFO: [Synth 8-7052] The timing for the instance u_core/u_data_ctr/g0/g5/rc1/w4_4/c_reg (implemented as a Block RAM) might be sub-optimal as no optional output register could be merged into the ram block. Providing additional output register may help in improving timing.
INFO: [Synth 8-7052] The timing for the instance u_core/u_data_ctr/g0/g5/rc1/w4_4/c_reg (implemented as a Block RAM) might be sub-optimal as no optional output register could be merged into the ram block. Providing additional output register may help in improving timing.
INFO: [Synth 8-7052] The timing for the instance u_core/u_data_ctr/g0/g5/rc1/w4_2/c_reg (implemented as a Block RAM) might be sub-optimal as no optional output register could be merged into the ram block. Providing additional output register may help in improving timing.
INFO: [Synth 8-7052] The timing for the instance u_core/u_data_ctr/g0/g5/rc1/w4_2/c_reg (implemented as a Block RAM) might be sub-optimal as no optional output register could be merged into the ram block. Providing additional output register may help in improving timing.
INFO: [Synth 8-7052] The timing for the instance u_core/u_data_ctr/g0/g5/rc1/w8_4/c_reg (implemented as a Block RAM) might be sub-optimal as no optional output register could be merged into the ram block. Providing additional output register may help in improving timing.
INFO: [Synth 8-7052] The timing for the instance u_core/u_data_ctr/g0/g5/rc1/w8_4/c_reg (implemented as a Block RAM) might be sub-optimal as no optional output register could be merged into the ram block. Providing additional output register may help in improving timing.
INFO: [Synth 8-7052] The timing for the instance u_core/u_data_ctr/g0/g5/rc1/w8_2/c_reg (implemented as a Block RAM) might be sub-optimal as no optional output register could be merged into the ram block. Providing additional output register may help in improving timing.
INFO: [Synth 8-7052] The timing for the instance u_core/u_data_ctr/g0/g5/rc1/w8_2/c_reg (implemented as a Block RAM) might be sub-optimal as no optional output register could be merged into the ram block. Providing additional output register may help in improving timing.
INFO: [Synth 8-7052] The timing for the instance u_core/u_data_ctr/g0/g5/rc2/w4_4/c_reg (implemented as a Block RAM) might be sub-optimal as no optional output register could be merged into the ram block. Providing additional output register may help in improving timing.
INFO: [Synth 8-7052] The timing for the instance u_core/u_data_ctr/g0/g5/rc2/w4_4/c_reg (implemented as a Block RAM) might be sub-optimal as no optional output register could be merged into the ram block. Providing additional output register may help in improving timing.
INFO: [Synth 8-7052] The timing for the instance u_core/u_data_ctr/g0/g5/rc2/w4_2/c_reg (implemented as a Block RAM) might be sub-optimal as no optional output register could be merged into the ram block. Providing additional output register may help in improving timing.
INFO: [Synth 8-7052] The timing for the instance u_core/u_data_ctr/g0/g5/rc2/w4_2/c_reg (implemented as a Block RAM) might be sub-optimal as no optional output register could be merged into the ram block. Providing additional output register may help in improving timing.
INFO: [Synth 8-7052] The timing for the instance u_core/u_data_ctr/g0/g5/rc2/w8_4/c_reg (implemented as a Block RAM) might be sub-optimal as no optional output register could be merged into the ram block. Providing additional output register may help in improving timing.
INFO: [Synth 8-7052] The timing for the instance u_core/u_data_ctr/g0/g5/rc2/w8_4/c_reg (implemented as a Block RAM) might be sub-optimal as no optional output register could be merged into the ram block. Providing additional output register may help in improving timing.
INFO: [Synth 8-7052] The timing for the instance u_core/u_data_ctr/g0/g5/rc2/w8_2/c_reg (implemented as a Block RAM) might be sub-optimal as no optional output register could be merged into the ram block. Providing additional output register may help in improving timing.
INFO: [Synth 8-7052] The timing for the instance u_core/u_data_ctr/g0/g5/rc2/w8_2/c_reg (implemented as a Block RAM) might be sub-optimal as no optional output register could be merged into the ram block. Providing additional output register may help in improving timing.
INFO: [Synth 8-7052] The timing for the instance u_core/u_data_ctr/g0/g5/rc3/w4_4/c_reg (implemented as a Block RAM) might be sub-optimal as no optional output register could be merged into the ram block. Providing additional output register may help in improving timing.
INFO: [Synth 8-7052] The timing for the instance u_core/u_data_ctr/g0/g5/rc3/w4_4/c_reg (implemented as a Block RAM) might be sub-optimal as no optional output register could be merged into the ram block. Providing additional output register may help in improving timing.
INFO: [Synth 8-7052] The timing for the instance u_core/u_data_ctr/g0/g5/rc3/w4_2/c_reg (implemented as a Block RAM) might be sub-optimal as no optional output register could be merged into the ram block. Providing additional output register may help in improving timing.
INFO: [Synth 8-7052] The timing for the instance u_core/u_data_ctr/g0/g5/rc3/w4_2/c_reg (implemented as a Block RAM) might be sub-optimal as no optional output register could be merged into the ram block. Providing additional output register may help in improving timing.
INFO: [Synth 8-7052] The timing for the instance u_core/u_data_ctr/g0/g5/rc3/w8_4/c_reg (implemented as a Block RAM) might be sub-optimal as no optional output register could be merged into the ram block. Providing additional output register may help in improving timing.
INFO: [Synth 8-7052] The timing for the instance u_core/u_data_ctr/g0/g5/rc3/w8_4/c_reg (implemented as a Block RAM) might be sub-optimal as no optional output register could be merged into the ram block. Providing additional output register may help in improving timing.
INFO: [Synth 8-7052] The timing for the instance u_core/u_data_ctr/g0/g5/rc3/w8_2/c_reg (implemented as a Block RAM) might be sub-optimal as no optional output register could be merged into the ram block. Providing additional output register may help in improving timing.
INFO: [Synth 8-7052] The timing for the instance u_core/u_data_ctr/g0/g5/rc3/w8_2/c_reg (implemented as a Block RAM) might be sub-optimal as no optional output register could be merged into the ram block. Providing additional output register may help in improving timing.
INFO: [Synth 8-7052] The timing for the instance u_core/u_data_ctr/g0/g5/rc4/w4_4/c_reg (implemented as a Block RAM) might be sub-optimal as no optional output register could be merged into the ram block. Providing additional output register may help in improving timing.
INFO: [Synth 8-7052] The timing for the instance u_core/u_data_ctr/g0/g5/rc4/w4_4/c_reg (implemented as a Block RAM) might be sub-optimal as no optional output register could be merged into the ram block. Providing additional output register may help in improving timing.
INFO: [Synth 8-7052] The timing for the instance u_core/u_data_ctr/g0/g5/rc4/w4_2/c_reg (implemented as a Block RAM) might be sub-optimal as no optional output register could be merged into the ram block. Providing additional output register may help in improving timing.
INFO: [Synth 8-7052] The timing for the instance u_core/u_data_ctr/g0/g5/rc4/w4_2/c_reg (implemented as a Block RAM) might be sub-optimal as no optional output register could be merged into the ram block. Providing additional output register may help in improving timing.
INFO: [Synth 8-7052] The timing for the instance u_core/u_data_ctr/g0/g5/rc4/w8_4/c_reg (implemented as a Block RAM) might be sub-optimal as no optional output register could be merged into the ram block. Providing additional output register may help in improving timing.
INFO: [Synth 8-7052] The timing for the instance u_core/u_data_ctr/g0/g5/rc4/w8_4/c_reg (implemented as a Block RAM) might be sub-optimal as no optional output register could be merged into the ram block. Providing additional output register may help in improving timing.
INFO: [Synth 8-7052] The timing for the instance u_core/u_data_ctr/g0/g5/rc4/w8_2/c_reg (implemented as a Block RAM) might be sub-optimal as no optional output register could be merged into the ram block. Providing additional output register may help in improving timing.
INFO: [Synth 8-7052] The timing for the instance u_core/u_data_ctr/g0/g5/rc4/w8_2/c_reg (implemented as a Block RAM) might be sub-optimal as no optional output register could be merged into the ram block. Providing additional output register may help in improving timing.
INFO: [Synth 8-7052] The timing for the instance u_core/u_data_ctr/g0/g5/rc5/w4_4/c_reg (implemented as a Block RAM) might be sub-optimal as no optional output register could be merged into the ram block. Providing additional output register may help in improving timing.
INFO: [Synth 8-7052] The timing for the instance u_core/u_data_ctr/g0/g5/rc5/w4_4/c_reg (implemented as a Block RAM) might be sub-optimal as no optional output register could be merged into the ram block. Providing additional output register may help in improving timing.
INFO: [Synth 8-7052] The timing for the instance u_core/u_data_ctr/g0/g5/rc5/w4_2/c_reg (implemented as a Block RAM) might be sub-optimal as no optional output register could be merged into the ram block. Providing additional output register may help in improving timing.
INFO: [Synth 8-7052] The timing for the instance u_core/u_data_ctr/g0/g5/rc5/w4_2/c_reg (implemented as a Block RAM) might be sub-optimal as no optional output register could be merged into the ram block. Providing additional output register may help in improving timing.
INFO: [Synth 8-7052] The timing for the instance u_core/u_data_ctr/g0/g5/rc5/w8_4/c_reg (implemented as a Block RAM) might be sub-optimal as no optional output register could be merged into the ram block. Providing additional output register may help in improving timing.
INFO: [Synth 8-7052] The timing for the instance u_core/u_data_ctr/g0/g5/rc5/w8_4/c_reg (implemented as a Block RAM) might be sub-optimal as no optional output register could be merged into the ram block. Providing additional output register may help in improving timing.
INFO: [Synth 8-7052] The timing for the instance u_core/u_data_ctr/g0/g5/rc5/w8_2/c_reg (implemented as a Block RAM) might be sub-optimal as no optional output register could be merged into the ram block. Providing additional output register may help in improving timing.
INFO: [Synth 8-7052] The timing for the instance u_core/u_data_ctr/g0/g5/rc5/w8_2/c_reg (implemented as a Block RAM) might be sub-optimal as no optional output register could be merged into the ram block. Providing additional output register may help in improving timing.
INFO: [Synth 8-7052] The timing for the instance u_core/u_data_ctr/g0/g5/rc6/w4_4/c_reg (implemented as a Block RAM) might be sub-optimal as no optional output register could be merged into the ram block. Providing additional output register may help in improving timing.
INFO: [Synth 8-7052] The timing for the instance u_core/u_data_ctr/g0/g5/rc6/w4_4/c_reg (implemented as a Block RAM) might be sub-optimal as no optional output register could be merged into the ram block. Providing additional output register may help in improving timing.
INFO: [Synth 8-7052] The timing for the instance u_core/u_data_ctr/g0/g5/rc6/w4_2/c_reg (implemented as a Block RAM) might be sub-optimal as no optional output register could be merged into the ram block. Providing additional output register may help in improving timing.
INFO: [Synth 8-7052] The timing for the instance u_core/u_data_ctr/g0/g5/rc6/w4_2/c_reg (implemented as a Block RAM) might be sub-optimal as no optional output register could be merged into the ram block. Providing additional output register may help in improving timing.
INFO: [Synth 8-7052] The timing for the instance u_core/u_data_ctr/g0/g5/rc6/w8_4/c_reg (implemented as a Block RAM) might be sub-optimal as no optional output register could be merged into the ram block. Providing additional output register may help in improving timing.
INFO: [Synth 8-7052] The timing for the instance u_core/u_data_ctr/g0/g5/rc6/w8_4/c_reg (implemented as a Block RAM) might be sub-optimal as no optional output register could be merged into the ram block. Providing additional output register may help in improving timing.
INFO: [Synth 8-7052] The timing for the instance u_core/u_data_ctr/g0/g5/rc6/w8_2/c_reg (implemented as a Block RAM) might be sub-optimal as no optional output register could be merged into the ram block. Providing additional output register may help in improving timing.
INFO: [Synth 8-7052] The timing for the instance u_core/u_data_ctr/g0/g5/rc6/w8_2/c_reg (implemented as a Block RAM) might be sub-optimal as no optional output register could be merged into the ram block. Providing additional output register may help in improving timing.
INFO: [Common 17-14] Message 'Synth 8-7052' appears 100 times and further instances of the messages will be disabled. Use the Tcl command set_msg_config to change the current settings.
---------------------------------------------------------------------------------
Finished Technology Mapping : Time (s): cpu = 00:01:18 ; elapsed = 00:01:32 . Memory (MB): peak = 1935.273 ; gain = 0.000
---------------------------------------------------------------------------------
---------------------------------------------------------------------------------
Start IO Insertion
---------------------------------------------------------------------------------
---------------------------------------------------------------------------------
Start Flattening Before IO Insertion
---------------------------------------------------------------------------------
---------------------------------------------------------------------------------
Finished Flattening Before IO Insertion
---------------------------------------------------------------------------------
---------------------------------------------------------------------------------
Start Final Netlist Cleanup
---------------------------------------------------------------------------------
---------------------------------------------------------------------------------
Finished Final Netlist Cleanup
---------------------------------------------------------------------------------
---------------------------------------------------------------------------------
Finished IO Insertion : Time (s): cpu = 00:01:29 ; elapsed = 00:01:43 . Memory (MB): peak = 1935.273 ; gain = 0.000
---------------------------------------------------------------------------------
---------------------------------------------------------------------------------
Start Renaming Generated Instances
---------------------------------------------------------------------------------
---------------------------------------------------------------------------------
Finished Renaming Generated Instances : Time (s): cpu = 00:01:29 ; elapsed = 00:01:43 . Memory (MB): peak = 1935.273 ; gain = 0.000
---------------------------------------------------------------------------------
---------------------------------------------------------------------------------
Start Rebuilding User Hierarchy
---------------------------------------------------------------------------------
---------------------------------------------------------------------------------
Finished Rebuilding User Hierarchy : Time (s): cpu = 00:01:32 ; elapsed = 00:01:45 . Memory (MB): peak = 1935.273 ; gain = 0.000
---------------------------------------------------------------------------------
---------------------------------------------------------------------------------
Start Renaming Generated Ports
---------------------------------------------------------------------------------
---------------------------------------------------------------------------------
Finished Renaming Generated Ports : Time (s): cpu = 00:01:32 ; elapsed = 00:01:46 . Memory (MB): peak = 1935.273 ; gain = 0.000
---------------------------------------------------------------------------------
---------------------------------------------------------------------------------
Start Handling Custom Attributes
---------------------------------------------------------------------------------
---------------------------------------------------------------------------------
Finished Handling Custom Attributes : Time (s): cpu = 00:01:35 ; elapsed = 00:01:49 . Memory (MB): peak = 1935.273 ; gain = 0.000
---------------------------------------------------------------------------------
---------------------------------------------------------------------------------
Start Renaming Generated Nets
---------------------------------------------------------------------------------
---------------------------------------------------------------------------------
Finished Renaming Generated Nets : Time (s): cpu = 00:01:36 ; elapsed = 00:01:49 . Memory (MB): peak = 1935.273 ; gain = 0.000
---------------------------------------------------------------------------------
---------------------------------------------------------------------------------
Start Writing Synthesis Report
---------------------------------------------------------------------------------

Report BlackBoxes: 
+-+--------------+----------+
| |BlackBox name |Instances |
+-+--------------+----------+
+-+--------------+----------+

Report Cell Usage: 
+------+------------+------+
|      |Cell        |Count |
+------+------------+------+
|1     |BUFG        |     2|
|2     |CARRY4      |   204|
|3     |LUT1        |    44|
|4     |LUT2        |  7263|
|5     |LUT3        |  3366|
|6     |LUT4        |  4016|
|7     |LUT5        |  5885|
|8     |LUT6        | 12645|
|9     |MMCME2_BASE |     1|
|10    |MUXF7       |  2228|
|11    |MUXF8       |   760|
|12    |RAMB18E1    |   105|
|13    |FDRE        | 21987|
|14    |FDSE        |    10|
|15    |IBUF        |     3|
|16    |OBUF        |     5|
+------+------------+------+
---------------------------------------------------------------------------------
Finished Writing Synthesis Report : Time (s): cpu = 00:01:36 ; elapsed = 00:01:49 . Memory (MB): peak = 1935.273 ; gain = 0.000
---------------------------------------------------------------------------------
Synthesis finished with 0 errors, 0 critical warnings and 2 warnings.
Synthesis Optimization Runtime : Time (s): cpu = 00:01:36 ; elapsed = 00:01:50 . Memory (MB): peak = 1935.273 ; gain = 0.000
Synthesis Optimization Complete : Time (s): cpu = 00:01:36 ; elapsed = 00:01:50 . Memory (MB): peak = 1935.273 ; gain = 0.000
INFO: [Project 1-571] Translating synthesized netlist
Netlist sorting complete. Time (s): cpu = 00:00:01 ; elapsed = 00:00:00.569 . Memory (MB): peak = 1935.273 ; gain = 0.000
INFO: [Netlist 29-17] Analyzing 3298 Unisim elements for replacement
INFO: [Netlist 29-28] Unisim Transformation completed in 0 CPU seconds
INFO: [Project 1-570] Preparing netlist for logic optimization
INFO: [Opt 31-138] Pushed 0 inverter(s) to 0 load pin(s).
Netlist sorting complete. Time (s): cpu = 00:00:00 ; elapsed = 00:00:00.017 . Memory (MB): peak = 1935.273 ; gain = 0.000
INFO: [Project 1-111] Unisim Transformation Summary:
  A total of 1 instances were transformed.
  MMCME2_BASE => MMCME2_ADV: 1 instance 

Synth Design complete, checksum: 56b8342f
INFO: [Common 17-83] Releasing license: Synthesis
274 Infos, 2 Warnings, 0 Critical Warnings and 0 Errors encountered.
synth_design completed successfully
synth_design: Time (s): cpu = 00:01:56 ; elapsed = 00:02:03 . Memory (MB): peak = 2001.625 ; gain = 66.352
# set synth_top_cells [require_objects [get_cells -quiet *] "synthesized top-level cells"]
# show_schematic -name "Synthesized Top Netlist" $synth_top_cells
show_schematic: Time (s): cpu = 00:00:09 ; elapsed = 00:00:07 . Memory (MB): peak = 2001.625 ; gain = 0.000
# write_schematic -force -format svg -orientation landscape -scope all \
#     -name "Synthesized Top Netlist" "$staging_dir/synthesized_top_netlist.svg"
# set synth_crypto_cells [get_cells -quiet -hierarchical -filter {ORIG_REF_NAME =~ "top" || ORIG_REF_NAME =~ "AES_e" || ORIG_REF_NAME =~ "GHASH" || ORIG_REF_NAME =~ "aes_ctr_wrapper"}]
# set synth_crypto_cells [require_objects $synth_crypto_cells "synthesized crypto datapath cells"]
# show_schematic -name "Synthesized Crypto Datapath" $synth_crypto_cells
# write_schematic -force -format svg -orientation landscape -scope all \
#     -name "Synthesized Crypto Datapath" "$staging_dir/synthesized_crypto_datapath.svg"
# close_design
# close_project
# open_checkpoint $checkpoint
Command: open_checkpoint C:/project/FPGA2/artifacts/工程報告(engineering_reports)/凍結UART(frozen_uart)/檢查點(checkpoint)/fpga_top_arty_a7_uart_routed.dcp

Starting open_checkpoint Task

Time (s): cpu = 00:00:00 ; elapsed = 00:00:00.145 . Memory (MB): peak = 2001.625 ; gain = 0.000
INFO: [IP_Flow 19-234] Refreshing IP repositories
INFO: [IP_Flow 19-1704] No user IP repositories specified
INFO: [IP_Flow 19-2313] Loaded Vivado IP repository 'C:/Xilinx/Vivado/2021.1/data/ip'.
Netlist sorting complete. Time (s): cpu = 00:00:00 ; elapsed = 00:00:00.348 . Memory (MB): peak = 2001.625 ; gain = 0.000
INFO: [Netlist 29-17] Analyzing 3296 Unisim elements for replacement
INFO: [Netlist 29-28] Unisim Transformation completed in 0 CPU seconds
INFO: [Project 1-479] Netlist was created with Vivado 2021.1
INFO: [Project 1-570] Preparing netlist for logic optimization
INFO: [Timing 38-478] Restoring timing data from binary archive.
INFO: [Timing 38-479] Binary timing data restore complete.
INFO: [Project 1-856] Restoring constraints from binary archive.
INFO: [Project 1-853] Binary constraint restore complete.
Reading XDEF placement.
Reading placer database...
Reading XDEF routing.
Read XDEF File: Time (s): cpu = 00:00:05 ; elapsed = 00:00:05 . Memory (MB): peak = 2391.922 ; gain = 28.945
Restored from archive | CPU: 5.000000 secs | Memory: 0.000000 MB |
Finished XDEF File Restore: Time (s): cpu = 00:00:05 ; elapsed = 00:00:05 . Memory (MB): peak = 2391.922 ; gain = 28.945
Netlist sorting complete. Time (s): cpu = 00:00:00 ; elapsed = 00:00:00.010 . Memory (MB): peak = 2391.922 ; gain = 0.000
INFO: [Project 1-111] Unisim Transformation Summary:
No Unisim elements were transformed.

INFO: [Project 1-604] Checkpoint was created with Vivado v2021.1 (64-bit) build 3247384
open_checkpoint: Time (s): cpu = 00:00:38 ; elapsed = 00:00:27 . Memory (MB): peak = 2456.281 ; gain = 454.656
get_timing_paths: Time (s): cpu = 00:00:31 ; elapsed = 00:00:12 . Memory (MB): peak = 2575.984 ; gain = 119.703
# set worst_setup_path [require_objects [get_timing_paths -delay_type max -max_paths 1] "worst setup timing path"]
# show_schematic -name "Worst Setup Critical Path (Post-Route)" $worst_setup_path
# write_schematic -force -format svg -orientation landscape -scope all \
#     -name "Worst Setup Critical Path (Post-Route)" "$staging_dir/worst_setup_critical_path.svg"
# puts "GUI_VISUAL_EXPORT_COMPLETE"
GUI_VISUAL_EXPORT_COMPLETE
# puts "GUI_VISUAL_STAGING=$staging_dir"
GUI_VISUAL_STAGING=C:/project/FPGA2/.Xil/frozen_uart_visuals
