Copyright 1986-2021 Xilinx, Inc. All Rights Reserved.
-------------------------------------------------------------------------------------------------------------------------------------------------------------
| Tool Version : Vivado v.2021.1 (win64) Build 3247384 Thu Jun 10 19:36:33 MDT 2021
| Date         : Sat Aug 15 10:06:51 2026
| Host         : DESKTOP-IO47298 running 64-bit major release  (build 9200)
| Command      : report_clock_networks -file C:/project/FPGA2/artifacts/工程報告(engineering_reports)/凍結UART(frozen_uart)/報告(reports)/clock_networks.rpt
| Design       : fpga_top_arty_a7_uart
| Device       : 7a100t-csg324
| Speed File   : -1  PRODUCTION 1.23 2018-06-13
-------------------------------------------------------------------------------------------------------------------------------------------------------------

Clock Networks Report


Constrained Clocks
-------------------

Clock sys_clk_pin (100MHz)(endpoints: 22174 clock, 1 nonclock)
Port clk

Clock core_clk (25MHz)(endpoints: 22148 clock, 0 nonclock)
BUFG/O (u_core_clk_buf)

