Copyright 1986-2021 Xilinx, Inc. All Rights Reserved.
-------------------------------------------------------------------------------------------------------------------------------------------------------------------------------------------------------------------
| Tool Version : Vivado v.2021.1 (win64) Build 3247384 Thu Jun 10 19:36:33 MDT 2021
| Date         : Sat Aug 15 10:06:11 2026
| Host         : DESKTOP-IO47298 running 64-bit major release  (build 9200)
| Command      : report_design_analysis -timing -setup -max_paths 10 -show_all -file C:/project/FPGA2/artifacts/工程報告(engineering_reports)/凍結UART(frozen_uart)/報告(reports)/design_analysis_timing_setup.rpt
| Design       : fpga_top_arty_a7_uart
| Device       : xc7a100t
| Design State : Routed
-------------------------------------------------------------------------------------------------------------------------------------------------------------------------------------------------------------------

Report Design Analysis

Table of Contents
-----------------
1. Setup Path Characteristics 1-10

1. Setup Path Characteristics 1-10
----------------------------------

+----------+-------------+------------+-------------+------------+------------+-------+------------------+-------------------+-----------------------+-----------+-------------+-----------------+--------------------+--------------------+-------------+--------------+--------+--------------------------------------------------------------------+-------------------+-----------------+-----------+------+--------------+------------------+---------------+---------+-------------+-------------------+------------+------------+---------------------------+-------------------------+--------------------+---------------------+
|   Paths  | Requirement | Path Delay | Logic Delay |  Net Delay | Clock Skew | Slack | Timing Exception | Bounding Box Size | Clock Region Distance | Fixed Loc | Fixed Route | Hold Fix Detour | Combined LUT Pairs | Clock Relationship | Clock Group | Logic Levels | Routes |                            Logical Path                            | Start Point Clock | End Point Clock | DSP Block | BRAM | IO Crossings | Config Crossings | SLR Crossings | PBlocks | High Fanout | Cumulative Fanout | Dont Touch | Mark Debug | Start Point Pin Primitive | End Point Pin Primitive |   Start Point Pin  |    End Point Pin    |
+----------+-------------+------------+-------------+------------+------------+-------+------------------+-------------------+-----------------------+-----------+-------------+-----------------+--------------------+--------------------+-------------+--------------+--------+--------------------------------------------------------------------+-------------------+-----------------+-----------+------+--------------+------------------+---------------+---------+-------------+-------------------+------------+------------+---------------------------+-------------------------+--------------------+---------------------+
| Path #1  | 10.000      | 2.515      | 2.034(81%)  | 0.481(19%) | -0.136     | 7.376 |                  | 0% x 3%           | (0, 1)                | 0         | 0           | 0               | 0                  | Safely Timed       | 1           | 7            | 7      | FDRE/C-(1)-CARRY4-CARRY4-CARRY4-CARRY4-CARRY4-CARRY4-CARRY4-FDRE/D | sys_clk_pin       | sys_clk_pin     | None      | None | 0            | 0                | 0             | 0       | 1           | 1                 | 0          | 0          | FDRE/C                    | FDRE/D                  | alive_div_reg[1]/C | alive_div_reg[25]/D |
| Path #2  | 10.000      | 2.404      | 1.923(80%)  | 0.481(20%) | -0.136     | 7.487 |                  | 0% x 3%           | (0, 1)                | 0         | 0           | 0               | 0                  | Safely Timed       | 1           | 7            | 7      | FDRE/C-(1)-CARRY4-CARRY4-CARRY4-CARRY4-CARRY4-CARRY4-CARRY4-FDRE/D | sys_clk_pin       | sys_clk_pin     | None      | None | 0            | 0                | 0             | 0       | 1           | 1                 | 0          | 0          | FDRE/C                    | FDRE/D                  | alive_div_reg[1]/C | alive_div_reg[24]/D |
| Path #3  | 10.000      | 2.401      | 1.920(80%)  | 0.481(20%) | -0.136     | 7.490 |                  | 0% x 2%           | (0, 1)                | 0         | 0           | 0               | 0                  | Safely Timed       | 1           | 6            | 6      | FDRE/C-(1)-CARRY4-CARRY4-CARRY4-CARRY4-CARRY4-CARRY4-FDRE/D        | sys_clk_pin       | sys_clk_pin     | None      | None | 0            | 0                | 0             | 0       | 1           | 1                 | 0          | 0          | FDRE/C                    | FDRE/D                  | alive_div_reg[1]/C | alive_div_reg[21]/D |
| Path #4  | 10.000      | 2.380      | 1.899(80%)  | 0.481(20%) | -0.136     | 7.511 |                  | 0% x 2%           | (0, 1)                | 0         | 0           | 0               | 0                  | Safely Timed       | 1           | 6            | 6      | FDRE/C-(1)-CARRY4-CARRY4-CARRY4-CARRY4-CARRY4-CARRY4-FDRE/D        | sys_clk_pin       | sys_clk_pin     | None      | None | 0            | 0                | 0             | 0       | 1           | 1                 | 0          | 0          | FDRE/C                    | FDRE/D                  | alive_div_reg[1]/C | alive_div_reg[23]/D |
| Path #5  | 10.000      | 2.306      | 1.825(80%)  | 0.481(20%) | -0.136     | 7.585 |                  | 0% x 2%           | (0, 1)                | 0         | 0           | 0               | 0                  | Safely Timed       | 1           | 6            | 6      | FDRE/C-(1)-CARRY4-CARRY4-CARRY4-CARRY4-CARRY4-CARRY4-FDRE/D        | sys_clk_pin       | sys_clk_pin     | None      | None | 0            | 0                | 0             | 0       | 1           | 1                 | 0          | 0          | FDRE/C                    | FDRE/D                  | alive_div_reg[1]/C | alive_div_reg[22]/D |
| Path #6  | 10.000      | 2.290      | 1.809(79%)  | 0.481(21%) | -0.136     | 7.601 |                  | 0% x 2%           | (0, 1)                | 0         | 0           | 0               | 0                  | Safely Timed       | 1           | 6            | 6      | FDRE/C-(1)-CARRY4-CARRY4-CARRY4-CARRY4-CARRY4-CARRY4-FDRE/D        | sys_clk_pin       | sys_clk_pin     | None      | None | 0            | 0                | 0             | 0       | 1           | 1                 | 0          | 0          | FDRE/C                    | FDRE/D                  | alive_div_reg[1]/C | alive_div_reg[20]/D |
| Path #7  | 10.000      | 2.286      | 1.806(79%)  | 0.480(21%) | -0.024     | 7.716 |                  | 0% x 2%           | (0, 0)                | 0         | 0           | 0               | 0                  | Safely Timed       | 1           | 5            | 5      | FDRE/C-(1)-CARRY4-CARRY4-CARRY4-CARRY4-CARRY4-FDRE/D               | sys_clk_pin       | sys_clk_pin     | None      | None | 0            | 0                | 0             | 0       | 1           | 1                 | 0          | 0          | FDRE/C                    | FDRE/D                  | alive_div_reg[1]/C | alive_div_reg[17]/D |
| Path #8  | 10.000      | 2.265      | 1.785(79%)  | 0.480(21%) | -0.024     | 7.737 |                  | 0% x 2%           | (0, 0)                | 0         | 0           | 0               | 0                  | Safely Timed       | 1           | 5            | 5      | FDRE/C-(1)-CARRY4-CARRY4-CARRY4-CARRY4-CARRY4-FDRE/D               | sys_clk_pin       | sys_clk_pin     | None      | None | 0            | 0                | 0             | 0       | 1           | 1                 | 0          | 0          | FDRE/C                    | FDRE/D                  | alive_div_reg[1]/C | alive_div_reg[19]/D |
| Path #9  | 10.000      | 2.191      | 1.711(79%)  | 0.480(21%) | -0.024     | 7.811 |                  | 0% x 2%           | (0, 0)                | 0         | 0           | 0               | 0                  | Safely Timed       | 1           | 5            | 5      | FDRE/C-(1)-CARRY4-CARRY4-CARRY4-CARRY4-CARRY4-FDRE/D               | sys_clk_pin       | sys_clk_pin     | None      | None | 0            | 0                | 0             | 0       | 1           | 1                 | 0          | 0          | FDRE/C                    | FDRE/D                  | alive_div_reg[1]/C | alive_div_reg[18]/D |
| Path #10 | 10.000      | 2.175      | 1.695(78%)  | 0.480(22%) | -0.024     | 7.827 |                  | 0% x 2%           | (0, 0)                | 0         | 0           | 0               | 0                  | Safely Timed       | 1           | 5            | 5      | FDRE/C-(1)-CARRY4-CARRY4-CARRY4-CARRY4-CARRY4-FDRE/D               | sys_clk_pin       | sys_clk_pin     | None      | None | 0            | 0                | 0             | 0       | 1           | 1                 | 0          | 0          | FDRE/C                    | FDRE/D                  | alive_div_reg[1]/C | alive_div_reg[16]/D |
+----------+-------------+------------+-------------+------------+------------+-------+------------------+-------------------+-----------------------+-----------+-------------+-----------------+--------------------+--------------------+-------------+--------------+--------+--------------------------------------------------------------------+-------------------+-----------------+-----------+------+--------------+------------------+---------------+---------+-------------+-------------------+------------+------------+---------------------------+-------------------------+--------------------+---------------------+
* Bounding box calculated as % of dimensions for the target device (244, 400)


