Copyright 1986-2021 Xilinx, Inc. All Rights Reserved.
-----------------------------------------------------------------------------------------------------------------------------------------------------------------------------------------------------------------
| Tool Version : Vivado v.2021.1 (win64) Build 3247384 Thu Jun 10 19:36:33 MDT 2021
| Date         : Sat Aug 15 10:06:12 2026
| Host         : DESKTOP-IO47298 running 64-bit major release  (build 9200)
| Command      : report_design_analysis -timing -hold -max_paths 10 -show_all -file C:/project/FPGA2/artifacts/工程報告(engineering_reports)/凍結UART(frozen_uart)/報告(reports)/design_analysis_timing_hold.rpt
| Design       : fpga_top_arty_a7_uart
| Device       : xc7a100t
| Design State : Routed
-----------------------------------------------------------------------------------------------------------------------------------------------------------------------------------------------------------------

Report Design Analysis

Table of Contents
-----------------
1. Hold Path Characteristics 1-10

1. Hold Path Characteristics 1-10
---------------------------------

+----------+-------------+------------+-------------+------------+------------+-------+------------------+-------------------+-----------------------+-----------+-------------+-----------------+--------------------+--------------------+-------------+--------------+--------+----------------------------+-------------------+-----------------+-----------+------+--------------+------------------+---------------+---------+-------------+-------------------+------------+------------+---------------------------+-------------------------+-------------------------------+------------------------------+
|   Paths  | Requirement | Path Delay | Logic Delay |  Net Delay | Clock Skew | Slack | Timing Exception | Bounding Box Size | Clock Region Distance | Fixed Loc | Fixed Route | Hold Fix Detour | Combined LUT Pairs | Clock Relationship | Clock Group | Logic Levels | Routes |        Logical Path        | Start Point Clock | End Point Clock | DSP Block | BRAM | IO Crossings | Config Crossings | SLR Crossings | PBlocks | High Fanout | Cumulative Fanout | Dont Touch | Mark Debug | Start Point Pin Primitive | End Point Pin Primitive |        Start Point Pin        |         End Point Pin        |
+----------+-------------+------------+-------------+------------+------------+-------+------------------+-------------------+-----------------------+-----------+-------------+-----------------+--------------------+--------------------+-------------+--------------+--------+----------------------------+-------------------+-----------------+-----------+------+--------------+------------------+---------------+---------+-------------+-------------------+------------+------------+---------------------------+-------------------------+-------------------------------+------------------------------+
| Path #1  | 0.000       | 0.350      | 0.186(54%)  | 0.164(46%) | 0.213      | 0.016 |                  | 0% x 1%           | (0, 1)                | 0         | 0           | 0               | 0                  | Safely Timed       | 1           | 1            | 1      | FDRE/C-(5)-LUT6-(1)-FDRE/D | core_clk          | core_clk        | None      | None | 0            | 0                | 0             | 0       | 5           | 6                 | 0          | 0          | FDRE/C                    | FDRE/D                  | din_lock_r_reg[11]/C          | data_out_reg[27]/D           |
| Path #2  | 0.000       | 0.359      | 0.141(40%)  | 0.218(60%) | 0.267      | 0.020 |                  | 4% x 0%           | (1, 0)                | 0         | 0           | 0               | 0                  | Safely Timed       | 1           | 0            | 1      | FDRE/C-(1)-FDRE/D          | core_clk          | core_clk        | None      | None | 0            | 0                | 0             | 0       | 1           | 1                 | 0          | 0          | FDRE/C                    | FDRE/D                  | frame_load_payload_reg[645]/C | frame_payload_buf_reg[645]/D |
| Path #3  | 0.000       | 0.357      | 0.141(40%)  | 0.216(60%) | 0.266      | 0.021 |                  | 4% x 0%           | (1, 0)                | 0         | 0           | 0               | 0                  | Safely Timed       | 1           | 0            | 1      | FDRE/C-(1)-FDRE/D          | core_clk          | core_clk        | None      | None | 0            | 0                | 0             | 0       | 1           | 1                 | 0          | 0          | FDRE/C                    | FDRE/D                  | wordout_r_reg[88]/C           | ghash_h_reg[88]/D            |
| Path #4  | 0.000       | 0.353      | 0.141(40%)  | 0.212(60%) | 0.265      | 0.022 |                  | 3% x 0%           | (1, 0)                | 0         | 0           | 0               | 0                  | Safely Timed       | 1           | 0            | 1      | FDRE/C-(1)-FDRE/D          | core_clk          | core_clk        | None      | None | 0            | 0                | 0             | 0       | 1           | 1                 | 0          | 0          | FDRE/C                    | FDRE/D                  | wordout_r_reg[57]/C           | ghash_h_reg[57]/D            |
| Path #5  | 0.000       | 0.354      | 0.141(40%)  | 0.213(60%) | 0.266      | 0.025 |                  | 4% x 1%           | (1, 0)                | 0         | 0           | 0               | 0                  | Safely Timed       | 1           | 0            | 1      | FDRE/C-(1)-FDRE/D          | core_clk          | core_clk        | None      | None | 0            | 0                | 0             | 0       | 1           | 1                 | 0          | 0          | FDRE/C                    | FDRE/D                  | frame_load_payload_reg[650]/C | frame_payload_buf_reg[650]/D |
| Path #6  | 0.000       | 0.362      | 0.141(39%)  | 0.221(61%) | 0.267      | 0.025 |                  | 5% x 0%           | (1, 0)                | 0         | 0           | 0               | 0                  | Safely Timed       | 1           | 0            | 1      | FDRE/C-(1)-FDRE/D          | core_clk          | core_clk        | None      | None | 0            | 0                | 0             | 0       | 1           | 1                 | 0          | 0          | FDRE/C                    | FDRE/D                  | wordout_r_reg[49]/C           | ghash_h_reg[49]/D            |
| Path #7  | 0.000       | 0.357      | 0.141(40%)  | 0.216(60%) | 0.261      | 0.026 |                  | 4% x 0%           | (1, 0)                | 0         | 0           | 0               | 0                  | Safely Timed       | 1           | 0            | 1      | FDRE/C-(1)-FDRE/D          | core_clk          | core_clk        | None      | None | 0            | 0                | 0             | 0       | 1           | 1                 | 0          | 0          | FDRE/C                    | FDRE/D                  | data_plaintext_reg[44]/C      | plaintext_r_reg[44]/D        |
| Path #8  | 0.000       | 0.360      | 0.141(40%)  | 0.219(60%) | 0.263      | 0.027 |                  | 2% x 0%           | (1, 0)                | 0         | 0           | 0               | 0                  | Safely Timed       | 1           | 0            | 1      | FDRE/C-(2)-FDRE/D          | core_clk          | core_clk        | None      | None | 0            | 0                | 0             | 0       | 2           | 2                 | 0          | 0          | FDRE/C                    | FDRE/D                  | aad_data_r_reg[684]/C         | aad_data_r_reg[692]/D        |
| Path #9  | 0.000       | 0.367      | 0.141(39%)  | 0.226(61%) | 0.267      | 0.028 |                  | 6% x 0%           | (1, 0)                | 0         | 0           | 0               | 0                  | Safely Timed       | 1           | 0            | 1      | FDRE/C-(1)-FDRE/D          | core_clk          | core_clk        | None      | None | 0            | 0                | 0             | 0       | 1           | 1                 | 0          | 0          | FDRE/C                    | FDRE/D                  | frame_load_payload_reg[722]/C | frame_payload_buf_reg[722]/D |
| Path #10 | 0.000       | 0.420      | 0.209(50%)  | 0.211(50%) | 0.268      | 0.031 |                  | 0% x 1%           | (0, 1)                | 0         | 0           | 0               | 1                  | Safely Timed       | 1           | 1            | 1      | FDRE/C-(2)-LUT3-(1)-FDRE/D | core_clk          | core_clk        | None      | None | 0            | 0                | 0             | 0       | 2           | 3                 | 0          | 0          | FDRE/C                    | FDRE/D                  | iv_data_r_reg[314]/C          | ghash_src_data_reg[314]/D    |
+----------+-------------+------------+-------------+------------+------------+-------+------------------+-------------------+-----------------------+-----------+-------------+-----------------+--------------------+--------------------+-------------+--------------+--------+----------------------------+-------------------+-----------------+-----------+------+--------------+------------------+---------------+---------+-------------+-------------------+------------+------------+---------------------------+-------------------------+-------------------------------+------------------------------+
* Bounding box calculated as % of dimensions for the target device (244, 400)


