Copyright 1986-2021 Xilinx, Inc. All Rights Reserved.
----------------------------------------------------------------------------------------------------------------------------------------------------------------------------------------
| Tool Version : Vivado v.2021.1 (win64) Build 3247384 Thu Jun 10 19:36:33 MDT 2021
| Date         : Sat Aug 15 10:06:37 2026
| Host         : DESKTOP-IO47298 running 64-bit major release  (build 9200)
| Command      : report_design_analysis -qor_summary -file C:/project/FPGA2/artifacts/工程報告(engineering_reports)/凍結UART(frozen_uart)/報告(reports)/design_analysis_qor_summary.rpt
| Design       : fpga_top_arty_a7_uart
| Device       : xc7a100t
| Design State : Routed
----------------------------------------------------------------------------------------------------------------------------------------------------------------------------------------

Report Design Analysis

Table of Contents
-----------------
1. Design QoR Summary

1. Design QoR Summary
---------------------

+-----------------+---------+------------+---------+---------+---------+---------+-----+-----------------------------+---------------------------+---------------------------+-------------------------+----------------------------+--------------------------+---------------+-------------------+
|    Task Name    | Options | Directives | Wns(ns) | Tns(ns) | Whs(ns) | Ths(ns) | RQA | Global Cong Level (N-E-S-W) | Global Cong Tile% N-E-S-W | Long Cong Level (N-E-S-W) | Long Cong Tile% N-E-S-W | Short Cong Level (N-E-S-W) | Short Cong Tile% N-E-S-W | Runtime(mins) | Number of threads |
+-----------------+---------+------------+---------+---------+---------+---------+-----+-----------------------------+---------------------------+---------------------------+-------------------------+----------------------------+--------------------------+---------------+-------------------+
| synth_design    |         |            |         |         |         |         |     |                             |                           |                           |                         |                            |                          |             1 |                 2 |
| opt_design      |         |            |         |         |         |         |     |                             |                           |                           |                         |                            |                          |             0 |                 2 |
| place_design    |         |            |   7.514 |   0.000 |         |         |     |                             |                           |                           |                         |                            |                          |             1 |                 2 |
| phys_opt_design |         |            |   7.514 |   0.000 |         |         |     |                             |                           |                           |                         |                            |                          |             0 |                 2 |
| route_design    |         |            |   7.377 |   0.000 |   0.010 |   0.000 |     |                     - 0 - 0 |             - 0.01 - 0.01 |                   0 0 - 0 |        0.03 1.16 - 1.16 |                    1 1 1 1 |      0.80 0.51 0.53 0.28 |             1 |                 2 |
+-----------------+---------+------------+---------+---------+---------+---------+-----+-----------------------------+---------------------------+---------------------------+-------------------------+----------------------------+--------------------------+---------------+-------------------+
* Data is not available for the empty fields


