Copyright 1986-2021 Xilinx, Inc. All Rights Reserved.
------------------------------------------------------------------------------------------------------------------------------------------------------------------------------------------------------------
| Tool Version : Vivado v.2021.1 (win64) Build 3247384 Thu Jun 10 19:36:33 MDT 2021
| Date         : Sat Aug 15 10:06:36 2026
| Host         : DESKTOP-IO47298 running 64-bit major release  (build 9200)
| Command      : report_design_analysis -complexity -hierarchical_depth 4 -file C:/project/FPGA2/artifacts/工程報告(engineering_reports)/凍結UART(frozen_uart)/報告(reports)/design_analysis_complexity.rpt
| Design       : fpga_top_arty_a7_uart
| Device       : xc7a100t
| Design State : Routed
------------------------------------------------------------------------------------------------------------------------------------------------------------------------------------------------------------

Report Design Analysis

Table of Contents
-----------------
1. Complexity Characteristics (Cells)

1. Complexity Characteristics (Cells)
-------------------------------------

+---------------+-----------------------+------+----------------+-----------------+-----------+----------+-------------+-------------+-------------+-------------+--------------+------------+-----+------+------+------+
|    Instance   |         Module        | Rent | Average Fanout | Total Instances | Registers |   LUT1   |     LUT2    |     LUT3    |     LUT4    |     LUT5    |     LUT6     | Memory LUT | DSP | RAMB | MUXF | URAM |
+---------------+-----------------------+------+----------------+-----------------+-----------+----------+-------------+-------------+-------------+-------------+--------------+------------+-----+------+------+------+
| (top)         | fpga_top_arty_a7_uart | 0.58 |           3.69 |           58407 |     21970 | 16(0.0%) | 7265(21.9%) | 3378(10.2%) | 3996(12.1%) | 5862(17.7%) | 12614(38.1%) |          0 |   0 |  105 | 2986 |    0 |
|  u_core       |                   top | 0.63 |           3.81 |           37953 |     13795 | 11(0.1%) |  1583(7.2%) | 3284(15.0%) | 3675(16.7%) | 5663(25.8%) |  7733(35.2%) |          0 |   0 |  105 | 1976 |    0 |
|   u_aad_ct_in |             AAD_CT_IN | 0.55 |           3.77 |            8866 |      3248 |  0(0.0%) |   149(2.7%) | 1333(23.9%) |   318(5.7%) | 1708(30.6%) |  2069(37.1%) |          0 |   0 |    0 |    0 |    0 |
|   u_data_ctr  |       aes_ctr_wrapper | 0.53 |           2.86 |            7301 |      1595 |  0(0.0%) |   391(7.4%) |   468(8.9%) | 1276(24.1%) |  859(16.2%) |  2293(43.4%) |          0 |   0 |   35 |  384 |    0 |
|    g0         |              AES_e_70 | 0.58 |           2.96 |            4667 |      1330 |  0(0.0%) |  352(12.1%) |  363(12.4%) |  846(29.0%) |  533(18.3%) |   824(28.2%) |          0 |   0 |   35 |  384 |    0 |
|     g5        |               addr_74 | 0.65 |           3.16 |            1580 |       153 |  0(0.0%) |     9(0.9%) |     0(0.0%) |  649(63.8%) |  226(22.2%) |   133(13.1%) |          0 |   0 |   26 |  384 |    0 |
|   u_ghash     |                 GHASH | 0.38 |           2.59 |            1571 |       652 |  0(0.0%) |    36(3.9%) |  355(38.6%) |  134(14.6%) |  256(27.9%) |   138(15.0%) |          0 |   0 |    0 |    0 |    0 |
|   u_hcalc     |                 AES_e | 0.45 |           3.45 |            6207 |      1318 |  0(0.0%) |   160(4.2%) |  422(11.0%) |  643(16.7%) | 1860(48.4%) |   761(19.8%) |          0 |   0 |   35 | 1008 |    0 |
|    g5         |               addr_36 | 0.46 |           2.28 |            3588 |       141 |  0(0.0%) |     7(0.3%) |   224(9.3%) |  338(14.0%) | 1586(65.7%) |   258(10.7%) |          0 |   0 |   26 | 1008 |    0 |
|     rc1       |      KeyGeneration_37 | 0.31 |           1.63 |            2788 |         0 |  0(0.0%) |     0(0.0%) |   192(9.9%) |  304(15.7%) | 1216(62.8%) |   224(11.6%) |          0 |   0 |    4 |  848 |    0 |
|   u_iv_in     |                 IV_IN |   -^ |           3.05 |            1087 |      1036 |  0(0.0%) |     3(5.9%) |     1(2.0%) |    7(13.7%) |   19(37.3%) |    21(41.2%) |          0 |   0 |    0 |    0 |    0 |
|   u_tag_ctr   |     aes_ctr_wrapper_0 | 0.62 |           4.80 |            5002 |      1587 |  0(0.0%) |  480(16.0%) |  364(12.1%) |  845(28.2%) |  541(18.1%) |   766(25.6%) |          0 |   0 |   35 |  384 |    0 |
|    g0         |               AES_e_1 | 0.56 |           4.89 |            4668 |      1330 |  0(0.0%) |  480(16.4%) |  364(12.5%) |  845(28.9%) |  532(18.2%) |   698(23.9%) |          0 |   0 |   35 |  384 |    0 |
|     g5        |                  addr | 0.65 |           3.16 |            1580 |       153 |  0(0.0%) |     9(0.9%) |     0(0.0%) |  649(63.8%) |  226(22.2%) |   133(13.1%) |          0 |   0 |   26 |  384 |    0 |
+---------------+-----------------------+------+----------------+-----------------+-----------+----------+-------------+-------------+-------------+-------------+--------------+------------+-----+------+------+------+
* Complexity Ranges 
** 0.0 - 0.3 -> Very Low, 0.3 - 0.5 -> low, 0.5 - 0.65 -> normal,  0.65 - 0.85 -> high, 0.85 - 1.0 -> very high
*** -* -> Not computable as cell size is very small
**** -^ -> There is no trend between module partitions and external edges. Hence Rent is not computable


