Copyright 1986-2021 Xilinx, Inc. All Rights Reserved.
-------------------------------------------------------------------------------------------------------------------------------------------------------
| Tool Version : Vivado v.2021.1 (win64) Build 3247384 Thu Jun 10 19:36:33 MDT 2021
| Date         : Sat Aug 15 10:06:06 2026
| Host         : DESKTOP-IO47298 running 64-bit major release  (build 9200)
| Command      : report_methodology -file C:/project/FPGA2/artifacts/工程報告(engineering_reports)/凍結UART(frozen_uart)/報告(reports)/methodology.rpt
| Design       : fpga_top_arty_a7_uart
| Device       : xc7a100tcsg324-1
| Speed File   : -1
| Design State : Fully Routed
-------------------------------------------------------------------------------------------------------------------------------------------------------

Report Methodology

Table of Contents
-----------------
1. REPORT SUMMARY
2. REPORT DETAILS

1. REPORT SUMMARY
-----------------
            Netlist: fpga_top_arty_a7_uart
          Floorplan: design_1
      Design limits: <entire design considered>
             Max violations: <unlimited>
             Violations found: 9
+-----------+------------------+----------------------------------------------------+------------+
| Rule      | Severity         | Description                                        | Violations |
+-----------+------------------+----------------------------------------------------+------------+
| TIMING-2  | Critical Warning | Invalid primary clock source pin                   | 1          |
| TIMING-4  | Critical Warning | Invalid primary clock redefinition on a clock tree | 1          |
| TIMING-18 | Warning          | Missing input or output delay                      | 7          |
+-----------+------------------+----------------------------------------------------+------------+

2. REPORT DETAILS
-----------------
TIMING-2#1 Critical Warning
Invalid primary clock source pin  
A primary clock core_clk is created on an inappropriate pin u_core_clk_buf/O. It is recommended to create a primary clock only on a proper clock source (input port or primitive output pin with no timing arc)
Related violations: <none>

TIMING-4#1 Critical Warning
Invalid primary clock redefinition on a clock tree  
Invalid clock redefinition on a clock tree. The primary clock core_clk is defined downstream of clock core_clk_mmcm and overrides its insertion delay and/or waveform definition
Related violations: <none>

TIMING-18#1 Warning
Missing input or output delay  
An input delay is missing on rst_btn relative to clock(s) core_clk, sys_clk_pin
Related violations: <none>

TIMING-18#2 Warning
Missing input or output delay  
An input delay is missing on uart_txd_in relative to clock(s) core_clk
Related violations: <none>

TIMING-18#3 Warning
Missing input or output delay  
An output delay is missing on led[0] relative to clock(s) core_clk, sys_clk_pin
Related violations: <none>

TIMING-18#4 Warning
Missing input or output delay  
An output delay is missing on led[1] relative to clock(s) core_clk, sys_clk_pin
Related violations: <none>

TIMING-18#5 Warning
Missing input or output delay  
An output delay is missing on led[2] relative to clock(s) core_clk, sys_clk_pin
Related violations: <none>

TIMING-18#6 Warning
Missing input or output delay  
An output delay is missing on led[3] relative to clock(s) core_clk, sys_clk_pin
Related violations: <none>

TIMING-18#7 Warning
Missing input or output delay  
An output delay is missing on uart_rxd_out relative to clock(s) core_clk
Related violations: <none>


