Copyright 1986-2021 Xilinx, Inc. All Rights Reserved.
-------------------------------------------------------------------------------------------------------------------------------------------------------
| Tool Version : Vivado v.2021.1 (win64) Build 3247384 Thu Jun 10 19:36:33 MDT 2021
| Date         : Sat Aug 15 10:05:50 2026
| Host         : DESKTOP-IO47298 running 64-bit major release  (build 9200)
| Command      : report_utilization -file C:/project/FPGA2/artifacts/工程報告(engineering_reports)/凍結UART(frozen_uart)/報告(reports)/utilization.rpt
| Design       : fpga_top_arty_a7_uart
| Device       : 7a100tcsg324-1
| Design State : Routed
-------------------------------------------------------------------------------------------------------------------------------------------------------

Utilization Design Information

Table of Contents
-----------------
1. Slice Logic
1.1 Summary of Registers by Type
2. Slice Logic Distribution
3. Memory
4. DSP
5. IO and GT Specific
6. Clocking
7. Specific Feature
8. Primitives
9. Black Boxes
10. Instantiated Netlists

1. Slice Logic
--------------

+-------------------------+-------+-------+------------+-----------+-------+
|        Site Type        |  Used | Fixed | Prohibited | Available | Util% |
+-------------------------+-------+-------+------------+-----------+-------+
| Slice LUTs              | 26716 |     0 |          0 |     63400 | 42.14 |
|   LUT as Logic          | 26716 |     0 |          0 |     63400 | 42.14 |
|   LUT as Memory         |     0 |     0 |          0 |     19000 |  0.00 |
| Slice Registers         | 21970 |     0 |          0 |    126800 | 17.33 |
|   Register as Flip Flop | 21970 |     0 |          0 |    126800 | 17.33 |
|   Register as Latch     |     0 |     0 |          0 |    126800 |  0.00 |
| F7 Muxes                |  2226 |     0 |          0 |     31700 |  7.02 |
| F8 Muxes                |   760 |     0 |          0 |     15850 |  4.79 |
+-------------------------+-------+-------+------------+-----------+-------+


1.1 Summary of Registers by Type
--------------------------------

+-------+--------------+-------------+--------------+
| Total | Clock Enable | Synchronous | Asynchronous |
+-------+--------------+-------------+--------------+
| 0     |            _ |           - |            - |
| 0     |            _ |           - |          Set |
| 0     |            _ |           - |        Reset |
| 0     |            _ |         Set |            - |
| 0     |            _ |       Reset |            - |
| 0     |          Yes |           - |            - |
| 0     |          Yes |           - |          Set |
| 0     |          Yes |           - |        Reset |
| 10    |          Yes |         Set |            - |
| 21960 |          Yes |       Reset |            - |
+-------+--------------+-------------+--------------+


2. Slice Logic Distribution
---------------------------

+--------------------------------------------+-------+-------+------------+-----------+-------+
|                  Site Type                 |  Used | Fixed | Prohibited | Available | Util% |
+--------------------------------------------+-------+-------+------------+-----------+-------+
| Slice                                      |  8448 |     0 |          0 |     15850 | 53.30 |
|   SLICEL                                   |  5898 |     0 |            |           |       |
|   SLICEM                                   |  2550 |     0 |            |           |       |
| LUT as Logic                               | 26716 |     0 |          0 |     63400 | 42.14 |
|   using O5 output only                     |    13 |       |            |           |       |
|   using O6 output only                     | 20288 |       |            |           |       |
|   using O5 and O6                          |  6415 |       |            |           |       |
| LUT as Memory                              |     0 |     0 |          0 |     19000 |  0.00 |
|   LUT as Distributed RAM                   |     0 |     0 |            |           |       |
|   LUT as Shift Register                    |     0 |     0 |            |           |       |
| Slice Registers                            | 21970 |     0 |          0 |    126800 | 17.33 |
|   Register driven from within the Slice    | 12786 |       |            |           |       |
|   Register driven from outside the Slice   |  9184 |       |            |           |       |
|     LUT in front of the register is unused |  4848 |       |            |           |       |
|     LUT in front of the register is used   |  4336 |       |            |           |       |
| Unique Control Sets                        |   101 |       |          0 |     15850 |  0.64 |
+--------------------------------------------+-------+-------+------------+-----------+-------+
* * Note: Available Control Sets calculated as Slice * 1, Review the Control Sets Report for more information regarding control sets.


3. Memory
---------

+-------------------+------+-------+------------+-----------+-------+
|     Site Type     | Used | Fixed | Prohibited | Available | Util% |
+-------------------+------+-------+------------+-----------+-------+
| Block RAM Tile    | 52.5 |     0 |          0 |       135 | 38.89 |
|   RAMB36/FIFO*    |    0 |     0 |          0 |       135 |  0.00 |
|   RAMB18          |  105 |     0 |          0 |       270 | 38.89 |
|     RAMB18E1 only |  105 |       |            |           |       |
+-------------------+------+-------+------------+-----------+-------+
* Note: Each Block RAM Tile only has one FIFO logic available and therefore can accommodate only one FIFO36E1 or one FIFO18E1. However, if a FIFO18E1 occupies a Block RAM Tile, that tile can still accommodate a RAMB18E1


4. DSP
------

+-----------+------+-------+------------+-----------+-------+
| Site Type | Used | Fixed | Prohibited | Available | Util% |
+-----------+------+-------+------------+-----------+-------+
| DSPs      |    0 |     0 |          0 |       240 |  0.00 |
+-----------+------+-------+------------+-----------+-------+


5. IO and GT Specific
---------------------

+-----------------------------+------+-------+------------+-----------+-------+
|          Site Type          | Used | Fixed | Prohibited | Available | Util% |
+-----------------------------+------+-------+------------+-----------+-------+
| Bonded IOB                  |    8 |     8 |          0 |       210 |  3.81 |
|   IOB Master Pads           |    3 |       |            |           |       |
|   IOB Slave Pads            |    4 |       |            |           |       |
| Bonded IPADs                |    0 |     0 |          0 |         2 |  0.00 |
| PHY_CONTROL                 |    0 |     0 |          0 |         6 |  0.00 |
| PHASER_REF                  |    0 |     0 |          0 |         6 |  0.00 |
| OUT_FIFO                    |    0 |     0 |          0 |        24 |  0.00 |
| IN_FIFO                     |    0 |     0 |          0 |        24 |  0.00 |
| IDELAYCTRL                  |    0 |     0 |          0 |         6 |  0.00 |
| IBUFDS                      |    0 |     0 |          0 |       202 |  0.00 |
| PHASER_OUT/PHASER_OUT_PHY   |    0 |     0 |          0 |        24 |  0.00 |
| PHASER_IN/PHASER_IN_PHY     |    0 |     0 |          0 |        24 |  0.00 |
| IDELAYE2/IDELAYE2_FINEDELAY |    0 |     0 |          0 |       300 |  0.00 |
| ILOGIC                      |    0 |     0 |          0 |       210 |  0.00 |
| OLOGIC                      |    0 |     0 |          0 |       210 |  0.00 |
+-----------------------------+------+-------+------------+-----------+-------+


6. Clocking
-----------

+------------+------+-------+------------+-----------+-------+
|  Site Type | Used | Fixed | Prohibited | Available | Util% |
+------------+------+-------+------------+-----------+-------+
| BUFGCTRL   |    2 |     0 |          0 |        32 |  6.25 |
| BUFIO      |    0 |     0 |          0 |        24 |  0.00 |
| MMCME2_ADV |    1 |     0 |          0 |         6 | 16.67 |
| PLLE2_ADV  |    0 |     0 |          0 |         6 |  0.00 |
| BUFMRCE    |    0 |     0 |          0 |        12 |  0.00 |
| BUFHCE     |    0 |     0 |          0 |        96 |  0.00 |
| BUFR       |    0 |     0 |          0 |        24 |  0.00 |
+------------+------+-------+------------+-----------+-------+


7. Specific Feature
-------------------

+-------------+------+-------+------------+-----------+-------+
|  Site Type  | Used | Fixed | Prohibited | Available | Util% |
+-------------+------+-------+------------+-----------+-------+
| BSCANE2     |    0 |     0 |          0 |         4 |  0.00 |
| CAPTUREE2   |    0 |     0 |          0 |         1 |  0.00 |
| DNA_PORT    |    0 |     0 |          0 |         1 |  0.00 |
| EFUSE_USR   |    0 |     0 |          0 |         1 |  0.00 |
| FRAME_ECCE2 |    0 |     0 |          0 |         1 |  0.00 |
| ICAPE2      |    0 |     0 |          0 |         2 |  0.00 |
| PCIE_2_1    |    0 |     0 |          0 |         1 |  0.00 |
| STARTUPE2   |    0 |     0 |          0 |         1 |  0.00 |
| XADC        |    0 |     0 |          0 |         1 |  0.00 |
+-------------+------+-------+------------+-----------+-------+


8. Primitives
-------------

+------------+-------+---------------------+
|  Ref Name  |  Used | Functional Category |
+------------+-------+---------------------+
| FDRE       | 21960 |        Flop & Latch |
| LUT6       | 12614 |                 LUT |
| LUT2       |  7265 |                 LUT |
| LUT5       |  5862 |                 LUT |
| LUT4       |  3996 |                 LUT |
| LUT3       |  3378 |                 LUT |
| MUXF7      |  2226 |               MuxFx |
| MUXF8      |   760 |               MuxFx |
| CARRY4     |   204 |          CarryLogic |
| RAMB18E1   |   105 |        Block Memory |
| LUT1       |    16 |                 LUT |
| FDSE       |    10 |        Flop & Latch |
| OBUF       |     5 |                  IO |
| IBUF       |     3 |                  IO |
| BUFG       |     2 |               Clock |
| MMCME2_ADV |     1 |               Clock |
+------------+-------+---------------------+


9. Black Boxes
--------------

+----------+------+
| Ref Name | Used |
+----------+------+


10. Instantiated Netlists
-------------------------

+----------+------+
| Ref Name | Used |
+----------+------+


