Copyright 1986-2021 Xilinx, Inc. All Rights Reserved.
----------------------------------------------------------------------------------------------------------------------------------------------------------------------------------------------------------------------------------
| Tool Version : Vivado v.2021.1 (win64) Build 3247384 Thu Jun 10 19:36:33 MDT 2021
| Date         : Sat Aug 15 10:05:51 2026
| Host         : DESKTOP-IO47298 running 64-bit major release  (build 9200)
| Command      : report_utilization -hierarchical -hierarchical_depth 4 -hierarchical_percentages -file C:/project/FPGA2/artifacts/工程報告(engineering_reports)/凍結UART(frozen_uart)/報告(reports)/utilization_hierarchical.rpt
| Design       : fpga_top_arty_a7_uart
| Device       : 7a100tcsg324-1
| Design State : Routed
----------------------------------------------------------------------------------------------------------------------------------------------------------------------------------------------------------------------------------

Utilization Design Information

Table of Contents
-----------------
1. Utilization by Hierarchy

1. Utilization by Hierarchy
---------------------------

+---------------------------+-------------------+---------------+---------------+----------+----------+---------------+----------+-------------+------------+
|          Instance         |       Module      |   Total LUTs  |   Logic LUTs  |  LUTRAMs |   SRLs   |      FFs      |  RAMB36  |    RAMB18   | DSP Blocks |
+---------------------------+-------------------+---------------+---------------+----------+----------+---------------+----------+-------------+------------+
| fpga_top_arty_a7_uart     |             (top) | 26716(42.14%) | 26716(42.14%) | 0(0.00%) | 0(0.00%) | 21970(17.33%) | 0(0.00%) | 105(38.89%) |   0(0.00%) |
|   (fpga_top_arty_a7_uart) |             (top) |  7963(12.56%) |  7963(12.56%) | 0(0.00%) | 0(0.00%) |   8102(6.39%) | 0(0.00%) |    0(0.00%) |   0(0.00%) |
|   u_core                  |               top | 18514(29.20%) | 18514(29.20%) | 0(0.00%) | 0(0.00%) | 13795(10.88%) | 0(0.00%) | 105(38.89%) |   0(0.00%) |
|     (u_core)              |               top |   2735(4.31%) |   2735(4.31%) | 0(0.00%) | 0(0.00%) |   4359(3.44%) | 0(0.00%) |    0(0.00%) |   0(0.00%) |
|     u_aad_ct_in           |         AAD_CT_IN |   4624(7.29%) |   4624(7.29%) | 0(0.00%) | 0(0.00%) |   3248(2.56%) | 0(0.00%) |    0(0.00%) |   0(0.00%) |
|     u_data_ctr            |   aes_ctr_wrapper |   4635(7.31%) |   4635(7.31%) | 0(0.00%) | 0(0.00%) |   1595(1.26%) | 0(0.00%) |  35(12.96%) |   0(0.00%) |
|       (u_data_ctr)        |   aes_ctr_wrapper |   2226(3.51%) |   2226(3.51%) | 0(0.00%) | 0(0.00%) |    265(0.21%) | 0(0.00%) |    0(0.00%) |   0(0.00%) |
|       g0                  |          AES_e_70 |   2409(3.80%) |   2409(3.80%) | 0(0.00%) | 0(0.00%) |   1330(1.05%) | 0(0.00%) |  35(12.96%) |   0(0.00%) |
|         (g0)              |          AES_e_70 |   1495(2.36%) |   1495(2.36%) | 0(0.00%) | 0(0.00%) |    390(0.31%) | 0(0.00%) |    8(2.96%) |   0(0.00%) |
|         g2                |          s_box_71 |      0(0.00%) |      0(0.00%) | 0(0.00%) | 0(0.00%) |    134(0.11%) | 0(0.00%) |    1(0.37%) |   0(0.00%) |
|         g3                |          s_row_72 |      0(0.00%) |      0(0.00%) | 0(0.00%) | 0(0.00%) |    391(0.31%) | 0(0.00%) |    0(0.00%) |   0(0.00%) |
|         g4                |          m_col_73 |    129(0.20%) |    129(0.20%) | 0(0.00%) | 0(0.00%) |    262(0.21%) | 0(0.00%) |    0(0.00%) |   0(0.00%) |
|         g5                |           addr_74 |    882(1.39%) |    882(1.39%) | 0(0.00%) | 0(0.00%) |    153(0.12%) | 0(0.00%) |   26(9.63%) |   0(0.00%) |
|     u_ghash               |             GHASH |    657(1.04%) |    657(1.04%) | 0(0.00%) | 0(0.00%) |    652(0.51%) | 0(0.00%) |    0(0.00%) |   0(0.00%) |
|     u_hcalc               |             AES_e |   3341(5.27%) |   3341(5.27%) | 0(0.00%) | 0(0.00%) |   1318(1.04%) | 0(0.00%) |  35(12.96%) |   0(0.00%) |
|       (u_hcalc)           |             AES_e |   1028(1.62%) |   1028(1.62%) | 0(0.00%) | 0(0.00%) |    390(0.31%) | 0(0.00%) |    8(2.96%) |   0(0.00%) |
|       g2                  |          s_box_33 |      0(0.00%) |      0(0.00%) | 0(0.00%) | 0(0.00%) |    134(0.11%) | 0(0.00%) |    1(0.37%) |   0(0.00%) |
|       g3                  |          s_row_34 |      0(0.00%) |      0(0.00%) | 0(0.00%) | 0(0.00%) |    391(0.31%) | 0(0.00%) |    0(0.00%) |   0(0.00%) |
|       g4                  |          m_col_35 |    129(0.20%) |    129(0.20%) | 0(0.00%) | 0(0.00%) |    262(0.21%) | 0(0.00%) |    0(0.00%) |   0(0.00%) |
|       g5                  |           addr_36 |   2186(3.45%) |   2186(3.45%) | 0(0.00%) | 0(0.00%) |    141(0.11%) | 0(0.00%) |   26(9.63%) |   0(0.00%) |
|         (g5)              |           addr_36 |    122(0.19%) |    122(0.19%) | 0(0.00%) | 0(0.00%) |    141(0.11%) | 0(0.00%) |    0(0.00%) |   0(0.00%) |
|         rc1               |  KeyGeneration_37 |   1744(2.75%) |   1744(2.75%) | 0(0.00%) | 0(0.00%) |      0(0.00%) | 0(0.00%) |    4(1.48%) |   0(0.00%) |
|         rc2               |  KeyGeneration_38 |      0(0.00%) |      0(0.00%) | 0(0.00%) | 0(0.00%) |      0(0.00%) | 0(0.00%) |    4(1.48%) |   0(0.00%) |
|         rc3               |  KeyGeneration_39 |     64(0.10%) |     64(0.10%) | 0(0.00%) | 0(0.00%) |      0(0.00%) | 0(0.00%) |    4(1.48%) |   0(0.00%) |
|         rc4               |  KeyGeneration_40 |      0(0.00%) |      0(0.00%) | 0(0.00%) | 0(0.00%) |      0(0.00%) | 0(0.00%) |    4(1.48%) |   0(0.00%) |
|         rc5               |  KeyGeneration_41 |    256(0.40%) |    256(0.40%) | 0(0.00%) | 0(0.00%) |      0(0.00%) | 0(0.00%) |    4(1.48%) |   0(0.00%) |
|         rc6               |  KeyGeneration_42 |      0(0.00%) |      0(0.00%) | 0(0.00%) | 0(0.00%) |      0(0.00%) | 0(0.00%) |    4(1.48%) |   0(0.00%) |
|         rc7               |  KeyGeneration_43 |      0(0.00%) |      0(0.00%) | 0(0.00%) | 0(0.00%) |      0(0.00%) | 0(0.00%) |    2(0.74%) |   0(0.00%) |
|     u_iv_in               |             IV_IN |     48(0.08%) |     48(0.08%) | 0(0.00%) | 0(0.00%) |   1036(0.82%) | 0(0.00%) |    0(0.00%) |   0(0.00%) |
|     u_tag_ctr             | aes_ctr_wrapper_0 |   2485(3.92%) |   2485(3.92%) | 0(0.00%) | 0(0.00%) |   1587(1.25%) | 0(0.00%) |  35(12.96%) |   0(0.00%) |
|       (u_tag_ctr)         | aes_ctr_wrapper_0 |     77(0.12%) |     77(0.12%) | 0(0.00%) | 0(0.00%) |    257(0.20%) | 0(0.00%) |    0(0.00%) |   0(0.00%) |
|       g0                  |           AES_e_1 |   2408(3.80%) |   2408(3.80%) | 0(0.00%) | 0(0.00%) |   1330(1.05%) | 0(0.00%) |  35(12.96%) |   0(0.00%) |
|         (g0)              |           AES_e_1 |   1494(2.36%) |   1494(2.36%) | 0(0.00%) | 0(0.00%) |    390(0.31%) | 0(0.00%) |    8(2.96%) |   0(0.00%) |
|         g2                |             s_box |      0(0.00%) |      0(0.00%) | 0(0.00%) | 0(0.00%) |    134(0.11%) | 0(0.00%) |    1(0.37%) |   0(0.00%) |
|         g3                |             s_row |      1(0.01%) |      1(0.01%) | 0(0.00%) | 0(0.00%) |    391(0.31%) | 0(0.00%) |    0(0.00%) |   0(0.00%) |
|         g4                |             m_col |    129(0.20%) |    129(0.20%) | 0(0.00%) | 0(0.00%) |    262(0.21%) | 0(0.00%) |    0(0.00%) |   0(0.00%) |
|         g5                |              addr |    882(1.39%) |    882(1.39%) | 0(0.00%) | 0(0.00%) |    153(0.12%) | 0(0.00%) |   26(9.63%) |   0(0.00%) |
|   u_uart_rx               |           uart_rx |    115(0.18%) |    115(0.18%) | 0(0.00%) | 0(0.00%) |     42(0.03%) | 0(0.00%) |    0(0.00%) |   0(0.00%) |
|   u_uart_tx               |           uart_tx |    125(0.20%) |    125(0.20%) | 0(0.00%) | 0(0.00%) |     31(0.02%) | 0(0.00%) |    0(0.00%) |   0(0.00%) |
+---------------------------+-------------------+---------------+---------------+----------+----------+---------------+----------+-------------+------------+
* Note: The sum of lower-level cells may be larger than their parent cells total, due to cross-hierarchy LUT combining


