Copyright 1986-2021 Xilinx, Inc. All Rights Reserved.
-------------------------------------------------------------------------------------------------------------------------------------------------------------------
| Tool Version : Vivado v.2021.1 (win64) Build 3247384 Thu Jun 10 19:36:33 MDT 2021
| Date         : Sat Aug 15 20:33:27 2026
| Host         : DESKTOP-IO47298 running 64-bit major release  (build 9200)
| Command      : report_clocks -file C:/project/FPGA2/artifacts/工程報告(engineering_reports)/凍結UART警告修正(frozen_uart_warning_fixed)/報告(reports)/clocks.rpt
| Design       : fpga_top_arty_a7_uart
| Device       : 7a100t-csg324
| Speed File   : -1  PRODUCTION 1.23 2018-06-13
-------------------------------------------------------------------------------------------------------------------------------------------------------------------

Clock Report


Attributes
  P: Propagated
  G: Generated
  A: Auto-derived
  R: Renamed
  V: Virtual
  I: Inverted
  S: Pin phase-shifted with Latency mode

Clock          Period(ns)  Waveform(ns)    Attributes  Sources
sys_clk_pin    10.000      {0.000 5.000}   P           {clk}
core_clk_mmcm  40.000      {0.000 20.000}  P,G,A       {u_mmcm/CLKOUT0}
mmcm_clkfb     10.000      {0.000 5.000}   P,G,A       {u_mmcm/CLKFBOUT}


====================================================
Generated Clocks
====================================================

Generated Clock     : core_clk_mmcm
Master Source       : u_mmcm/CLKIN1
Master Clock        : sys_clk_pin
Edges               : {1 2 3}
Edge Shifts(ns)     : {0.000 15.000 30.000}
Generated Sources   : {u_mmcm/CLKOUT0}

Generated Clock     : mmcm_clkfb
Master Source       : u_mmcm/CLKIN1
Master Clock        : sys_clk_pin
Multiply By         : 1
Generated Sources   : {u_mmcm/CLKFBOUT}



====================================================
User Uncertainty
====================================================



====================================================
User Jitter
====================================================


