Copyright 1986-2021 Xilinx, Inc. All Rights Reserved.
-------------------------------------------------------------------------------------------------------------------------------------------------------------------------------------------------------------------------------------
| Tool Version : Vivado v.2021.1 (win64) Build 3247384 Thu Jun 10 19:36:33 MDT 2021
| Date         : Sat Aug 15 20:32:45 2026
| Host         : DESKTOP-IO47298 running 64-bit major release  (build 9200)
| Command      : report_timing -delay_type max -max_paths 10 -path_type full -file C:/project/FPGA2/artifacts/工程報告(engineering_reports)/凍結UART警告修正(frozen_uart_warning_fixed)/報告(reports)/critical_paths_setup_top10.rpt
| Design       : fpga_top_arty_a7_uart
| Device       : 7a100t-csg324
| Speed File   : -1  PRODUCTION 1.23 2018-06-13
-------------------------------------------------------------------------------------------------------------------------------------------------------------------------------------------------------------------------------------

Timing Report

Slack (MET) :             7.376ns  (required time - arrival time)
  Source:                 alive_div_reg[1]/C
                            (rising edge-triggered cell FDRE clocked by sys_clk_pin  {rise@0.000ns fall@5.000ns period=10.000ns})
  Destination:            alive_div_reg[25]/D
                            (rising edge-triggered cell FDRE clocked by sys_clk_pin  {rise@0.000ns fall@5.000ns period=10.000ns})
  Path Group:             sys_clk_pin
  Path Type:              Setup (Max at Slow Process Corner)
  Requirement:            10.000ns  (sys_clk_pin rise@10.000ns - sys_clk_pin rise@0.000ns)
  Data Path Delay:        2.515ns  (logic 2.034ns (80.869%)  route 0.481ns (19.131%))
  Logic Levels:           7  (CARRY4=7)
  Clock Path Skew:        -0.136ns (DCD - SCD + CPR)
    Destination Clock Delay (DCD):    5.019ns = ( 15.019 - 10.000 ) 
    Source Clock Delay      (SCD):    5.335ns
    Clock Pessimism Removal (CPR):    0.180ns
  Clock Uncertainty:      0.035ns  ((TSJ^2 + TIJ^2)^1/2 + DJ) / 2 + PE
    Total System Jitter     (TSJ):    0.071ns
    Total Input Jitter      (TIJ):    0.000ns
    Discrete Jitter          (DJ):    0.000ns
    Phase Error              (PE):    0.000ns

    Location             Delay type                Incr(ns)  Path(ns)    Netlist Resource(s)
  -------------------------------------------------------------------    -------------------
                         (clock sys_clk_pin rise edge)
                                                      0.000     0.000 r  
                         propagated clock network latency
                                                      5.335     5.335    
    SLICE_X89Y95         FDRE                         0.000     5.335 r  alive_div_reg[1]/C
    SLICE_X89Y95         FDRE (Prop_fdre_C_Q)         0.456     5.791 r  alive_div_reg[1]/Q
                         net (fo=1, routed)           0.480     6.271    alive_div_reg_n_0_[1]
    SLICE_X89Y95         CARRY4 (Prop_carry4_S[1]_CO[3])
                                                      0.674     6.945 r  alive_div_reg[0]_i_1/CO[3]
                         net (fo=1, routed)           0.000     6.945    alive_div_reg[0]_i_1_n_0
    SLICE_X89Y96         CARRY4 (Prop_carry4_CI_CO[3])
                                                      0.114     7.059 r  alive_div_reg[4]_i_1/CO[3]
                         net (fo=1, routed)           0.000     7.059    alive_div_reg[4]_i_1_n_0
    SLICE_X89Y97         CARRY4 (Prop_carry4_CI_CO[3])
                                                      0.114     7.173 r  alive_div_reg[8]_i_1/CO[3]
                         net (fo=1, routed)           0.000     7.173    alive_div_reg[8]_i_1_n_0
    SLICE_X89Y98         CARRY4 (Prop_carry4_CI_CO[3])
                                                      0.114     7.287 r  alive_div_reg[12]_i_1/CO[3]
                         net (fo=1, routed)           0.000     7.287    alive_div_reg[12]_i_1_n_0
    SLICE_X89Y99         CARRY4 (Prop_carry4_CI_CO[3])
                                                      0.114     7.401 r  alive_div_reg[16]_i_1/CO[3]
                         net (fo=1, routed)           0.001     7.402    alive_div_reg[16]_i_1_n_0
    SLICE_X89Y100        CARRY4 (Prop_carry4_CI_CO[3])
                                                      0.114     7.516 r  alive_div_reg[20]_i_1/CO[3]
                         net (fo=1, routed)           0.000     7.516    alive_div_reg[20]_i_1_n_0
    SLICE_X89Y101        CARRY4 (Prop_carry4_CI_O[1])
                                                      0.334     7.850 r  alive_div_reg[24]_i_1/O[1]
                         net (fo=1, routed)           0.000     7.850    alive_div_reg[24]_i_1_n_6
    SLICE_X89Y101        FDRE                                         r  alive_div_reg[25]/D
  -------------------------------------------------------------------    -------------------

                         (clock sys_clk_pin rise edge)
                                                     10.000    10.000 r  
                         propagated clock network latency
                                                      5.019    15.019    
                         clock pessimism              0.180    15.199    
                         clock uncertainty           -0.035    15.164    
    SLICE_X89Y101        FDRE (Setup_fdre_C_D)        0.062    15.226    alive_div_reg[25]
  -------------------------------------------------------------------
                         required time                         15.226    
                         arrival time                          -7.850    
  -------------------------------------------------------------------
                         slack                                  7.376    

Slack (MET) :             7.487ns  (required time - arrival time)
  Source:                 alive_div_reg[1]/C
                            (rising edge-triggered cell FDRE clocked by sys_clk_pin  {rise@0.000ns fall@5.000ns period=10.000ns})
  Destination:            alive_div_reg[24]/D
                            (rising edge-triggered cell FDRE clocked by sys_clk_pin  {rise@0.000ns fall@5.000ns period=10.000ns})
  Path Group:             sys_clk_pin
  Path Type:              Setup (Max at Slow Process Corner)
  Requirement:            10.000ns  (sys_clk_pin rise@10.000ns - sys_clk_pin rise@0.000ns)
  Data Path Delay:        2.404ns  (logic 1.923ns (79.986%)  route 0.481ns (20.014%))
  Logic Levels:           7  (CARRY4=7)
  Clock Path Skew:        -0.136ns (DCD - SCD + CPR)
    Destination Clock Delay (DCD):    5.019ns = ( 15.019 - 10.000 ) 
    Source Clock Delay      (SCD):    5.335ns
    Clock Pessimism Removal (CPR):    0.180ns
  Clock Uncertainty:      0.035ns  ((TSJ^2 + TIJ^2)^1/2 + DJ) / 2 + PE
    Total System Jitter     (TSJ):    0.071ns
    Total Input Jitter      (TIJ):    0.000ns
    Discrete Jitter          (DJ):    0.000ns
    Phase Error              (PE):    0.000ns

    Location             Delay type                Incr(ns)  Path(ns)    Netlist Resource(s)
  -------------------------------------------------------------------    -------------------
                         (clock sys_clk_pin rise edge)
                                                      0.000     0.000 r  
                         propagated clock network latency
                                                      5.335     5.335    
    SLICE_X89Y95         FDRE                         0.000     5.335 r  alive_div_reg[1]/C
    SLICE_X89Y95         FDRE (Prop_fdre_C_Q)         0.456     5.791 r  alive_div_reg[1]/Q
                         net (fo=1, routed)           0.480     6.271    alive_div_reg_n_0_[1]
    SLICE_X89Y95         CARRY4 (Prop_carry4_S[1]_CO[3])
                                                      0.674     6.945 r  alive_div_reg[0]_i_1/CO[3]
                         net (fo=1, routed)           0.000     6.945    alive_div_reg[0]_i_1_n_0
    SLICE_X89Y96         CARRY4 (Prop_carry4_CI_CO[3])
                                                      0.114     7.059 r  alive_div_reg[4]_i_1/CO[3]
                         net (fo=1, routed)           0.000     7.059    alive_div_reg[4]_i_1_n_0
    SLICE_X89Y97         CARRY4 (Prop_carry4_CI_CO[3])
                                                      0.114     7.173 r  alive_div_reg[8]_i_1/CO[3]
                         net (fo=1, routed)           0.000     7.173    alive_div_reg[8]_i_1_n_0
    SLICE_X89Y98         CARRY4 (Prop_carry4_CI_CO[3])
                                                      0.114     7.287 r  alive_div_reg[12]_i_1/CO[3]
                         net (fo=1, routed)           0.000     7.287    alive_div_reg[12]_i_1_n_0
    SLICE_X89Y99         CARRY4 (Prop_carry4_CI_CO[3])
                                                      0.114     7.401 r  alive_div_reg[16]_i_1/CO[3]
                         net (fo=1, routed)           0.001     7.402    alive_div_reg[16]_i_1_n_0
    SLICE_X89Y100        CARRY4 (Prop_carry4_CI_CO[3])
                                                      0.114     7.516 r  alive_div_reg[20]_i_1/CO[3]
                         net (fo=1, routed)           0.000     7.516    alive_div_reg[20]_i_1_n_0
    SLICE_X89Y101        CARRY4 (Prop_carry4_CI_O[0])
                                                      0.223     7.739 r  alive_div_reg[24]_i_1/O[0]
                         net (fo=1, routed)           0.000     7.739    alive_div_reg[24]_i_1_n_7
    SLICE_X89Y101        FDRE                                         r  alive_div_reg[24]/D
  -------------------------------------------------------------------    -------------------

                         (clock sys_clk_pin rise edge)
                                                     10.000    10.000 r  
                         propagated clock network latency
                                                      5.019    15.019    
                         clock pessimism              0.180    15.199    
                         clock uncertainty           -0.035    15.164    
    SLICE_X89Y101        FDRE (Setup_fdre_C_D)        0.062    15.226    alive_div_reg[24]
  -------------------------------------------------------------------
                         required time                         15.226    
                         arrival time                          -7.739    
  -------------------------------------------------------------------
                         slack                                  7.487    

Slack (MET) :             7.490ns  (required time - arrival time)
  Source:                 alive_div_reg[1]/C
                            (rising edge-triggered cell FDRE clocked by sys_clk_pin  {rise@0.000ns fall@5.000ns period=10.000ns})
  Destination:            alive_div_reg[21]/D
                            (rising edge-triggered cell FDRE clocked by sys_clk_pin  {rise@0.000ns fall@5.000ns period=10.000ns})
  Path Group:             sys_clk_pin
  Path Type:              Setup (Max at Slow Process Corner)
  Requirement:            10.000ns  (sys_clk_pin rise@10.000ns - sys_clk_pin rise@0.000ns)
  Data Path Delay:        2.401ns  (logic 1.920ns (79.961%)  route 0.481ns (20.039%))
  Logic Levels:           6  (CARRY4=6)
  Clock Path Skew:        -0.136ns (DCD - SCD + CPR)
    Destination Clock Delay (DCD):    5.019ns = ( 15.019 - 10.000 ) 
    Source Clock Delay      (SCD):    5.335ns
    Clock Pessimism Removal (CPR):    0.180ns
  Clock Uncertainty:      0.035ns  ((TSJ^2 + TIJ^2)^1/2 + DJ) / 2 + PE
    Total System Jitter     (TSJ):    0.071ns
    Total Input Jitter      (TIJ):    0.000ns
    Discrete Jitter          (DJ):    0.000ns
    Phase Error              (PE):    0.000ns

    Location             Delay type                Incr(ns)  Path(ns)    Netlist Resource(s)
  -------------------------------------------------------------------    -------------------
                         (clock sys_clk_pin rise edge)
                                                      0.000     0.000 r  
                         propagated clock network latency
                                                      5.335     5.335    
    SLICE_X89Y95         FDRE                         0.000     5.335 r  alive_div_reg[1]/C
    SLICE_X89Y95         FDRE (Prop_fdre_C_Q)         0.456     5.791 r  alive_div_reg[1]/Q
                         net (fo=1, routed)           0.480     6.271    alive_div_reg_n_0_[1]
    SLICE_X89Y95         CARRY4 (Prop_carry4_S[1]_CO[3])
                                                      0.674     6.945 r  alive_div_reg[0]_i_1/CO[3]
                         net (fo=1, routed)           0.000     6.945    alive_div_reg[0]_i_1_n_0
    SLICE_X89Y96         CARRY4 (Prop_carry4_CI_CO[3])
                                                      0.114     7.059 r  alive_div_reg[4]_i_1/CO[3]
                         net (fo=1, routed)           0.000     7.059    alive_div_reg[4]_i_1_n_0
    SLICE_X89Y97         CARRY4 (Prop_carry4_CI_CO[3])
                                                      0.114     7.173 r  alive_div_reg[8]_i_1/CO[3]
                         net (fo=1, routed)           0.000     7.173    alive_div_reg[8]_i_1_n_0
    SLICE_X89Y98         CARRY4 (Prop_carry4_CI_CO[3])
                                                      0.114     7.287 r  alive_div_reg[12]_i_1/CO[3]
                         net (fo=1, routed)           0.000     7.287    alive_div_reg[12]_i_1_n_0
    SLICE_X89Y99         CARRY4 (Prop_carry4_CI_CO[3])
                                                      0.114     7.401 r  alive_div_reg[16]_i_1/CO[3]
                         net (fo=1, routed)           0.001     7.402    alive_div_reg[16]_i_1_n_0
    SLICE_X89Y100        CARRY4 (Prop_carry4_CI_O[1])
                                                      0.334     7.736 r  alive_div_reg[20]_i_1/O[1]
                         net (fo=1, routed)           0.000     7.736    alive_div_reg[20]_i_1_n_6
    SLICE_X89Y100        FDRE                                         r  alive_div_reg[21]/D
  -------------------------------------------------------------------    -------------------

                         (clock sys_clk_pin rise edge)
                                                     10.000    10.000 r  
                         propagated clock network latency
                                                      5.019    15.019    
                         clock pessimism              0.180    15.199    
                         clock uncertainty           -0.035    15.164    
    SLICE_X89Y100        FDRE (Setup_fdre_C_D)        0.062    15.226    alive_div_reg[21]
  -------------------------------------------------------------------
                         required time                         15.226    
                         arrival time                          -7.736    
  -------------------------------------------------------------------
                         slack                                  7.490    

Slack (MET) :             7.511ns  (required time - arrival time)
  Source:                 alive_div_reg[1]/C
                            (rising edge-triggered cell FDRE clocked by sys_clk_pin  {rise@0.000ns fall@5.000ns period=10.000ns})
  Destination:            alive_div_reg[23]/D
                            (rising edge-triggered cell FDRE clocked by sys_clk_pin  {rise@0.000ns fall@5.000ns period=10.000ns})
  Path Group:             sys_clk_pin
  Path Type:              Setup (Max at Slow Process Corner)
  Requirement:            10.000ns  (sys_clk_pin rise@10.000ns - sys_clk_pin rise@0.000ns)
  Data Path Delay:        2.380ns  (logic 1.899ns (79.784%)  route 0.481ns (20.216%))
  Logic Levels:           6  (CARRY4=6)
  Clock Path Skew:        -0.136ns (DCD - SCD + CPR)
    Destination Clock Delay (DCD):    5.019ns = ( 15.019 - 10.000 ) 
    Source Clock Delay      (SCD):    5.335ns
    Clock Pessimism Removal (CPR):    0.180ns
  Clock Uncertainty:      0.035ns  ((TSJ^2 + TIJ^2)^1/2 + DJ) / 2 + PE
    Total System Jitter     (TSJ):    0.071ns
    Total Input Jitter      (TIJ):    0.000ns
    Discrete Jitter          (DJ):    0.000ns
    Phase Error              (PE):    0.000ns

    Location             Delay type                Incr(ns)  Path(ns)    Netlist Resource(s)
  -------------------------------------------------------------------    -------------------
                         (clock sys_clk_pin rise edge)
                                                      0.000     0.000 r  
                         propagated clock network latency
                                                      5.335     5.335    
    SLICE_X89Y95         FDRE                         0.000     5.335 r  alive_div_reg[1]/C
    SLICE_X89Y95         FDRE (Prop_fdre_C_Q)         0.456     5.791 r  alive_div_reg[1]/Q
                         net (fo=1, routed)           0.480     6.271    alive_div_reg_n_0_[1]
    SLICE_X89Y95         CARRY4 (Prop_carry4_S[1]_CO[3])
                                                      0.674     6.945 r  alive_div_reg[0]_i_1/CO[3]
                         net (fo=1, routed)           0.000     6.945    alive_div_reg[0]_i_1_n_0
    SLICE_X89Y96         CARRY4 (Prop_carry4_CI_CO[3])
                                                      0.114     7.059 r  alive_div_reg[4]_i_1/CO[3]
                         net (fo=1, routed)           0.000     7.059    alive_div_reg[4]_i_1_n_0
    SLICE_X89Y97         CARRY4 (Prop_carry4_CI_CO[3])
                                                      0.114     7.173 r  alive_div_reg[8]_i_1/CO[3]
                         net (fo=1, routed)           0.000     7.173    alive_div_reg[8]_i_1_n_0
    SLICE_X89Y98         CARRY4 (Prop_carry4_CI_CO[3])
                                                      0.114     7.287 r  alive_div_reg[12]_i_1/CO[3]
                         net (fo=1, routed)           0.000     7.287    alive_div_reg[12]_i_1_n_0
    SLICE_X89Y99         CARRY4 (Prop_carry4_CI_CO[3])
                                                      0.114     7.401 r  alive_div_reg[16]_i_1/CO[3]
                         net (fo=1, routed)           0.001     7.402    alive_div_reg[16]_i_1_n_0
    SLICE_X89Y100        CARRY4 (Prop_carry4_CI_O[3])
                                                      0.313     7.715 r  alive_div_reg[20]_i_1/O[3]
                         net (fo=1, routed)           0.000     7.715    alive_div_reg[20]_i_1_n_4
    SLICE_X89Y100        FDRE                                         r  alive_div_reg[23]/D
  -------------------------------------------------------------------    -------------------

                         (clock sys_clk_pin rise edge)
                                                     10.000    10.000 r  
                         propagated clock network latency
                                                      5.019    15.019    
                         clock pessimism              0.180    15.199    
                         clock uncertainty           -0.035    15.164    
    SLICE_X89Y100        FDRE (Setup_fdre_C_D)        0.062    15.226    alive_div_reg[23]
  -------------------------------------------------------------------
                         required time                         15.226    
                         arrival time                          -7.715    
  -------------------------------------------------------------------
                         slack                                  7.511    

Slack (MET) :             7.585ns  (required time - arrival time)
  Source:                 alive_div_reg[1]/C
                            (rising edge-triggered cell FDRE clocked by sys_clk_pin  {rise@0.000ns fall@5.000ns period=10.000ns})
  Destination:            alive_div_reg[22]/D
                            (rising edge-triggered cell FDRE clocked by sys_clk_pin  {rise@0.000ns fall@5.000ns period=10.000ns})
  Path Group:             sys_clk_pin
  Path Type:              Setup (Max at Slow Process Corner)
  Requirement:            10.000ns  (sys_clk_pin rise@10.000ns - sys_clk_pin rise@0.000ns)
  Data Path Delay:        2.306ns  (logic 1.825ns (79.135%)  route 0.481ns (20.865%))
  Logic Levels:           6  (CARRY4=6)
  Clock Path Skew:        -0.136ns (DCD - SCD + CPR)
    Destination Clock Delay (DCD):    5.019ns = ( 15.019 - 10.000 ) 
    Source Clock Delay      (SCD):    5.335ns
    Clock Pessimism Removal (CPR):    0.180ns
  Clock Uncertainty:      0.035ns  ((TSJ^2 + TIJ^2)^1/2 + DJ) / 2 + PE
    Total System Jitter     (TSJ):    0.071ns
    Total Input Jitter      (TIJ):    0.000ns
    Discrete Jitter          (DJ):    0.000ns
    Phase Error              (PE):    0.000ns

    Location             Delay type                Incr(ns)  Path(ns)    Netlist Resource(s)
  -------------------------------------------------------------------    -------------------
                         (clock sys_clk_pin rise edge)
                                                      0.000     0.000 r  
                         propagated clock network latency
                                                      5.335     5.335    
    SLICE_X89Y95         FDRE                         0.000     5.335 r  alive_div_reg[1]/C
    SLICE_X89Y95         FDRE (Prop_fdre_C_Q)         0.456     5.791 r  alive_div_reg[1]/Q
                         net (fo=1, routed)           0.480     6.271    alive_div_reg_n_0_[1]
    SLICE_X89Y95         CARRY4 (Prop_carry4_S[1]_CO[3])
                                                      0.674     6.945 r  alive_div_reg[0]_i_1/CO[3]
                         net (fo=1, routed)           0.000     6.945    alive_div_reg[0]_i_1_n_0
    SLICE_X89Y96         CARRY4 (Prop_carry4_CI_CO[3])
                                                      0.114     7.059 r  alive_div_reg[4]_i_1/CO[3]
                         net (fo=1, routed)           0.000     7.059    alive_div_reg[4]_i_1_n_0
    SLICE_X89Y97         CARRY4 (Prop_carry4_CI_CO[3])
                                                      0.114     7.173 r  alive_div_reg[8]_i_1/CO[3]
                         net (fo=1, routed)           0.000     7.173    alive_div_reg[8]_i_1_n_0
    SLICE_X89Y98         CARRY4 (Prop_carry4_CI_CO[3])
                                                      0.114     7.287 r  alive_div_reg[12]_i_1/CO[3]
                         net (fo=1, routed)           0.000     7.287    alive_div_reg[12]_i_1_n_0
    SLICE_X89Y99         CARRY4 (Prop_carry4_CI_CO[3])
                                                      0.114     7.401 r  alive_div_reg[16]_i_1/CO[3]
                         net (fo=1, routed)           0.001     7.402    alive_div_reg[16]_i_1_n_0
    SLICE_X89Y100        CARRY4 (Prop_carry4_CI_O[2])
                                                      0.239     7.641 r  alive_div_reg[20]_i_1/O[2]
                         net (fo=1, routed)           0.000     7.641    alive_div_reg[20]_i_1_n_5
    SLICE_X89Y100        FDRE                                         r  alive_div_reg[22]/D
  -------------------------------------------------------------------    -------------------

                         (clock sys_clk_pin rise edge)
                                                     10.000    10.000 r  
                         propagated clock network latency
                                                      5.019    15.019    
                         clock pessimism              0.180    15.199    
                         clock uncertainty           -0.035    15.164    
    SLICE_X89Y100        FDRE (Setup_fdre_C_D)        0.062    15.226    alive_div_reg[22]
  -------------------------------------------------------------------
                         required time                         15.226    
                         arrival time                          -7.641    
  -------------------------------------------------------------------
                         slack                                  7.585    

Slack (MET) :             7.601ns  (required time - arrival time)
  Source:                 alive_div_reg[1]/C
                            (rising edge-triggered cell FDRE clocked by sys_clk_pin  {rise@0.000ns fall@5.000ns period=10.000ns})
  Destination:            alive_div_reg[20]/D
                            (rising edge-triggered cell FDRE clocked by sys_clk_pin  {rise@0.000ns fall@5.000ns period=10.000ns})
  Path Group:             sys_clk_pin
  Path Type:              Setup (Max at Slow Process Corner)
  Requirement:            10.000ns  (sys_clk_pin rise@10.000ns - sys_clk_pin rise@0.000ns)
  Data Path Delay:        2.290ns  (logic 1.809ns (78.989%)  route 0.481ns (21.011%))
  Logic Levels:           6  (CARRY4=6)
  Clock Path Skew:        -0.136ns (DCD - SCD + CPR)
    Destination Clock Delay (DCD):    5.019ns = ( 15.019 - 10.000 ) 
    Source Clock Delay      (SCD):    5.335ns
    Clock Pessimism Removal (CPR):    0.180ns
  Clock Uncertainty:      0.035ns  ((TSJ^2 + TIJ^2)^1/2 + DJ) / 2 + PE
    Total System Jitter     (TSJ):    0.071ns
    Total Input Jitter      (TIJ):    0.000ns
    Discrete Jitter          (DJ):    0.000ns
    Phase Error              (PE):    0.000ns

    Location             Delay type                Incr(ns)  Path(ns)    Netlist Resource(s)
  -------------------------------------------------------------------    -------------------
                         (clock sys_clk_pin rise edge)
                                                      0.000     0.000 r  
                         propagated clock network latency
                                                      5.335     5.335    
    SLICE_X89Y95         FDRE                         0.000     5.335 r  alive_div_reg[1]/C
    SLICE_X89Y95         FDRE (Prop_fdre_C_Q)         0.456     5.791 r  alive_div_reg[1]/Q
                         net (fo=1, routed)           0.480     6.271    alive_div_reg_n_0_[1]
    SLICE_X89Y95         CARRY4 (Prop_carry4_S[1]_CO[3])
                                                      0.674     6.945 r  alive_div_reg[0]_i_1/CO[3]
                         net (fo=1, routed)           0.000     6.945    alive_div_reg[0]_i_1_n_0
    SLICE_X89Y96         CARRY4 (Prop_carry4_CI_CO[3])
                                                      0.114     7.059 r  alive_div_reg[4]_i_1/CO[3]
                         net (fo=1, routed)           0.000     7.059    alive_div_reg[4]_i_1_n_0
    SLICE_X89Y97         CARRY4 (Prop_carry4_CI_CO[3])
                                                      0.114     7.173 r  alive_div_reg[8]_i_1/CO[3]
                         net (fo=1, routed)           0.000     7.173    alive_div_reg[8]_i_1_n_0
    SLICE_X89Y98         CARRY4 (Prop_carry4_CI_CO[3])
                                                      0.114     7.287 r  alive_div_reg[12]_i_1/CO[3]
                         net (fo=1, routed)           0.000     7.287    alive_div_reg[12]_i_1_n_0
    SLICE_X89Y99         CARRY4 (Prop_carry4_CI_CO[3])
                                                      0.114     7.401 r  alive_div_reg[16]_i_1/CO[3]
                         net (fo=1, routed)           0.001     7.402    alive_div_reg[16]_i_1_n_0
    SLICE_X89Y100        CARRY4 (Prop_carry4_CI_O[0])
                                                      0.223     7.625 r  alive_div_reg[20]_i_1/O[0]
                         net (fo=1, routed)           0.000     7.625    alive_div_reg[20]_i_1_n_7
    SLICE_X89Y100        FDRE                                         r  alive_div_reg[20]/D
  -------------------------------------------------------------------    -------------------

                         (clock sys_clk_pin rise edge)
                                                     10.000    10.000 r  
                         propagated clock network latency
                                                      5.019    15.019    
                         clock pessimism              0.180    15.199    
                         clock uncertainty           -0.035    15.164    
    SLICE_X89Y100        FDRE (Setup_fdre_C_D)        0.062    15.226    alive_div_reg[20]
  -------------------------------------------------------------------
                         required time                         15.226    
                         arrival time                          -7.625    
  -------------------------------------------------------------------
                         slack                                  7.601    

Slack (MET) :             7.716ns  (required time - arrival time)
  Source:                 alive_div_reg[1]/C
                            (rising edge-triggered cell FDRE clocked by sys_clk_pin  {rise@0.000ns fall@5.000ns period=10.000ns})
  Destination:            alive_div_reg[17]/D
                            (rising edge-triggered cell FDRE clocked by sys_clk_pin  {rise@0.000ns fall@5.000ns period=10.000ns})
  Path Group:             sys_clk_pin
  Path Type:              Setup (Max at Slow Process Corner)
  Requirement:            10.000ns  (sys_clk_pin rise@10.000ns - sys_clk_pin rise@0.000ns)
  Data Path Delay:        2.286ns  (logic 1.806ns (78.986%)  route 0.480ns (21.014%))
  Logic Levels:           5  (CARRY4=5)
  Clock Path Skew:        -0.024ns (DCD - SCD + CPR)
    Destination Clock Delay (DCD):    5.036ns = ( 15.036 - 10.000 ) 
    Source Clock Delay      (SCD):    5.335ns
    Clock Pessimism Removal (CPR):    0.275ns
  Clock Uncertainty:      0.035ns  ((TSJ^2 + TIJ^2)^1/2 + DJ) / 2 + PE
    Total System Jitter     (TSJ):    0.071ns
    Total Input Jitter      (TIJ):    0.000ns
    Discrete Jitter          (DJ):    0.000ns
    Phase Error              (PE):    0.000ns

    Location             Delay type                Incr(ns)  Path(ns)    Netlist Resource(s)
  -------------------------------------------------------------------    -------------------
                         (clock sys_clk_pin rise edge)
                                                      0.000     0.000 r  
                         propagated clock network latency
                                                      5.335     5.335    
    SLICE_X89Y95         FDRE                         0.000     5.335 r  alive_div_reg[1]/C
    SLICE_X89Y95         FDRE (Prop_fdre_C_Q)         0.456     5.791 r  alive_div_reg[1]/Q
                         net (fo=1, routed)           0.480     6.271    alive_div_reg_n_0_[1]
    SLICE_X89Y95         CARRY4 (Prop_carry4_S[1]_CO[3])
                                                      0.674     6.945 r  alive_div_reg[0]_i_1/CO[3]
                         net (fo=1, routed)           0.000     6.945    alive_div_reg[0]_i_1_n_0
    SLICE_X89Y96         CARRY4 (Prop_carry4_CI_CO[3])
                                                      0.114     7.059 r  alive_div_reg[4]_i_1/CO[3]
                         net (fo=1, routed)           0.000     7.059    alive_div_reg[4]_i_1_n_0
    SLICE_X89Y97         CARRY4 (Prop_carry4_CI_CO[3])
                                                      0.114     7.173 r  alive_div_reg[8]_i_1/CO[3]
                         net (fo=1, routed)           0.000     7.173    alive_div_reg[8]_i_1_n_0
    SLICE_X89Y98         CARRY4 (Prop_carry4_CI_CO[3])
                                                      0.114     7.287 r  alive_div_reg[12]_i_1/CO[3]
                         net (fo=1, routed)           0.000     7.287    alive_div_reg[12]_i_1_n_0
    SLICE_X89Y99         CARRY4 (Prop_carry4_CI_O[1])
                                                      0.334     7.621 r  alive_div_reg[16]_i_1/O[1]
                         net (fo=1, routed)           0.000     7.621    alive_div_reg[16]_i_1_n_6
    SLICE_X89Y99         FDRE                                         r  alive_div_reg[17]/D
  -------------------------------------------------------------------    -------------------

                         (clock sys_clk_pin rise edge)
                                                     10.000    10.000 r  
                         propagated clock network latency
                                                      5.036    15.036    
                         clock pessimism              0.275    15.311    
                         clock uncertainty           -0.035    15.275    
    SLICE_X89Y99         FDRE (Setup_fdre_C_D)        0.062    15.337    alive_div_reg[17]
  -------------------------------------------------------------------
                         required time                         15.337    
                         arrival time                          -7.621    
  -------------------------------------------------------------------
                         slack                                  7.716    

Slack (MET) :             7.737ns  (required time - arrival time)
  Source:                 alive_div_reg[1]/C
                            (rising edge-triggered cell FDRE clocked by sys_clk_pin  {rise@0.000ns fall@5.000ns period=10.000ns})
  Destination:            alive_div_reg[19]/D
                            (rising edge-triggered cell FDRE clocked by sys_clk_pin  {rise@0.000ns fall@5.000ns period=10.000ns})
  Path Group:             sys_clk_pin
  Path Type:              Setup (Max at Slow Process Corner)
  Requirement:            10.000ns  (sys_clk_pin rise@10.000ns - sys_clk_pin rise@0.000ns)
  Data Path Delay:        2.265ns  (logic 1.785ns (78.791%)  route 0.480ns (21.209%))
  Logic Levels:           5  (CARRY4=5)
  Clock Path Skew:        -0.024ns (DCD - SCD + CPR)
    Destination Clock Delay (DCD):    5.036ns = ( 15.036 - 10.000 ) 
    Source Clock Delay      (SCD):    5.335ns
    Clock Pessimism Removal (CPR):    0.275ns
  Clock Uncertainty:      0.035ns  ((TSJ^2 + TIJ^2)^1/2 + DJ) / 2 + PE
    Total System Jitter     (TSJ):    0.071ns
    Total Input Jitter      (TIJ):    0.000ns
    Discrete Jitter          (DJ):    0.000ns
    Phase Error              (PE):    0.000ns

    Location             Delay type                Incr(ns)  Path(ns)    Netlist Resource(s)
  -------------------------------------------------------------------    -------------------
                         (clock sys_clk_pin rise edge)
                                                      0.000     0.000 r  
                         propagated clock network latency
                                                      5.335     5.335    
    SLICE_X89Y95         FDRE                         0.000     5.335 r  alive_div_reg[1]/C
    SLICE_X89Y95         FDRE (Prop_fdre_C_Q)         0.456     5.791 r  alive_div_reg[1]/Q
                         net (fo=1, routed)           0.480     6.271    alive_div_reg_n_0_[1]
    SLICE_X89Y95         CARRY4 (Prop_carry4_S[1]_CO[3])
                                                      0.674     6.945 r  alive_div_reg[0]_i_1/CO[3]
                         net (fo=1, routed)           0.000     6.945    alive_div_reg[0]_i_1_n_0
    SLICE_X89Y96         CARRY4 (Prop_carry4_CI_CO[3])
                                                      0.114     7.059 r  alive_div_reg[4]_i_1/CO[3]
                         net (fo=1, routed)           0.000     7.059    alive_div_reg[4]_i_1_n_0
    SLICE_X89Y97         CARRY4 (Prop_carry4_CI_CO[3])
                                                      0.114     7.173 r  alive_div_reg[8]_i_1/CO[3]
                         net (fo=1, routed)           0.000     7.173    alive_div_reg[8]_i_1_n_0
    SLICE_X89Y98         CARRY4 (Prop_carry4_CI_CO[3])
                                                      0.114     7.287 r  alive_div_reg[12]_i_1/CO[3]
                         net (fo=1, routed)           0.000     7.287    alive_div_reg[12]_i_1_n_0
    SLICE_X89Y99         CARRY4 (Prop_carry4_CI_O[3])
                                                      0.313     7.600 r  alive_div_reg[16]_i_1/O[3]
                         net (fo=1, routed)           0.000     7.600    alive_div_reg[16]_i_1_n_4
    SLICE_X89Y99         FDRE                                         r  alive_div_reg[19]/D
  -------------------------------------------------------------------    -------------------

                         (clock sys_clk_pin rise edge)
                                                     10.000    10.000 r  
                         propagated clock network latency
                                                      5.036    15.036    
                         clock pessimism              0.275    15.311    
                         clock uncertainty           -0.035    15.275    
    SLICE_X89Y99         FDRE (Setup_fdre_C_D)        0.062    15.337    alive_div_reg[19]
  -------------------------------------------------------------------
                         required time                         15.337    
                         arrival time                          -7.600    
  -------------------------------------------------------------------
                         slack                                  7.737    

Slack (MET) :             7.811ns  (required time - arrival time)
  Source:                 alive_div_reg[1]/C
                            (rising edge-triggered cell FDRE clocked by sys_clk_pin  {rise@0.000ns fall@5.000ns period=10.000ns})
  Destination:            alive_div_reg[18]/D
                            (rising edge-triggered cell FDRE clocked by sys_clk_pin  {rise@0.000ns fall@5.000ns period=10.000ns})
  Path Group:             sys_clk_pin
  Path Type:              Setup (Max at Slow Process Corner)
  Requirement:            10.000ns  (sys_clk_pin rise@10.000ns - sys_clk_pin rise@0.000ns)
  Data Path Delay:        2.191ns  (logic 1.711ns (78.075%)  route 0.480ns (21.925%))
  Logic Levels:           5  (CARRY4=5)
  Clock Path Skew:        -0.024ns (DCD - SCD + CPR)
    Destination Clock Delay (DCD):    5.036ns = ( 15.036 - 10.000 ) 
    Source Clock Delay      (SCD):    5.335ns
    Clock Pessimism Removal (CPR):    0.275ns
  Clock Uncertainty:      0.035ns  ((TSJ^2 + TIJ^2)^1/2 + DJ) / 2 + PE
    Total System Jitter     (TSJ):    0.071ns
    Total Input Jitter      (TIJ):    0.000ns
    Discrete Jitter          (DJ):    0.000ns
    Phase Error              (PE):    0.000ns

    Location             Delay type                Incr(ns)  Path(ns)    Netlist Resource(s)
  -------------------------------------------------------------------    -------------------
                         (clock sys_clk_pin rise edge)
                                                      0.000     0.000 r  
                         propagated clock network latency
                                                      5.335     5.335    
    SLICE_X89Y95         FDRE                         0.000     5.335 r  alive_div_reg[1]/C
    SLICE_X89Y95         FDRE (Prop_fdre_C_Q)         0.456     5.791 r  alive_div_reg[1]/Q
                         net (fo=1, routed)           0.480     6.271    alive_div_reg_n_0_[1]
    SLICE_X89Y95         CARRY4 (Prop_carry4_S[1]_CO[3])
                                                      0.674     6.945 r  alive_div_reg[0]_i_1/CO[3]
                         net (fo=1, routed)           0.000     6.945    alive_div_reg[0]_i_1_n_0
    SLICE_X89Y96         CARRY4 (Prop_carry4_CI_CO[3])
                                                      0.114     7.059 r  alive_div_reg[4]_i_1/CO[3]
                         net (fo=1, routed)           0.000     7.059    alive_div_reg[4]_i_1_n_0
    SLICE_X89Y97         CARRY4 (Prop_carry4_CI_CO[3])
                                                      0.114     7.173 r  alive_div_reg[8]_i_1/CO[3]
                         net (fo=1, routed)           0.000     7.173    alive_div_reg[8]_i_1_n_0
    SLICE_X89Y98         CARRY4 (Prop_carry4_CI_CO[3])
                                                      0.114     7.287 r  alive_div_reg[12]_i_1/CO[3]
                         net (fo=1, routed)           0.000     7.287    alive_div_reg[12]_i_1_n_0
    SLICE_X89Y99         CARRY4 (Prop_carry4_CI_O[2])
                                                      0.239     7.526 r  alive_div_reg[16]_i_1/O[2]
                         net (fo=1, routed)           0.000     7.526    alive_div_reg[16]_i_1_n_5
    SLICE_X89Y99         FDRE                                         r  alive_div_reg[18]/D
  -------------------------------------------------------------------    -------------------

                         (clock sys_clk_pin rise edge)
                                                     10.000    10.000 r  
                         propagated clock network latency
                                                      5.036    15.036    
                         clock pessimism              0.275    15.311    
                         clock uncertainty           -0.035    15.275    
    SLICE_X89Y99         FDRE (Setup_fdre_C_D)        0.062    15.337    alive_div_reg[18]
  -------------------------------------------------------------------
                         required time                         15.337    
                         arrival time                          -7.526    
  -------------------------------------------------------------------
                         slack                                  7.811    

Slack (MET) :             7.827ns  (required time - arrival time)
  Source:                 alive_div_reg[1]/C
                            (rising edge-triggered cell FDRE clocked by sys_clk_pin  {rise@0.000ns fall@5.000ns period=10.000ns})
  Destination:            alive_div_reg[16]/D
                            (rising edge-triggered cell FDRE clocked by sys_clk_pin  {rise@0.000ns fall@5.000ns period=10.000ns})
  Path Group:             sys_clk_pin
  Path Type:              Setup (Max at Slow Process Corner)
  Requirement:            10.000ns  (sys_clk_pin rise@10.000ns - sys_clk_pin rise@0.000ns)
  Data Path Delay:        2.175ns  (logic 1.695ns (77.914%)  route 0.480ns (22.086%))
  Logic Levels:           5  (CARRY4=5)
  Clock Path Skew:        -0.024ns (DCD - SCD + CPR)
    Destination Clock Delay (DCD):    5.036ns = ( 15.036 - 10.000 ) 
    Source Clock Delay      (SCD):    5.335ns
    Clock Pessimism Removal (CPR):    0.275ns
  Clock Uncertainty:      0.035ns  ((TSJ^2 + TIJ^2)^1/2 + DJ) / 2 + PE
    Total System Jitter     (TSJ):    0.071ns
    Total Input Jitter      (TIJ):    0.000ns
    Discrete Jitter          (DJ):    0.000ns
    Phase Error              (PE):    0.000ns

    Location             Delay type                Incr(ns)  Path(ns)    Netlist Resource(s)
  -------------------------------------------------------------------    -------------------
                         (clock sys_clk_pin rise edge)
                                                      0.000     0.000 r  
                         propagated clock network latency
                                                      5.335     5.335    
    SLICE_X89Y95         FDRE                         0.000     5.335 r  alive_div_reg[1]/C
    SLICE_X89Y95         FDRE (Prop_fdre_C_Q)         0.456     5.791 r  alive_div_reg[1]/Q
                         net (fo=1, routed)           0.480     6.271    alive_div_reg_n_0_[1]
    SLICE_X89Y95         CARRY4 (Prop_carry4_S[1]_CO[3])
                                                      0.674     6.945 r  alive_div_reg[0]_i_1/CO[3]
                         net (fo=1, routed)           0.000     6.945    alive_div_reg[0]_i_1_n_0
    SLICE_X89Y96         CARRY4 (Prop_carry4_CI_CO[3])
                                                      0.114     7.059 r  alive_div_reg[4]_i_1/CO[3]
                         net (fo=1, routed)           0.000     7.059    alive_div_reg[4]_i_1_n_0
    SLICE_X89Y97         CARRY4 (Prop_carry4_CI_CO[3])
                                                      0.114     7.173 r  alive_div_reg[8]_i_1/CO[3]
                         net (fo=1, routed)           0.000     7.173    alive_div_reg[8]_i_1_n_0
    SLICE_X89Y98         CARRY4 (Prop_carry4_CI_CO[3])
                                                      0.114     7.287 r  alive_div_reg[12]_i_1/CO[3]
                         net (fo=1, routed)           0.000     7.287    alive_div_reg[12]_i_1_n_0
    SLICE_X89Y99         CARRY4 (Prop_carry4_CI_O[0])
                                                      0.223     7.510 r  alive_div_reg[16]_i_1/O[0]
                         net (fo=1, routed)           0.000     7.510    alive_div_reg[16]_i_1_n_7
    SLICE_X89Y99         FDRE                                         r  alive_div_reg[16]/D
  -------------------------------------------------------------------    -------------------

                         (clock sys_clk_pin rise edge)
                                                     10.000    10.000 r  
                         propagated clock network latency
                                                      5.036    15.036    
                         clock pessimism              0.275    15.311    
                         clock uncertainty           -0.035    15.275    
    SLICE_X89Y99         FDRE (Setup_fdre_C_D)        0.062    15.337    alive_div_reg[16]
  -------------------------------------------------------------------
                         required time                         15.337    
                         arrival time                          -7.510    
  -------------------------------------------------------------------
                         slack                                  7.827    




