Copyright 1986-2021 Xilinx, Inc. All Rights Reserved.
--------------------------------------------------------------------------------------------------------------
| Tool Version : Vivado v.2021.1 (win64) Build 3247384 Thu Jun 10 19:36:33 MDT 2021
| Date         : Mon Apr 20 08:02:49 2026
| Host         : DESKTOP-IO47298 running 64-bit major release  (build 9200)
| Command      : report_timing_summary -file C:/project/FPGA/artifacts/fpga_top_arty_a7_uart_fixed_timing.rpt
| Design       : fpga_top_arty_a7_uart
| Device       : 7a100t-csg324
| Speed File   : -1  PRODUCTION 1.23 2018-06-13
--------------------------------------------------------------------------------------------------------------

Timing Summary Report

------------------------------------------------------------------------------------------------
| Timer Settings
| --------------
------------------------------------------------------------------------------------------------

  Enable Multi Corner Analysis               :  Yes
  Enable Pessimism Removal                   :  Yes
  Pessimism Removal Resolution               :  Nearest Common Node
  Enable Input Delay Default Clock           :  No
  Enable Preset / Clear Arcs                 :  No
  Disable Flight Delays                      :  No
  Ignore I/O Paths                           :  No
  Timing Early Launch at Borrowing Latches   :  No
  Borrow Time for Max Delay Exceptions       :  Yes
  Merge Timing Exceptions                    :  Yes

  Corner  Analyze    Analyze    
  Name    Max Paths  Min Paths  
  ------  ---------  ---------  
  Slow    Yes        Yes        
  Fast    Yes        Yes        


------------------------------------------------------------------------------------------------
| Report Methodology
| ------------------
------------------------------------------------------------------------------------------------

No report available as report_methodology has not been run prior. Run report_methodology on the current design for the summary of methodology violations.



check_timing report

Table of Contents
-----------------
1. checking no_clock (0)
2. checking constant_clock (0)
3. checking pulse_width_clock (0)
4. checking unconstrained_internal_endpoints (0)
5. checking no_input_delay (2)
6. checking no_output_delay (5)
7. checking multiple_clock (0)
8. checking generated_clocks (0)
9. checking loops (0)
10. checking partial_input_delay (0)
11. checking partial_output_delay (0)
12. checking latch_loops (0)

1. checking no_clock (0)
------------------------
 There are 0 register/latch pins with no clock.


2. checking constant_clock (0)
------------------------------
 There are 0 register/latch pins with constant_clock.


3. checking pulse_width_clock (0)
---------------------------------
 There are 0 register/latch pins which need pulse_width check


4. checking unconstrained_internal_endpoints (0)
------------------------------------------------
 There are 0 pins that are not constrained for maximum delay.

 There are 0 pins that are not constrained for maximum delay due to constant clock.


5. checking no_input_delay (2)
------------------------------
 There are 2 input ports with no input delay specified. (HIGH)

 There are 0 input ports with no input delay but user has a false path constraint.


6. checking no_output_delay (5)
-------------------------------
 There are 5 ports with no output delay specified. (HIGH)

 There are 0 ports with no output delay but user has a false path constraint

 There are 0 ports with no output delay but with a timing clock defined on it or propagating through it


7. checking multiple_clock (0)
------------------------------
 There are 0 register/latch pins with multiple clocks.


8. checking generated_clocks (0)
--------------------------------
 There are 0 generated clocks that are not connected to a clock source.


9. checking loops (0)
---------------------
 There are 0 combinational loops in the design.


10. checking partial_input_delay (0)
------------------------------------
 There are 0 input ports with partial input delay specified.


11. checking partial_output_delay (0)
-------------------------------------
 There are 0 ports with partial output delay specified.


12. checking latch_loops (0)
----------------------------
 There are 0 combinational latch loops in the design through latch input



------------------------------------------------------------------------------------------------
| Design Timing Summary
| ---------------------
------------------------------------------------------------------------------------------------

    WNS(ns)      TNS(ns)  TNS Failing Endpoints  TNS Total Endpoints      WHS(ns)      THS(ns)  THS Failing Endpoints  THS Total Endpoints     WPWS(ns)     TPWS(ns)  TPWS Failing Endpoints  TPWS Total Endpoints  
    -------      -------  ---------------------  -------------------      -------      -------  ---------------------  -------------------     --------     --------  ----------------------  --------------------  
      7.376        0.000                      0                58921        0.016        0.000                      0                58921        3.000        0.000                       0                 22180  


All user specified timing constraints are met.


------------------------------------------------------------------------------------------------
| Clock Summary
| -------------
------------------------------------------------------------------------------------------------

Clock            Waveform(ns)       Period(ns)      Frequency(MHz)
-----            ------------       ----------      --------------
core_clk         {0.000 20.000}     40.000          25.000          
sys_clk_pin      {0.000 5.000}      10.000          100.000         
  core_clk_mmcm  {0.000 20.000}     40.000          25.000          
  mmcm_clkfb     {0.000 5.000}      10.000          100.000         


------------------------------------------------------------------------------------------------
| Intra Clock Table
| -----------------
------------------------------------------------------------------------------------------------

Clock                WNS(ns)      TNS(ns)  TNS Failing Endpoints  TNS Total Endpoints      WHS(ns)      THS(ns)  THS Failing Endpoints  THS Total Endpoints     WPWS(ns)     TPWS(ns)  TPWS Failing Endpoints  TPWS Total Endpoints  
-----                -------      -------  ---------------------  -------------------      -------      -------  ---------------------  -------------------     --------     --------  ----------------------  --------------------  
core_clk              11.789        0.000                      0                58895        0.016        0.000                      0                58895       19.500        0.000                       0                 22148  
sys_clk_pin            7.376        0.000                      0                   26        0.093        0.000                      0                   26        3.000        0.000                       0                    28  
  core_clk_mmcm                                                                                                                                                   37.845        0.000                       0                     2  
  mmcm_clkfb                                                                                                                                                       8.751        0.000                       0                     2  


------------------------------------------------------------------------------------------------
| Inter Clock Table
| -----------------
------------------------------------------------------------------------------------------------

From Clock    To Clock          WNS(ns)      TNS(ns)  TNS Failing Endpoints  TNS Total Endpoints      WHS(ns)      THS(ns)  THS Failing Endpoints  THS Total Endpoints  
----------    --------          -------      -------  ---------------------  -------------------      -------      -------  ---------------------  -------------------  


------------------------------------------------------------------------------------------------
| Other Path Groups Table
| -----------------------
------------------------------------------------------------------------------------------------

Path Group    From Clock    To Clock          WNS(ns)      TNS(ns)  TNS Failing Endpoints  TNS Total Endpoints      WHS(ns)      THS(ns)  THS Failing Endpoints  THS Total Endpoints  
----------    ----------    --------          -------      -------  ---------------------  -------------------      -------      -------  ---------------------  -------------------  


------------------------------------------------------------------------------------------------
| Timing Details
| --------------
------------------------------------------------------------------------------------------------


---------------------------------------------------------------------------------------------------
From Clock:  core_clk
  To Clock:  core_clk

Setup :            0  Failing Endpoints,  Worst Slack       11.789ns,  Total Violation        0.000ns
Hold  :            0  Failing Endpoints,  Worst Slack        0.016ns,  Total Violation        0.000ns
PW    :            0  Failing Endpoints,  Worst Slack       19.500ns,  Total Violation        0.000ns
---------------------------------------------------------------------------------------------------


Max Delay Paths
--------------------------------------------------------------------------------------
Slack (MET) :             11.789ns  (required time - arrival time)
  Source:                 core_reset_reg_reg/C
                            (rising edge-triggered cell FDRE clocked by core_clk  {rise@0.000ns fall@20.000ns period=40.000ns})
  Destination:            u_core/u_aad_ct_in/ct_data_r_reg[485]/R
                            (rising edge-triggered cell FDRE clocked by core_clk  {rise@0.000ns fall@20.000ns period=40.000ns})
  Path Group:             core_clk
  Path Type:              Setup (Max at Slow Process Corner)
  Requirement:            40.000ns  (core_clk rise@40.000ns - core_clk rise@0.000ns)
  Data Path Delay:        27.371ns  (logic 0.704ns (2.572%)  route 26.667ns (97.428%))
  Logic Levels:           2  (LUT2=1 LUT3=1)
  Clock Path Skew:        -0.321ns (DCD - SCD + CPR)
    Destination Clock Delay (DCD):    1.488ns = ( 41.488 - 40.000 ) 
    Source Clock Delay      (SCD):    1.808ns
    Clock Pessimism Removal (CPR):    0.000ns
  Clock Uncertainty:      0.091ns  ((TSJ^2 + DJ^2)^1/2) / 2 + PE
    Total System Jitter     (TSJ):    0.071ns
    Discrete Jitter          (DJ):    0.168ns
    Phase Error              (PE):    0.000ns

    Location             Delay type                Incr(ns)  Path(ns)    Netlist Resource(s)
  -------------------------------------------------------------------    -------------------
                         (clock core_clk rise edge)
                                                      0.000     0.000 r  
    BUFGCTRL_X0Y0        BUFG                         0.000     0.000 r  u_core_clk_buf/O
                         net (fo=22148, routed)       1.808     1.808    core_clk
    SLICE_X29Y36         FDRE                                         r  core_reset_reg_reg/C
  -------------------------------------------------------------------    -------------------
    SLICE_X29Y36         FDRE (Prop_fdre_C_Q)         0.456     2.264 r  core_reset_reg_reg/Q
                         net (fo=2, routed)           0.551     2.816    u_core/u_tag_ctr/g0/g3/data_out_reg[0]_1
    SLICE_X29Y36         LUT3 (Prop_lut3_I2_O)        0.124     2.940 r  u_core/u_tag_ctr/g0/g3/start_nxt0_i_1/O
                         net (fo=10032, routed)      12.947    15.887    u_core/u_aad_ct_in/core_rst
    SLICE_X32Y82         LUT2 (Prop_lut2_I0_O)        0.124    16.011 r  u_core/u_aad_ct_in/aad_data_r[1023]_i_1/O
                         net (fo=4272, routed)       13.168    29.179    u_core/u_aad_ct_in/clear_collectors_reg
    SLICE_X64Y130        FDRE                                         r  u_core/u_aad_ct_in/ct_data_r_reg[485]/R
  -------------------------------------------------------------------    -------------------

                         (clock core_clk rise edge)
                                                     40.000    40.000 r  
    BUFGCTRL_X0Y0        BUFG                         0.000    40.000 r  u_core_clk_buf/O
                         net (fo=22148, routed)       1.488    41.488    u_core/u_aad_ct_in/core_clk
    SLICE_X64Y130        FDRE                                         r  u_core/u_aad_ct_in/ct_data_r_reg[485]/C
                         clock pessimism              0.000    41.488    
                         clock uncertainty           -0.091    41.397    
    SLICE_X64Y130        FDRE (Setup_fdre_C_R)       -0.429    40.968    u_core/u_aad_ct_in/ct_data_r_reg[485]
  -------------------------------------------------------------------
                         required time                         40.968    
                         arrival time                         -29.179    
  -------------------------------------------------------------------
                         slack                                 11.789    





Min Delay Paths
--------------------------------------------------------------------------------------
Slack (MET) :             0.016ns  (arrival time - required time)
  Source:                 u_core/u_hcalc/g4/din_lock_r_reg[11]/C
                            (rising edge-triggered cell FDRE clocked by core_clk  {rise@0.000ns fall@20.000ns period=40.000ns})
  Destination:            u_core/u_hcalc/g4/data_out_reg[27]/D
                            (rising edge-triggered cell FDRE clocked by core_clk  {rise@0.000ns fall@20.000ns period=40.000ns})
  Path Group:             core_clk
  Path Type:              Hold (Min at Fast Process Corner)
  Requirement:            0.000ns  (core_clk rise@0.000ns - core_clk rise@0.000ns)
  Data Path Delay:        0.350ns  (logic 0.186ns (53.152%)  route 0.164ns (46.848%))
  Logic Levels:           1  (LUT6=1)
  Clock Path Skew:        0.213ns (DCD - SCD - CPR)
    Destination Clock Delay (DCD):    0.873ns
    Source Clock Delay      (SCD):    0.654ns
    Clock Pessimism Removal (CPR):    0.005ns

    Location             Delay type                Incr(ns)  Path(ns)    Netlist Resource(s)
  -------------------------------------------------------------------    -------------------
                         (clock core_clk rise edge)
                                                      0.000     0.000 r  
    BUFGCTRL_X0Y0        BUFG                         0.000     0.000 r  u_core_clk_buf/O
                         net (fo=22148, routed)       0.654     0.654    u_core/u_hcalc/g4/core_clk
    SLICE_X81Y48         FDRE                                         r  u_core/u_hcalc/g4/din_lock_r_reg[11]/C
  -------------------------------------------------------------------    -------------------
    SLICE_X81Y48         FDRE (Prop_fdre_C_Q)         0.141     0.795 r  u_core/u_hcalc/g4/din_lock_r_reg[11]/Q
                         net (fo=5, routed)           0.164     0.959    u_core/u_hcalc/g4/din_lock_r[11]
    SLICE_X80Y50         LUT6 (Prop_lut6_I2_O)        0.045     1.004 r  u_core/u_hcalc/g4/data_out[27]_i_1/O
                         net (fo=1, routed)           0.000     1.004    u_core/u_hcalc/g4/mcol[27]
    SLICE_X80Y50         FDRE                                         r  u_core/u_hcalc/g4/data_out_reg[27]/D
  -------------------------------------------------------------------    -------------------

                         (clock core_clk rise edge)
                                                      0.000     0.000 r  
    BUFGCTRL_X0Y0        BUFG                         0.000     0.000 r  u_core_clk_buf/O
                         net (fo=22148, routed)       0.873     0.873    u_core/u_hcalc/g4/core_clk
    SLICE_X80Y50         FDRE                                         r  u_core/u_hcalc/g4/data_out_reg[27]/C
                         clock pessimism             -0.005     0.868    
    SLICE_X80Y50         FDRE (Hold_fdre_C_D)         0.121     0.989    u_core/u_hcalc/g4/data_out_reg[27]
  -------------------------------------------------------------------
                         required time                         -0.989    
                         arrival time                           1.004    
  -------------------------------------------------------------------
                         slack                                  0.016    





Pulse Width Checks
--------------------------------------------------------------------------------------
Clock Name:         core_clk
Waveform(ns):       { 0.000 20.000 }
Period(ns):         40.000
Sources:            { u_core_clk_buf/O }

Check Type        Corner  Lib Pin             Reference Pin  Required(ns)  Actual(ns)  Slack(ns)  Location      Pin
Min Period        n/a     RAMB18E1/CLKARDCLK  n/a            2.576         40.000      37.424     RAMB18_X0Y36  u_core/u_data_ctr/g0/i_/CLKARDCLK
Low Pulse Width   Slow    FDRE/C              n/a            0.500         20.000      19.500     SLICE_X20Y35  aad_cfg_reg[0]/C
High Pulse Width  Slow    FDRE/C              n/a            0.500         20.000      19.500     SLICE_X20Y35  aad_cfg_reg[0]/C



---------------------------------------------------------------------------------------------------
From Clock:  sys_clk_pin
  To Clock:  sys_clk_pin

Setup :            0  Failing Endpoints,  Worst Slack        7.376ns,  Total Violation        0.000ns
Hold  :            0  Failing Endpoints,  Worst Slack        0.093ns,  Total Violation        0.000ns
PW    :            0  Failing Endpoints,  Worst Slack        3.000ns,  Total Violation        0.000ns
---------------------------------------------------------------------------------------------------


Max Delay Paths
--------------------------------------------------------------------------------------
Slack (MET) :             7.376ns  (required time - arrival time)
  Source:                 alive_div_reg[1]/C
                            (rising edge-triggered cell FDRE clocked by sys_clk_pin  {rise@0.000ns fall@5.000ns period=10.000ns})
  Destination:            alive_div_reg[25]/D
                            (rising edge-triggered cell FDRE clocked by sys_clk_pin  {rise@0.000ns fall@5.000ns period=10.000ns})
  Path Group:             sys_clk_pin
  Path Type:              Setup (Max at Slow Process Corner)
  Requirement:            10.000ns  (sys_clk_pin rise@10.000ns - sys_clk_pin rise@0.000ns)
  Data Path Delay:        2.515ns  (logic 2.034ns (80.869%)  route 0.481ns (19.131%))
  Logic Levels:           7  (CARRY4=7)
  Clock Path Skew:        -0.136ns (DCD - SCD + CPR)
    Destination Clock Delay (DCD):    5.019ns = ( 15.019 - 10.000 ) 
    Source Clock Delay      (SCD):    5.335ns
    Clock Pessimism Removal (CPR):    0.180ns
  Clock Uncertainty:      0.035ns  ((TSJ^2 + TIJ^2)^1/2 + DJ) / 2 + PE
    Total System Jitter     (TSJ):    0.071ns
    Total Input Jitter      (TIJ):    0.000ns
    Discrete Jitter          (DJ):    0.000ns
    Phase Error              (PE):    0.000ns

    Location             Delay type                Incr(ns)  Path(ns)    Netlist Resource(s)
  -------------------------------------------------------------------    -------------------
                         (clock sys_clk_pin rise edge)
                                                      0.000     0.000 r  
    E3                                                0.000     0.000 r  clk (IN)
                         net (fo=0)                   0.000     0.000    clk
    E3                   IBUF (Prop_ibuf_I_O)         1.482     1.482 r  clk_IBUF_inst/O
                         net (fo=1, routed)           2.025     3.506    clk_IBUF
    BUFGCTRL_X0Y16       BUFG (Prop_bufg_I_O)         0.096     3.602 r  clk_IBUF_BUFG_inst/O
                         net (fo=27, routed)          1.732     5.335    clk_IBUF_BUFG
    SLICE_X89Y95         FDRE                                         r  alive_div_reg[1]/C
  -------------------------------------------------------------------    -------------------
    SLICE_X89Y95         FDRE (Prop_fdre_C_Q)         0.456     5.791 r  alive_div_reg[1]/Q
                         net (fo=1, routed)           0.480     6.271    alive_div_reg_n_0_[1]
    SLICE_X89Y95         CARRY4 (Prop_carry4_S[1]_CO[3])
                                                      0.674     6.945 r  alive_div_reg[0]_i_1/CO[3]
                         net (fo=1, routed)           0.000     6.945    alive_div_reg[0]_i_1_n_0
    SLICE_X89Y96         CARRY4 (Prop_carry4_CI_CO[3])
                                                      0.114     7.059 r  alive_div_reg[4]_i_1/CO[3]
                         net (fo=1, routed)           0.000     7.059    alive_div_reg[4]_i_1_n_0
    SLICE_X89Y97         CARRY4 (Prop_carry4_CI_CO[3])
                                                      0.114     7.173 r  alive_div_reg[8]_i_1/CO[3]
                         net (fo=1, routed)           0.000     7.173    alive_div_reg[8]_i_1_n_0
    SLICE_X89Y98         CARRY4 (Prop_carry4_CI_CO[3])
                                                      0.114     7.287 r  alive_div_reg[12]_i_1/CO[3]
                         net (fo=1, routed)           0.000     7.287    alive_div_reg[12]_i_1_n_0
    SLICE_X89Y99         CARRY4 (Prop_carry4_CI_CO[3])
                                                      0.114     7.401 r  alive_div_reg[16]_i_1/CO[3]
                         net (fo=1, routed)           0.001     7.402    alive_div_reg[16]_i_1_n_0
    SLICE_X89Y100        CARRY4 (Prop_carry4_CI_CO[3])
                                                      0.114     7.516 r  alive_div_reg[20]_i_1/CO[3]
                         net (fo=1, routed)           0.000     7.516    alive_div_reg[20]_i_1_n_0
    SLICE_X89Y101        CARRY4 (Prop_carry4_CI_O[1])
                                                      0.334     7.850 r  alive_div_reg[24]_i_1/O[1]
                         net (fo=1, routed)           0.000     7.850    alive_div_reg[24]_i_1_n_6
    SLICE_X89Y101        FDRE                                         r  alive_div_reg[25]/D
  -------------------------------------------------------------------    -------------------

                         (clock sys_clk_pin rise edge)
                                                     10.000    10.000 r  
    E3                                                0.000    10.000 r  clk (IN)
                         net (fo=0)                   0.000    10.000    clk
    E3                   IBUF (Prop_ibuf_I_O)         1.411    11.411 r  clk_IBUF_inst/O
                         net (fo=1, routed)           1.920    13.331    clk_IBUF
    BUFGCTRL_X0Y16       BUFG (Prop_bufg_I_O)         0.091    13.422 r  clk_IBUF_BUFG_inst/O
                         net (fo=27, routed)          1.597    15.019    clk_IBUF_BUFG
    SLICE_X89Y101        FDRE                                         r  alive_div_reg[25]/C
                         clock pessimism              0.180    15.199    
                         clock uncertainty           -0.035    15.164    
    SLICE_X89Y101        FDRE (Setup_fdre_C_D)        0.062    15.226    alive_div_reg[25]
  -------------------------------------------------------------------
                         required time                         15.226    
                         arrival time                          -7.850    
  -------------------------------------------------------------------
                         slack                                  7.376    





Min Delay Paths
--------------------------------------------------------------------------------------
Slack (MET) :             0.093ns  (arrival time - required time)
  Source:                 alive_div_reg[19]/C
                            (rising edge-triggered cell FDRE clocked by sys_clk_pin  {rise@0.000ns fall@5.000ns period=10.000ns})
  Destination:            alive_div_reg[20]/D
                            (rising edge-triggered cell FDRE clocked by sys_clk_pin  {rise@0.000ns fall@5.000ns period=10.000ns})
  Path Group:             sys_clk_pin
  Path Type:              Hold (Min at Fast Process Corner)
  Requirement:            0.000ns  (sys_clk_pin rise@0.000ns - sys_clk_pin rise@0.000ns)
  Data Path Delay:        0.464ns  (logic 0.355ns (76.531%)  route 0.109ns (23.469%))
  Logic Levels:           2  (CARRY4=2)
  Clock Path Skew:        0.266ns (DCD - SCD - CPR)
    Destination Clock Delay (DCD):    2.039ns
    Source Clock Delay      (SCD):    1.527ns
    Clock Pessimism Removal (CPR):    0.245ns

    Location             Delay type                Incr(ns)  Path(ns)    Netlist Resource(s)
  -------------------------------------------------------------------    -------------------
                         (clock sys_clk_pin rise edge)
                                                      0.000     0.000 r  
    E3                                                0.000     0.000 r  clk (IN)
                         net (fo=0)                   0.000     0.000    clk
    E3                   IBUF (Prop_ibuf_I_O)         0.250     0.250 r  clk_IBUF_inst/O
                         net (fo=1, routed)           0.644     0.894    clk_IBUF
    BUFGCTRL_X0Y16       BUFG (Prop_bufg_I_O)         0.026     0.920 r  clk_IBUF_BUFG_inst/O
                         net (fo=27, routed)          0.608     1.527    clk_IBUF_BUFG
    SLICE_X89Y99         FDRE                                         r  alive_div_reg[19]/C
  -------------------------------------------------------------------    -------------------
    SLICE_X89Y99         FDRE (Prop_fdre_C_Q)         0.141     1.668 r  alive_div_reg[19]/Q
                         net (fo=1, routed)           0.108     1.777    alive_div_reg_n_0_[19]
    SLICE_X89Y99         CARRY4 (Prop_carry4_S[3]_CO[3])
                                                      0.160     1.937 r  alive_div_reg[16]_i_1/CO[3]
                         net (fo=1, routed)           0.001     1.937    alive_div_reg[16]_i_1_n_0
    SLICE_X89Y100        CARRY4 (Prop_carry4_CI_O[0])
                                                      0.054     1.991 r  alive_div_reg[20]_i_1/O[0]
                         net (fo=1, routed)           0.000     1.991    alive_div_reg[20]_i_1_n_7
    SLICE_X89Y100        FDRE                                         r  alive_div_reg[20]/D
  -------------------------------------------------------------------    -------------------

                         (clock sys_clk_pin rise edge)
                                                      0.000     0.000 r  
    E3                                                0.000     0.000 r  clk (IN)
                         net (fo=0)                   0.000     0.000    clk
    E3                   IBUF (Prop_ibuf_I_O)         0.438     0.438 r  clk_IBUF_inst/O
                         net (fo=1, routed)           0.699     1.136    clk_IBUF
    BUFGCTRL_X0Y16       BUFG (Prop_bufg_I_O)         0.029     1.165 r  clk_IBUF_BUFG_inst/O
                         net (fo=27, routed)          0.873     2.039    clk_IBUF_BUFG
    SLICE_X89Y100        FDRE                                         r  alive_div_reg[20]/C
                         clock pessimism             -0.245     1.793    
    SLICE_X89Y100        FDRE (Hold_fdre_C_D)         0.105     1.898    alive_div_reg[20]
  -------------------------------------------------------------------
                         required time                         -1.898    
                         arrival time                           1.991    
  -------------------------------------------------------------------
                         slack                                  0.093    





Pulse Width Checks
--------------------------------------------------------------------------------------
Clock Name:         sys_clk_pin
Waveform(ns):       { 0.000 5.000 }
Period(ns):         10.000
Sources:            { clk }

Check Type        Corner  Lib Pin            Reference Pin  Required(ns)  Actual(ns)  Slack(ns)  Location         Pin
Min Period        n/a     BUFG/I             n/a            2.155         10.000      7.845      BUFGCTRL_X0Y16   clk_IBUF_BUFG_inst/I
Max Period        n/a     MMCME2_ADV/CLKIN1  n/a            100.000       10.000      90.000     MMCME2_ADV_X0Y0  u_mmcm/CLKIN1
Low Pulse Width   Slow    MMCME2_ADV/CLKIN1  n/a            2.000         5.000       3.000      MMCME2_ADV_X0Y0  u_mmcm/CLKIN1
High Pulse Width  Slow    MMCME2_ADV/CLKIN1  n/a            2.000         5.000       3.000      MMCME2_ADV_X0Y0  u_mmcm/CLKIN1



---------------------------------------------------------------------------------------------------
From Clock:  core_clk_mmcm
  To Clock:  core_clk_mmcm

Setup :           NA  Failing Endpoints,  Worst Slack           NA  ,  Total Violation           NA
Hold  :           NA  Failing Endpoints,  Worst Slack           NA  ,  Total Violation           NA
PW    :            0  Failing Endpoints,  Worst Slack       37.845ns,  Total Violation        0.000ns
---------------------------------------------------------------------------------------------------


Pulse Width Checks
--------------------------------------------------------------------------------------
Clock Name:         core_clk_mmcm
Waveform(ns):       { 0.000 20.000 }
Period(ns):         40.000
Sources:            { u_mmcm/CLKOUT0 }

Check Type  Corner  Lib Pin             Reference Pin  Required(ns)  Actual(ns)  Slack(ns)  Location         Pin
Min Period  n/a     BUFG/I              n/a            2.155         40.000      37.845     BUFGCTRL_X0Y0    u_core_clk_buf/I
Max Period  n/a     MMCME2_ADV/CLKOUT0  n/a            213.360       40.000      173.360    MMCME2_ADV_X0Y0  u_mmcm/CLKOUT0



---------------------------------------------------------------------------------------------------
From Clock:  mmcm_clkfb
  To Clock:  mmcm_clkfb

Setup :           NA  Failing Endpoints,  Worst Slack           NA  ,  Total Violation           NA
Hold  :           NA  Failing Endpoints,  Worst Slack           NA  ,  Total Violation           NA
PW    :            0  Failing Endpoints,  Worst Slack        8.751ns,  Total Violation        0.000ns
---------------------------------------------------------------------------------------------------


Pulse Width Checks
--------------------------------------------------------------------------------------
Clock Name:         mmcm_clkfb
Waveform(ns):       { 0.000 5.000 }
Period(ns):         10.000
Sources:            { u_mmcm/CLKFBOUT }

Check Type  Corner  Lib Pin              Reference Pin  Required(ns)  Actual(ns)  Slack(ns)  Location         Pin
Min Period  n/a     MMCME2_ADV/CLKFBOUT  n/a            1.249         10.000      8.751      MMCME2_ADV_X0Y0  u_mmcm/CLKFBOUT
Max Period  n/a     MMCME2_ADV/CLKFBIN   n/a            100.000       10.000      90.000     MMCME2_ADV_X0Y0  u_mmcm/CLKFBIN



